Component: Arm Compiler for Embedded 6.22 Tool: armlink [5ee90200]

==============================================================================

Section Cross References

    main.o(.text.main) refers to usart.o(.text.USART2_Init) for USART2_Init
    main.o(.text.main) refers to usart.o(.text.USART3_Init) for USART3_Init
    main.o(.text.main) refers to util.o(.text.IWDG_Init) for IWDG_Init
    main.o(.text.main) refers to esp.o(.text.ESP_Init_Station_Client) for ESP_Init_Station_Client
    main.o(.text.main) refers to adc.o(.text.config_GPIO_ADC_Channnel) for config_GPIO_ADC_Channnel
    main.o(.text.main) refers to adc.o(.text.config_ADC1) for config_ADC1
    main.o(.text.main) refers to adc.o(.text.config_TIMER3) for config_TIMER3
    main.o(.text.main) refers to adc.o(.text.config_DMA2) for config_DMA2
    main.o(.text.main) refers to i2c.o(.text.I2C1_Init) for I2C1_Init
    main.o(.text.main) refers to i2c.o(.text.DS1621_Init) for DS1621_Init
    main.o(.text.main) refers to main.o(.bss.flag) for flag
    main.o(.text.main) refers to util.o(.text.IWDG_Refresh) for IWDG_Refresh
    main.o(.text.main) refers to usart.o(.text.SendTxt_usart3) for SendTxt_usart3
    main.o(.text.main) refers to util.o(.text.enter_sleep_mode) for enter_sleep_mode
    main.o(.text.main) refers to esp.o(.text.ESP_SendDataToServer) for ESP_SendDataToServer
    main.o(.ARM.exidx.text.main) refers to main.o(.text.main) for [Anonymous Symbol]
    i2c.o(.ARM.exidx.text.I2C1_Init) refers to i2c.o(.text.I2C1_Init) for [Anonymous Symbol]
    i2c.o(.ARM.exidx.text.I2C_Start) refers to i2c.o(.text.I2C_Start) for [Anonymous Symbol]
    i2c.o(.ARM.exidx.text.I2C_Address) refers to i2c.o(.text.I2C_Address) for [Anonymous Symbol]
    i2c.o(.ARM.exidx.text.I2C_Write) refers to i2c.o(.text.I2C_Write) for [Anonymous Symbol]
    i2c.o(.ARM.exidx.text.I2C_Read) refers to i2c.o(.text.I2C_Read) for [Anonymous Symbol]
    i2c.o(.ARM.exidx.text.I2C_Stop) refers to i2c.o(.text.I2C_Stop) for [Anonymous Symbol]
    i2c.o(.ARM.exidx.text.DS1621_Write) refers to i2c.o(.text.DS1621_Write) for [Anonymous Symbol]
    i2c.o(.ARM.exidx.text.DS1621_Command) refers to i2c.o(.text.DS1621_Command) for [Anonymous Symbol]
    i2c.o(.text.DS1621_Read) refers to i2c.o(.text.I2C_Read) for I2C_Read
    i2c.o(.ARM.exidx.text.DS1621_Read) refers to i2c.o(.text.DS1621_Read) for [Anonymous Symbol]
    i2c.o(.ARM.exidx.text.DS1621_Init) refers to i2c.o(.text.DS1621_Init) for [Anonymous Symbol]
    i2c.o(.text.DS1621_Read_Temp) refers to dflt_clz.o(x$fpl$dflt) for __aeabi_i2d
    i2c.o(.text.DS1621_Read_Temp) refers to dmul.o(x$fpl$dmul) for __aeabi_dmul
    i2c.o(.text.DS1621_Read_Temp) refers to d2f.o(x$fpl$d2f) for __aeabi_d2f
    i2c.o(.ARM.exidx.text.DS1621_Read_Temp) refers to i2c.o(.text.DS1621_Read_Temp) for [Anonymous Symbol]
    adc.o(.ARM.exidx.text.config_GPIO_ADC_Channnel) refers to adc.o(.text.config_GPIO_ADC_Channnel) for [Anonymous Symbol]
    adc.o(.ARM.exidx.text.config_TIMER3) refers to adc.o(.text.config_TIMER3) for [Anonymous Symbol]
    adc.o(.ARM.exidx.text.config_ADC1) refers to adc.o(.text.config_ADC1) for [Anonymous Symbol]
    adc.o(.text.config_DMA2) refers to main.o(.bss.ADC_Value) for ADC_Value
    adc.o(.ARM.exidx.text.config_DMA2) refers to adc.o(.text.config_DMA2) for [Anonymous Symbol]
    adc.o(.text.DMA2_Stream0_IRQHandler) refers to main.o(.bss.flag) for flag
    adc.o(.ARM.exidx.text.DMA2_Stream0_IRQHandler) refers to adc.o(.text.DMA2_Stream0_IRQHandler) for [Anonymous Symbol]
    esp.o(.text) refers (Special) to _printf_percent.o(.ARM.Collect$$_printf_percent$$00000000) for _printf_percent
    esp.o(.text) refers (Special) to _printf_s.o(.ARM.Collect$$_printf_percent$$00000014) for _printf_s
    esp.o(.text) refers (Special) to _printf_d.o(.ARM.Collect$$_printf_percent$$00000009) for _printf_d
    esp.o(.text) refers (Special) to _printf_f.o(.ARM.Collect$$_printf_percent$$00000003) for _printf_f
    esp.o(.text) refers (Special) to _printf_dec.o(.text) for _printf_int_dec
    esp.o(.text) refers (Special) to printf1.o(x$fpl$printf1) for _printf_fp_dec
    esp.o(.text) refers (Special) to _printf_str.o(.text) for _printf_str
    esp.o(.text.waitForResponse) refers (Special) to _printf_percent.o(.ARM.Collect$$_printf_percent$$00000000) for _printf_percent
    esp.o(.text.waitForResponse) refers (Special) to _printf_s.o(.ARM.Collect$$_printf_percent$$00000014) for _printf_s
    esp.o(.text.waitForResponse) refers (Special) to _printf_d.o(.ARM.Collect$$_printf_percent$$00000009) for _printf_d
    esp.o(.text.waitForResponse) refers (Special) to _printf_f.o(.ARM.Collect$$_printf_percent$$00000003) for _printf_f
    esp.o(.text.waitForResponse) refers (Special) to _printf_dec.o(.text) for _printf_int_dec
    esp.o(.text.waitForResponse) refers (Special) to printf1.o(x$fpl$printf1) for _printf_fp_dec
    esp.o(.text.waitForResponse) refers (Special) to _printf_str.o(.text) for _printf_str
[...]
    libinit2.o(.ARM.Collect$$libinit$$0000001A) refers to libinit2.o(.ARM.Collect$$libinit$$00000011) for .ARM.Collect$$libinit$$00000011
    libinit2.o(.ARM.Collect$$libinit$$00000028) refers to argv_veneer.o(.emb_text) for __ARM_argv_veneer
    libinit2.o(.ARM.Collect$$libinit$$00000029) refers to argv_veneer.o(.emb_text) for __ARM_argv_veneer
    rtexit.o(.ARM.Collect$$rtexit$$00000000) refers (Special) to rtexit2.o(.ARM.Collect$$rtexit$$00000004) for __rt_exit_exit
    rtexit.o(.ARM.Collect$$rtexit$$00000000) refers (Special) to rtexit2.o(.ARM.Collect$$rtexit$$00000003) for __rt_exit_ls
    rtexit.o(.ARM.Collect$$rtexit$$00000000) refers (Special) to rtexit2.o(.ARM.Collect$$rtexit$$00000002) for __rt_exit_prels_1
    rtexit.o(.ARM.exidx) refers (Special) to rtexit2.o(.ARM.Collect$$rtexit$$00000004) for __rt_exit_exit
    rtexit.o(.ARM.exidx) refers (Special) to rtexit2.o(.ARM.Collect$$rtexit$$00000003) for __rt_exit_ls
    rtexit.o(.ARM.exidx) refers (Special) to rtexit2.o(.ARM.Collect$$rtexit$$00000002) for __rt_exit_prels_1
    rtexit.o(.ARM.exidx) refers to rtexit.o(.ARM.Collect$$rtexit$$00000000) for .ARM.Collect$$rtexit$$00000000
    argv_veneer.o(.emb_text) refers to no_argv.o(.text) for __ARM_get_argv
    rtexit2.o(.ARM.Collect$$rtexit$$00000003) refers to libshutdown.o(.ARM.Collect$$libshutdown$$00000000) for __rt_lib_shutdown
    rtexit2.o(.ARM.Collect$$rtexit$$00000004) refers to sys_exit.o(.text) for _sys_exit
    rtexit2.o(.ARM.exidx) refers to rtexit2.o(.ARM.Collect$$rtexit$$00000001) for .ARM.Collect$$rtexit$$00000001
    rtexit2.o(.ARM.exidx) refers to rtexit2.o(.ARM.Collect$$rtexit$$00000003) for .ARM.Collect$$rtexit$$00000003
    rtexit2.o(.ARM.exidx) refers to rtexit2.o(.ARM.Collect$$rtexit$$00000004) for .ARM.Collect$$rtexit$$00000004
    _get_argv_nomalloc.o(.text) refers (Special) to hrguard.o(.text) for __heap_region$guard
    _get_argv_nomalloc.o(.text) refers to defsig_rtmem_outer.o(.text) for __rt_SIGRTMEM
    _get_argv_nomalloc.o(.text) refers to sys_command.o(.text) for _sys_command_string
    sys_command.o(.text) refers (Special) to use_no_semi.o(.text) for __I$use$semihosting
    sys_command.o(.text) refers (Special) to indicate_semi.o(.text) for __semihosting_library_function
    sys_exit.o(.text) refers (Special) to use_no_semi.o(.text) for __I$use$semihosting
    sys_exit.o(.text) refers (Special) to indicate_semi.o(.text) for __semihosting_library_function
    sys_command_hlt.o(.text) refers (Special) to use_no_semi.o(.text) for __I$use$semihosting
    sys_command_hlt.o(.text) refers (Special) to indicate_semi.o(.text) for __semihosting_library_function
    sys_exit_hlt.o(.text) refers (Special) to use_no_semi.o(.text) for __I$use$semihosting
    sys_exit_hlt.o(.text) refers (Special) to indicate_semi.o(.text) for __semihosting_library_function
    defsig_rtmem_outer.o(.text) refers to defsig_rtmem_inner.o(.text) for __rt_SIGRTMEM_inner
    defsig_rtmem_outer.o(.text) refers to defsig_exit.o(.text) for __sig_exit
    defsig_rtmem_formal.o(.text) refers to rt_raise.o(.text) for __rt_raise
    libshutdown.o(.ARM.Collect$$libshutdown$$00000000) refers (Special) to libshutdown2.o(.ARM.Collect$$libshutdown$$00000002) for __rt_lib_shutdown_cpp_1
    libshutdown.o(.ARM.Collect$$libshutdown$$00000000) refers (Special) to libshutdown2.o(.ARM.Collect$$libshutdown$$00000007) for __rt_lib_shutdown_fp_trap_1
    libshutdown.o(.ARM.Collect$$libshutdown$$00000000) refers (Special) to libshutdown2.o(.ARM.Collect$$libshutdown$$0000000F) for __rt_lib_shutdown_heap_1
    libshutdown.o(.ARM.Collect$$libshutdown$$00000000) refers (Special) to libshutdown2.o(.ARM.Collect$$libshutdown$$00000010) for __rt_lib_shutdown_return
    libshutdown.o(.ARM.Collect$$libshutdown$$00000000) refers (Special) to libshutdown2.o(.ARM.Collect$$libshutdown$$0000000A) for __rt_lib_shutdown_signal_1
    libshutdown.o(.ARM.Collect$$libshutdown$$00000000) refers (Special) to libshutdown2.o(.ARM.Collect$$libshutdown$$00000004) for __rt_lib_shutdown_stdio_1
    libshutdown.o(.ARM.Collect$$libshutdown$$00000000) refers (Special) to libshutdown2.o(.ARM.Collect$$libshutdown$$0000000C) for __rt_lib_shutdown_user_alloc_1
    rt_raise.o(.text) refers to __raise.o(.text) for __raise
    rt_raise.o(.text) refers to sys_exit.o(.text) for _sys_exit
    defsig_exit.o(.text) refers to sys_exit.o(.text) for _sys_exit
    defsig_rtmem_inner.o(.text) refers to defsig_general.o(.text) for __default_signal_display
    __raise.o(.text) refers to defsig.o(CL$$defsig) for __default_signal_handler
    defsig_general.o(.text) refers to sys_wrch.o(.text) for _ttywrch
    sys_wrch.o(.text) refers (Special) to use_no_semi.o(.text) for __I$use$semihosting
    sys_wrch.o(.text) refers (Special) to indicate_semi.o(.text) for __semihosting_library_function
    sys_wrch_hlt.o(.text) refers (Special) to use_no_semi.o(.text) for __I$use$semihosting
    sys_wrch_hlt.o(.text) refers (Special) to indicate_semi.o(.text) for __semihosting_library_function
    defsig.o(CL$$defsig) refers to defsig_rtmem_inner.o(.text) for __rt_SIGRTMEM_inner
    defsig_abrt_inner.o(.text) refers to defsig_general.o(.text) for __default_signal_display
    defsig_fpe_inner.o(.text) refers to defsig_general.o(.text) for __default_signal_display
    defsig_rtred_inner.o(.text) refers to defsig_general.o(.text) for __default_signal_display
    defsig_stak_inner.o(.text) refers to defsig_general.o(.text) for __default_signal_display
    defsig_pvfn_inner.o(.text) refers to defsig_general.o(.text) for __default_signal_display
    defsig_cppl_inner.o(.text) refers to defsig_general.o(.text) for __default_signal_display
    defsig_segv_inner.o(.text) refers to defsig_general.o(.text) for __default_signal_display
    defsig_other.o(.text) refers to defsig_general.o(.text) for __default_signal_display


==============================================================================

Removing Unused input sections from the image.

    Removing main.o(.text), (0 bytes).
    Removing main.o(.ARM.exidx.text.main), (8 bytes).
    Removing main.o(.ARM.use_no_argv), (4 bytes).
    Removing i2c.o(.text), (0 bytes).
    Removing i2c.o(.ARM.exidx.text.I2C1_Init), (8 bytes).
    Removing i2c.o(.text.I2C_Start), (24 bytes).
    Removing i2c.o(.ARM.exidx.text.I2C_Start), (8 bytes).
    Removing i2c.o(.text.I2C_Address), (22 bytes).
    Removing i2c.o(.ARM.exidx.text.I2C_Address), (8 bytes).
    Removing i2c.o(.text.I2C_Write), (18 bytes).
    Removing i2c.o(.ARM.exidx.text.I2C_Write), (8 bytes).
    Removing i2c.o(.text.I2C_Read), (158 bytes).
    Removing i2c.o(.ARM.exidx.text.I2C_Read), (8 bytes).
    Removing i2c.o(.text.I2C_Stop), (18 bytes).
    Removing i2c.o(.ARM.exidx.text.I2C_Stop), (8 bytes).
    Removing i2c.o(.text.DS1621_Write), (86 bytes).
    Removing i2c.o(.ARM.exidx.text.DS1621_Write), (8 bytes).
    Removing i2c.o(.text.DS1621_Command), (50 bytes).
    Removing i2c.o(.ARM.exidx.text.DS1621_Command), (8 bytes).
    Removing i2c.o(.text.DS1621_Read), (80 bytes).
    Removing i2c.o(.ARM.exidx.text.DS1621_Read), (8 bytes).
    Removing i2c.o(.ARM.exidx.text.DS1621_Init), (8 bytes).
    Removing i2c.o(.ARM.exidx.text.DS1621_Read_Temp), (8 bytes).
    Removing adc.o(.text), (0 bytes).
    Removing adc.o(.ARM.exidx.text.config_GPIO_ADC_Channnel), (8 bytes).
    Removing adc.o(.ARM.exidx.text.config_TIMER3), (8 bytes).
    Removing adc.o(.ARM.exidx.text.config_ADC1), (8 bytes).
    Removing adc.o(.ARM.exidx.text.config_DMA2), (8 bytes).
    Removing adc.o(.ARM.exidx.text.DMA2_Stream0_IRQHandler), (8 bytes).
    Removing esp.o(.text), (0 bytes).
    Removing esp.o(.text.waitForResponse), (52 bytes).
    Removing esp.o(.ARM.exidx.text.waitForResponse), (8 bytes).
    Removing esp.o(.text.ESP_SendCommand), (68 bytes).
    Removing esp.o(.ARM.exidx.text.ESP_SendCommand), (8 bytes).
    Removing esp.o(.ARM.exidx.text.ESP_Init_Station_Client), (8 bytes).
    Removing esp.o(.ARM.exidx.text.ESP_OpenTCPConnection), (8 bytes).
    Removing esp.o(.text.ESP_CloseTCPConnection), (86 bytes).
    Removing esp.o(.ARM.exidx.text.ESP_CloseTCPConnection), (8 bytes).
    Removing esp.o(.ARM.exidx.text.ESP_SendDataToServer), (8 bytes).
    Removing usart.o(.text), (0 bytes).
    Removing usart.o(.ARM.exidx.text.USART3_Init), (8 bytes).
    Removing usart.o(.text.SendChar_usart3), (18 bytes).
    Removing usart.o(.ARM.exidx.text.SendChar_usart3), (8 bytes).
    Removing usart.o(.ARM.exidx.text.SendTxt_usart3), (8 bytes).
    Removing usart.o(.ARM.exidx.text.USART2_Init), (8 bytes).
    Removing usart.o(.text.SendChar_usart2), (18 bytes).
    Removing usart.o(.ARM.exidx.text.SendChar_usart2), (8 bytes).
    Removing usart.o(.ARM.exidx.text.SendTxt_usart2), (8 bytes).
    Removing usart.o(.ARM.exidx.text.USART2_IRQHandler), (8 bytes).
    Removing util.o(.text), (0 bytes).
    Removing util.o(.ARM.exidx.text.ClearBuffer), (8 bytes).
    Removing util.o(.ARM.exidx.text.delay_ms), (8 bytes).
    Removing util.o(.ARM.exidx.text.IWDG_Init), (8 bytes).
    Removing util.o(.ARM.exidx.text.IWDG_Refresh), (8 bytes).
    Removing util.o(.ARM.exidx.text.enter_sleep_mode), (8 bytes).
    Removing system_stm32f4xx.o(.text), (0 bytes).
    Removing system_stm32f4xx.o(.ARM.exidx.text.SystemInit), (8 bytes).
    Removing system_stm32f4xx.o(.text.SystemCoreClockUpdate), (134 bytes).
    Removing system_stm32f4xx.o(.ARM.exidx.text.SystemCoreClockUpdate), (8 bytes).
    Removing system_stm32f4xx.o(.rodata.AHBPrescTable), (16 bytes).
    Removing system_stm32f4xx.o(.rodata.APBPrescTable), (8 bytes).

61 unused section(s) (total 1156 bytes) removed from the image.

==============================================================================

Image Symbol Table

    Local Symbols

    Symbol Name                              Value     Ov Type        Size  Object(Section)

    ../clib/angel/boardlib.s                 0x00000000   Number         0  boardinit1.o ABSOLUTE
    ../clib/angel/boardlib.s                 0x00000000   Number         0  boardinit2.o ABSOLUTE
    ../clib/angel/boardlib.s                 0x00000000   Number         0  boardinit3.o ABSOLUTE
    ../clib/angel/boardlib.s                 0x00000000   Number         0  boardshut.o ABSOLUTE
    ../clib/angel/handlers.s                 0x00000000   Number         0  __scatter_copy.o ABSOLUTE
    ../clib/angel/handlers.s                 0x00000000   Number         0  __scatter_zi.o ABSOLUTE
    ../clib/angel/kernel.s                   0x00000000   Number         0  __rtentry.o ABSOLUTE
    ../clib/angel/kernel.s                   0x00000000   Number         0  __rtentry2.o ABSOLUTE
    ../clib/angel/kernel.s                   0x00000000   Number         0  __rtentry4.o ABSOLUTE
    ../clib/angel/kernel.s                   0x00000000   Number         0  rtexit.o ABSOLUTE
    ../clib/angel/kernel.s                   0x00000000   Number         0  rtexit2.o ABSOLUTE
    ../clib/angel/rt.s                       0x00000000   Number         0  rt_locale.o ABSOLUTE
    ../clib/angel/rt.s                       0x00000000   Number         0  rt_locale_intlibspace.o ABSOLUTE
    ../clib/angel/rt.s                       0x00000000   Number         0  rt_raise.o ABSOLUTE
    ../clib/angel/scatter.s                  0x00000000   Number         0  __scatter.o ABSOLUTE
    ../clib/angel/startup.s                  0x00000000   Number         0  __main.o ABSOLUTE
    ../clib/angel/sys.s                      0x00000000   Number         0  libspace.o ABSOLUTE
    ../clib/angel/sys.s                      0x00000000   Number         0  sys_stackheap_outer.o ABSOLUTE
    ../clib/angel/sys.s                      0x00000000   Number         0  use_no_semi.o ABSOLUTE
    ../clib/angel/sys.s                      0x00000000   Number         0  indicate_semi.o ABSOLUTE
    ../clib/angel/sysapp.c                   0x00000000   Number         0  sys_command.o ABSOLUTE
    ../clib/angel/sysapp.c                   0x00000000   Number         0  sys_exit.o ABSOLUTE
    ../clib/angel/sysapp.c                   0x00000000   Number         0  sys_command_hlt.o ABSOLUTE
    ../clib/angel/sysapp.c                   0x00000000   Number         0  sys_exit_hlt.o ABSOLUTE
    ../clib/angel/sysapp.c                   0x00000000   Number         0  sys_wrch.o ABSOLUTE
    ../clib/angel/sysapp.c                   0x00000000   Number         0  sys_wrch_hlt.o ABSOLUTE
    ../clib/armsys.c                         0x00000000   Number         0  argv_veneer.o ABSOLUTE
    ../clib/armsys.c                         0x00000000   Number         0  argv_veneer.o ABSOLUTE
    ../clib/armsys.c                         0x00000000   Number         0  _get_argv_nomalloc.o ABSOLUTE
    ../clib/armsys.c                         0x00000000   Number         0  no_argv.o ABSOLUTE
    ../clib/bigflt.c                         0x00000000   Number         0  bigflt0.o ABSOLUTE
    ../clib/btod.s                           0x00000000   Number         0  btod.o ABSOLUTE
    ../clib/btod_accurate.c                  0x00000000   Number         0  btod_accurate.o ABSOLUTE
    ../clib/btod_accurate.c                  0x00000000   Number         0  btod_accurate_common.o ABSOLUTE
    ../clib/heapalloc.c                      0x00000000   Number         0  hrguard.o ABSOLUTE
    ../clib/heapaux.c                        0x00000000   Number         0  heapauxi.o ABSOLUTE
    ../clib/libinit.s                        0x00000000   Number         0  libinit.o ABSOLUTE
    ../clib/libinit.s                        0x00000000   Number         0  libinit2.o ABSOLUTE
    ../clib/libinit.s                        0x00000000   Number         0  libshutdown.o ABSOLUTE
    ../clib/libinit.s                        0x00000000   Number         0  libshutdown2.o ABSOLUTE
    ../clib/locale.s                         0x00000000   Number         0  lc_numeric_c.o ABSOLUTE
    ../clib/longlong.s                       0x00000000   Number         0  lludiv10.o ABSOLUTE
    ../clib/longlong.s                       0x00000000   Number         0  llushr.o ABSOLUTE
    ../clib/memcpset.s                       0x00000000   Number         0  rt_memcpy_v6.o ABSOLUTE
    ../clib/memcpset.s                       0x00000000   Number         0  rt_memclr.o ABSOLUTE
    ../clib/memcpset.s                       0x00000000   Number         0  rt_memcpy_w.o ABSOLUTE
    ../clib/memcpset.s                       0x00000000   Number         0  rt_memclr_w.o ABSOLUTE
    ../clib/memcpset.s                       0x00000000   Number         0  strcmpv7em.o ABSOLUTE
    ../clib/misc.s                           0x00000000   Number         0  printf_stubs.o ABSOLUTE
    ../clib/printf.c                         0x00000000   Number         0  __2sprintf.o ABSOLUTE
    ../clib/printf.c                         0x00000000   Number         0  noretval__2sprintf.o ABSOLUTE
    ../clib/printf.c                         0x00000000   Number         0  __printf.o ABSOLUTE
    ../clib/printf.c                         0x00000000   Number         0  _printf_str.o ABSOLUTE
    ../clib/printf.c                         0x00000000   Number         0  _printf_dec.o ABSOLUTE
    ../clib/printf.c                         0x00000000   Number         0  __printf_flags.o ABSOLUTE
    ../clib/printf.c                         0x00000000   Number         0  __printf_ss.o ABSOLUTE
    ../clib/printf.c                         0x00000000   Number         0  __printf_flags_ss.o ABSOLUTE
    ../clib/printf.c                         0x00000000   Number         0  __printf_wp.o ABSOLUTE
    ../clib/printf.c                         0x00000000   Number         0  __printf_flags_wp.o ABSOLUTE
    ../clib/printf.c                         0x00000000   Number         0  __printf_ss_wp.o ABSOLUTE
    ../clib/printf.c                         0x00000000   Number         0  __printf_flags_ss_wp.o ABSOLUTE
    ../clib/printf.c                         0x00000000   Number         0  _printf_intcommon.o ABSOLUTE
    ../clib/printf.c                         0x00000000   Number         0  _printf_fp_dec.o ABSOLUTE
    ../clib/printf.c                         0x00000000   Number         0  _printf_fp_dec_accurate.o ABSOLUTE
    ../clib/printf.c                         0x00000000   Number         0  _printf_char_common.o ABSOLUTE
    ../clib/printf.c                         0x00000000   Number         0  _sputc.o ABSOLUTE
    ../clib/printf.c                         0x00000000   Number         0  _printf_char.o ABSOLUTE
    ../clib/printf.c                         0x00000000   Number         0  _printf_fp_infnan.o ABSOLUTE
    ../clib/printf.c                         0x00000000   Number         0  __printf_nopercent.o ABSOLUTE
    ../clib/printf_percent.s                 0x00000000   Number         0  _printf_s.o ABSOLUTE
    ../clib/printf_percent.s                 0x00000000   Number         0  _printf_d.o ABSOLUTE
    ../clib/printf_percent.s                 0x00000000   Number         0  _printf_f.o ABSOLUTE
    ../clib/printf_percent.s                 0x00000000   Number         0  _printf_percent.o ABSOLUTE
    ../clib/printf_percent.s                 0x00000000   Number         0  _printf_percent_end.o ABSOLUTE
    ../clib/signal.c                         0x00000000   Number         0  defsig_rtmem_outer.o ABSOLUTE
    ../clib/signal.c                         0x00000000   Number         0  defsig_rtmem_formal.o ABSOLUTE
    ../clib/signal.c                         0x00000000   Number         0  defsig_exit.o ABSOLUTE
    ../clib/signal.c                         0x00000000   Number         0  defsig_rtmem_inner.o ABSOLUTE
    ../clib/signal.c                         0x00000000   Number         0  __raise.o ABSOLUTE
    ../clib/signal.c                         0x00000000   Number         0  defsig_general.o ABSOLUTE
    ../clib/signal.c                         0x00000000   Number         0  defsig_abrt_inner.o ABSOLUTE
    ../clib/signal.c                         0x00000000   Number         0  defsig_fpe_inner.o ABSOLUTE
    ../clib/signal.c                         0x00000000   Number         0  defsig_rtred_inner.o ABSOLUTE
    ../clib/signal.c                         0x00000000   Number         0  defsig_stak_inner.o ABSOLUTE
    ../clib/signal.c                         0x00000000   Number         0  defsig_pvfn_inner.o ABSOLUTE
    ../clib/signal.c                         0x00000000   Number         0  defsig_cppl_inner.o ABSOLUTE
    ../clib/signal.c                         0x00000000   Number         0  defsig_segv_inner.o ABSOLUTE
    ../clib/signal.c                         0x00000000   Number         0  defsig_other.o ABSOLUTE
    ../clib/signal.s                         0x00000000   Number         0  defsig.o ABSOLUTE
    ../clib/stdlib.c                         0x00000000   Number         0  exit.o ABSOLUTE
    ../clib/string.c                         0x00000000   Number         0  strchr.o ABSOLUTE
    ../clib/string.c                         0x00000000   Number         0  strstr.o ABSOLUTE
    ../clib/string.c                         0x00000000   Number         0  strlen.o ABSOLUTE
    ../fplib/d2f.s                           0x00000000   Number         0  d2f.o ABSOLUTE
    ../fplib/dflt.s                          0x00000000   Number         0  dflt_clz.o ABSOLUTE
    ../fplib/dmul.s                          0x00000000   Number         0  dmul.o ABSOLUTE
    ../fplib/dnaninf.s                       0x00000000   Number         0  dnaninf.o ABSOLUTE
    ../fplib/dretinf.s                       0x00000000   Number         0  dretinf.o ABSOLUTE
    ../fplib/f2d.s                           0x00000000   Number         0  f2d.o ABSOLUTE
    ../fplib/fnaninf.s                       0x00000000   Number         0  fnaninf.o ABSOLUTE
    ../fplib/fpinit.s                        0x00000000   Number         0  fpinit.o ABSOLUTE
    ../fplib/fretinf.s                       0x00000000   Number         0  fretinf.o ABSOLUTE
    ../fplib/istatus.s                       0x00000000   Number         0  istatus.o ABSOLUTE
    ../fplib/printf1.s                       0x00000000   Number         0  printf1.o ABSOLUTE
    ../fplib/usenofp.s                       0x00000000   Number         0  usenofp.o ABSOLUTE
    ../mathlib/fpclassify.c                  0x00000000   Number         0  fpclassify.o ABSOLUTE
    ADC.c                                    0x00000000   Number         0  adc.o ABSOLUTE
    ESP.c                                    0x00000000   Number         0  esp.o ABSOLUTE
    I2C.c                                    0x00000000   Number         0  i2c.o ABSOLUTE
    RTE/Device/STM32F407VGTx/startup_stm32f407xx.s 0x00000000   Number         0  startup_stm32f407xx.o ABSOLUTE
    USART.c                                  0x00000000   Number         0  usart.o ABSOLUTE
    UTIL.c                                   0x00000000   Number         0  util.o ABSOLUTE
    dc.s                                     0x00000000   Number         0  dc.o ABSOLUTE
    main.c                                   0x00000000   Number         0  main.o ABSOLUTE
    system_stm32f4xx.c                       0x00000000   Number         0  system_stm32f4xx.o ABSOLUTE
    RESET                                    0x08000000   Section      392  startup_stm32f407xx.o(RESET)
    !!!main                                  0x08000188   Section        8  __main.o(!!!main)
    !!!scatter                               0x08000190   Section       92  __scatter.o(!!!scatter)
    !!handler_copy                           0x080001ec   Section       26  __scatter_copy.o(!!handler_copy)
    !!handler_null                           0x08000208   Section        2  __scatter.o(!!handler_null)
    !!handler_zi                             0x0800020c   Section       28  __scatter_zi.o(!!handler_zi)
    .ARM.Collect$$_printf_percent$$00000000  0x08000228   Section        0  _printf_percent.o(.ARM.Collect$$_printf_percent$$00000000)
    .ARM.Collect$$_printf_percent$$00000003  0x08000228   Section        6  _printf_f.o(.ARM.Collect$$_printf_percent$$00000003)
    .ARM.Collect$$_printf_percent$$00000009  0x0800022e   Section        6  _printf_d.o(.ARM.Collect$$_printf_percent$$00000009)
    .ARM.Collect$$_printf_percent$$00000014  0x08000234   Section        6  _printf_s.o(.ARM.Collect$$_printf_percent$$00000014)
    .ARM.Collect$$_printf_percent$$00000017  0x0800023a   Section        4  _printf_percent_end.o(.ARM.Collect$$_printf_percent$$00000017)
    .ARM.Collect$$libinit$$00000000          0x0800023e   Section        2  libinit.o(.ARM.Collect$$libinit$$00000000)
    .ARM.Collect$$libinit$$00000001          0x08000240   Section        4  libinit2.o(.ARM.Collect$$libinit$$00000001)
    .ARM.Collect$$libinit$$00000004          0x08000244   Section        0  libinit2.o(.ARM.Collect$$libinit$$00000004)
    .ARM.Collect$$libinit$$00000006          0x08000244   Section        0  libinit2.o(.ARM.Collect$$libinit$$00000006)
    .ARM.Collect$$libinit$$0000000C          0x08000244   Section        0  libinit2.o(.ARM.Collect$$libinit$$0000000C)
    .ARM.Collect$$libinit$$0000000E          0x08000244   Section        0  libinit2.o(.ARM.Collect$$libinit$$0000000E)
    .ARM.Collect$$libinit$$00000010          0x08000244   Section        0  libinit2.o(.ARM.Collect$$libinit$$00000010)
    .ARM.Collect$$libinit$$00000011          0x08000244   Section        6  libinit2.o(.ARM.Collect$$libinit$$00000011)
    .ARM.Collect$$libinit$$00000013          0x0800024a   Section        0  libinit2.o(.ARM.Collect$$libinit$$00000013)
    .ARM.Collect$$libinit$$00000015          0x0800024a   Section        0  libinit2.o(.ARM.Collect$$libinit$$00000015)
    .ARM.Collect$$libinit$$00000017          0x0800024a   Section        0  libinit2.o(.ARM.Collect$$libinit$$00000017)
    .ARM.Collect$$libinit$$00000018          0x0800024a   Section       10  libinit2.o(.ARM.Collect$$libinit$$00000018)
    .ARM.Collect$$libinit$$00000019          0x08000254   Section        0  libinit2.o(.ARM.Collect$$libinit$$00000019)
    .ARM.Collect$$libinit$$0000001B          0x08000254   Section        0  libinit2.o(.ARM.Collect$$libinit$$0000001B)
    .ARM.Collect$$libinit$$0000001D          0x08000254   Section        0  libinit2.o(.ARM.Collect$$libinit$$0000001D)
    .ARM.Collect$$libinit$$0000001F          0x08000254   Section        0  libinit2.o(.ARM.Collect$$libinit$$0000001F)
    .ARM.Collect$$libinit$$00000021          0x08000254   Section        0  libinit2.o(.ARM.Collect$$libinit$$00000021)
    .ARM.Collect$$libinit$$00000023          0x08000254   Section        0  libinit2.o(.ARM.Collect$$libinit$$00000023)
    .ARM.Collect$$libinit$$00000025          0x08000254   Section        0  libinit2.o(.ARM.Collect$$libinit$$00000025)
    .ARM.Collect$$libinit$$00000027          0x08000254   Section        0  libinit2.o(.ARM.Collect$$libinit$$00000027)
    .ARM.Collect$$libinit$$0000002E          0x08000254   Section        0  libinit2.o(.ARM.Collect$$libinit$$0000002E)
    .ARM.Collect$$libinit$$00000030          0x08000254   Section        0  libinit2.o(.ARM.Collect$$libinit$$00000030)
    .ARM.Collect$$libinit$$00000032          0x08000254   Section        0  libinit2.o(.ARM.Collect$$libinit$$00000032)
    .ARM.Collect$$libinit$$00000034          0x08000254   Section        0  libinit2.o(.ARM.Collect$$libinit$$00000034)
    .ARM.Collect$$libinit$$00000035          0x08000254   Section        2  libinit2.o(.ARM.Collect$$libinit$$00000035)
    .ARM.Collect$$libshutdown$$00000000      0x08000256   Section        2  libshutdown.o(.ARM.Collect$$libshutdown$$00000000)
    .ARM.Collect$$libshutdown$$00000002      0x08000258   Section        0  libshutdown2.o(.ARM.Collect$$libshutdown$$00000002)
    .ARM.Collect$$libshutdown$$00000004      0x08000258   Section        0  libshutdown2.o(.ARM.Collect$$libshutdown$$00000004)
    .ARM.Collect$$libshutdown$$00000007      0x08000258   Section        0  libshutdown2.o(.ARM.Collect$$libshutdown$$00000007)
    .ARM.Collect$$libshutdown$$0000000A      0x08000258   Section        0  libshutdown2.o(.ARM.Collect$$libshutdown$$0000000A)
    .ARM.Collect$$libshutdown$$0000000C      0x08000258   Section        0  libshutdown2.o(.ARM.Collect$$libshutdown$$0000000C)
    .ARM.Collect$$libshutdown$$0000000F      0x08000258   Section        0  libshutdown2.o(.ARM.Collect$$libshutdown$$0000000F)
    .ARM.Collect$$libshutdown$$00000010      0x08000258   Section        2  libshutdown2.o(.ARM.Collect$$libshutdown$$00000010)
    .ARM.Collect$$rtentry$$00000000          0x0800025a   Section        0  __rtentry.o(.ARM.Collect$$rtentry$$00000000)
    .ARM.Collect$$rtentry$$00000002          0x0800025a   Section        0  __rtentry2.o(.ARM.Collect$$rtentry$$00000002)
    .ARM.Collect$$rtentry$$00000004          0x0800025a   Section        6  __rtentry4.o(.ARM.Collect$$rtentry$$00000004)
    .ARM.Collect$$rtentry$$00000009          0x08000260   Section        0  __rtentry2.o(.ARM.Collect$$rtentry$$00000009)
    .ARM.Collect$$rtentry$$0000000A          0x08000260   Section        4  __rtentry2.o(.ARM.Collect$$rtentry$$0000000A)
    .ARM.Collect$$rtentry$$0000000C          0x08000264   Section        0  __rtentry2.o(.ARM.Collect$$rtentry$$0000000C)
    .ARM.Collect$$rtentry$$0000000D          0x08000264   Section        8  __rtentry2.o(.ARM.Collect$$rtentry$$0000000D)
    .ARM.Collect$$rtexit$$00000000           0x0800026c   Section        2  rtexit.o(.ARM.Collect$$rtexit$$00000000)
    .ARM.Collect$$rtexit$$00000002           0x0800026e   Section        0  rtexit2.o(.ARM.Collect$$rtexit$$00000002)
    .ARM.Collect$$rtexit$$00000003           0x0800026e   Section        4  rtexit2.o(.ARM.Collect$$rtexit$$00000003)
    .ARM.Collect$$rtexit$$00000004           0x08000272   Section        6  rtexit2.o(.ARM.Collect$$rtexit$$00000004)
    $v0                                      0x08000278   Number         0  startup_stm32f407xx.o(.text)
    .text                                    0x08000278   Section       64  startup_stm32f407xx.o(.text)
    .text                                    0x080002b8   Section        0  noretval__2sprintf.o(.text)
    .text                                    0x080002e0   Section        0  _printf_str.o(.text)
    .text                                    0x08000334   Section        0  _printf_dec.o(.text)
    .text                                    0x080003ac   Section        0  __printf_wp.o(.text)
    .text                                    0x080004ba   Section        0  strchr.o(.text)
    .text                                    0x080004ce   Section        0  strstr.o(.text)
    .text                                    0x080004f2   Section        0  strlen.o(.text)
    .text                                    0x08000530   Section      138  rt_memcpy_v6.o(.text)
    .text                                    0x080005ba   Section       68  rt_memclr.o(.text)
    .text                                    0x080005fe   Section        0  heapauxi.o(.text)
    .text                                    0x08000604   Section        0  _printf_intcommon.o(.text)
    _fp_digits                               0x080006b7   Thumb Code   432  _printf_fp_dec.o(.text)
    .text                                    0x080006b6   Section        0  _printf_fp_dec.o(.text)
    _printf_input_char                       0x08000ad5   Thumb Code    10  _printf_char_common.o(.text)
    .text                                    0x08000ad4   Section        0  _printf_char_common.o(.text)
    .text                                    0x08000b04   Section        0  _sputc.o(.text)
    .text                                    0x08000b0e   Section        0  _printf_char.o(.text)
    .text                                    0x08000b3a   Section      100  rt_memcpy_w.o(.text)
    .text                                    0x08000b9e   Section       78  rt_memclr_w.o(.text)
    .text                                    0x08000bec   Section        8  rt_locale_intlibspace.o(.text)
    .text                                    0x08000bf4   Section      138  lludiv10.o(.text)
    .text                                    0x08000c80   Section        0  _printf_fp_infnan.o(.text)
    .text                                    0x08000d00   Section        0  bigflt0.o(.text)
    .text                                    0x08000de4   Section        8  libspace.o(.text)
    .text                                    0x08000dec   Section       74  sys_stackheap_outer.o(.text)
    .text                                    0x08000e36   Section        0  exit.o(.text)
    .text                                    0x08000e48   Section      124  strcmpv7em.o(.text)
    .text                                    0x08000ec4   Section        0  sys_exit.o(.text)
    .text                                    0x08000ed0   Section        2  use_no_semi.o(.text)
    .text                                    0x08000ed2   Section        0  indicate_semi.o(.text)
    [Anonymous Symbol]                       0x08000ed4   Section        0  util.o(.text.ClearBuffer)
    [Anonymous Symbol]                       0x08000ee4   Section        0  adc.o(.text.DMA2_Stream0_IRQHandler)
    [Anonymous Symbol]                       0x08000f0c   Section        0  i2c.o(.text.DS1621_Init)
    [Anonymous Symbol]                       0x08000f48   Section        0  i2c.o(.text.DS1621_Read_Temp)
    [Anonymous Symbol]                       0x08001000   Section        0  esp.o(.text.ESP_Init_Station_Client)
    [Anonymous Symbol]                       0x080011f8   Section        0  esp.o(.text.ESP_OpenTCPConnection)
    [Anonymous Symbol]                       0x0800128c   Section        0  esp.o(.text.ESP_SendDataToServer)
    [Anonymous Symbol]                       0x08001410   Section        0  i2c.o(.text.I2C1_Init)
    [Anonymous Symbol]                       0x0800148c   Section        0  util.o(.text.IWDG_Init)
    [Anonymous Symbol]                       0x080014c4   Section        0  util.o(.text.IWDG_Refresh)
    [Anonymous Symbol]                       0x080014d8   Section        0  usart.o(.text.SendTxt_usart2)
    [Anonymous Symbol]                       0x080014fc   Section        0  usart.o(.text.SendTxt_usart3)
    [Anonymous Symbol]                       0x08001520   Section        0  system_stm32f4xx.o(.text.SystemInit)
    [Anonymous Symbol]                       0x08001534   Section        0  usart.o(.text.USART2_IRQHandler)
    [Anonymous Symbol]                       0x080015c8   Section        0  usart.o(.text.USART2_Init)
    [Anonymous Symbol]                       0x0800164c   Section        0  usart.o(.text.USART3_Init)
    [Anonymous Symbol]                       0x080016d0   Section        0  adc.o(.text.config_ADC1)
    [Anonymous Symbol]                       0x08001764   Section        0  adc.o(.text.config_DMA2)
    [Anonymous Symbol]                       0x080017dc   Section        0  adc.o(.text.config_GPIO_ADC_Channnel)
    [Anonymous Symbol]                       0x08001820   Section        0  adc.o(.text.config_TIMER3)
    [Anonymous Symbol]                       0x08001864   Section        0  util.o(.text.delay_ms)
    [Anonymous Symbol]                       0x080018b0   Section        0  util.o(.text.enter_sleep_mode)
    [Anonymous Symbol]                       0x080018c4   Section        0  main.o(.text.main)
    CL$$btod_d2e                             0x0800196c   Section       62  btod.o(CL$$btod_d2e)
    CL$$btod_d2e_denorm_low                  0x080019aa   Section       70  btod.o(CL$$btod_d2e_denorm_low)
    CL$$btod_d2e_norm_op1                    0x080019f0   Section       96  btod.o(CL$$btod_d2e_norm_op1)
    CL$$btod_div_common                      0x08001a50   Section      824  btod.o(CL$$btod_div_common)
    CL$$btod_e2e                             0x08001d88   Section      220  btod.o(CL$$btod_e2e)
    CL$$btod_ediv                            0x08001e64   Section       42  btod.o(CL$$btod_ediv)
    CL$$btod_emul                            0x08001e8e   Section       42  btod.o(CL$$btod_emul)
    CL$$btod_mult_common                     0x08001eb8   Section      580  btod.o(CL$$btod_mult_common)
    i.__ARM_fpclassify                       0x080020fc   Section        0  fpclassify.o(i.__ARM_fpclassify)
    i._is_digit                              0x0800212c   Section        0  __printf_wp.o(i._is_digit)
    locale$$code                             0x0800213c   Section       44  lc_numeric_c.o(locale$$code)
    $v0                                      0x08002168   Number         0  d2f.o(x$fpl$d2f)
    x$fpl$d2f                                0x08002168   Section       98  d2f.o(x$fpl$d2f)
    $v0                                      0x080021ca   Number         0  dflt_clz.o(x$fpl$dflt)
    x$fpl$dflt                               0x080021ca   Section       46  dflt_clz.o(x$fpl$dflt)
    $v0                                      0x080021f8   Number         0  dmul.o(x$fpl$dmul)
    x$fpl$dmul                               0x080021f8   Section      340  dmul.o(x$fpl$dmul)
    $v0                                      0x0800234c   Number         0  dnaninf.o(x$fpl$dnaninf)
    x$fpl$dnaninf                            0x0800234c   Section      156  dnaninf.o(x$fpl$dnaninf)
    $v0                                      0x080023e8   Number         0  dretinf.o(x$fpl$dretinf)
    x$fpl$dretinf                            0x080023e8   Section       12  dretinf.o(x$fpl$dretinf)
    $v0                                      0x080023f4   Number         0  f2d.o(x$fpl$f2d)
    x$fpl$f2d                                0x080023f4   Section       86  f2d.o(x$fpl$f2d)
    $v0                                      0x0800244a   Number         0  fnaninf.o(x$fpl$fnaninf)
    x$fpl$fnaninf                            0x0800244a   Section      140  fnaninf.o(x$fpl$fnaninf)
    $v0                                      0x080024d6   Number         0  fpinit.o(x$fpl$fpinit)
    x$fpl$fpinit                             0x080024d6   Section       26  fpinit.o(x$fpl$fpinit)
    $v0                                      0x080024f0   Number         0  fretinf.o(x$fpl$fretinf)
    x$fpl$fretinf                            0x080024f0   Section       10  fretinf.o(x$fpl$fretinf)
    $v0                                      0x080024fa   Number         0  printf1.o(x$fpl$printf1)
    x$fpl$printf1                            0x080024fa   Section        4  printf1.o(x$fpl$printf1)
    x$fpl$usenofp                            0x080024fe   Section        0  usenofp.o(x$fpl$usenofp)
    tenpwrs_x                                0x08002500   Data          60  bigflt0.o(.constdata)
    .constdata                               0x08002500   Section      148  bigflt0.o(.constdata)
    tenpwrs_i                                0x0800253c   Data          64  bigflt0.o(.constdata)
    .L.str.9                                 0x08002594   Data          14  esp.o(.rodata.str1.1)
    [Anonymous Symbol]                       0x08002594   Section        0  esp.o(.rodata.str1.1)
    .L.str.1                                 0x080025a2   Data           7  esp.o(.rodata.str1.1)
    .L.str.13                                0x080025a9   Data          12  esp.o(.rodata.str1.1)
    locale$$data                             0x080025d8   Section       28  lc_numeric_c.o(locale$$data)
    __lcnum_c_name                           0x080025dc   Data           2  lc_numeric_c.o(locale$$data)
    __lcnum_c_start                          0x080025e4   Data           0  lc_numeric_c.o(locale$$data)
    __lcnum_c_point                          0x080025f0   Data           0  lc_numeric_c.o(locale$$data)
    __lcnum_c_thousands                      0x080025f2   Data           0  lc_numeric_c.o(locale$$data)
    __lcnum_c_grouping                       0x080025f3   Data           0  lc_numeric_c.o(locale$$data)
    __lcnum_c_end                            0x080025f4   Data           0  lc_numeric_c.o(locale$$data)
    .bss                                     0x20000008   Section       96  libspace.o(.bss)
    Heap_Mem                                 0x20000848   Data         512  startup_stm32f407xx.o(HEAP)
    HEAP                                     0x20000848   Section      512  startup_stm32f407xx.o(HEAP)
    Stack_Mem                                0x20000a48   Data        1024  startup_stm32f407xx.o(STACK)
    STACK                                    0x20000a48   Section     1024  startup_stm32f407xx.o(STACK)
    __initial_sp                             0x20000e48   Data           0  startup_stm32f407xx.o(STACK)

    Global Symbols

    Symbol Name                              Value     Ov Type        Size  Object(Section)

    BuildAttributes$$THM_ISAv4$E$P$D$K$B$S$7EM$VFPi3$EXTD16$VFPS$VFMA$PE$A:L22UL41UL21$X:L11$S22US41US21$IEEE1$IW$~IW$USESV6$~STKCKD$USESV7$~SHL$OTIME$ROPI$IEEEJ$EBA8$UX$STANDARDLIB$REQ8$PRES8$EABIv2 0x00000000   Number         0  anon$$obj.o ABSOLUTE
    _printf_flags                            0x00000000   Number         0  printf_stubs.o ABSOLUTE
    _printf_return_value                     0x00000000   Number         0  printf_stubs.o ABSOLUTE
    _printf_sizespec                         0x00000000   Number         0  printf_stubs.o ABSOLUTE
    _printf_widthprec                        0x00000000   Number         0  printf_stubs.o ABSOLUTE
    __ARM_exceptions_init                     - Undefined Weak Reference
    __alloca_initialize                       - Undefined Weak Reference
    __arm_preinit_                            - Undefined Weak Reference
    __arm_relocate_pie_                       - Undefined Weak Reference
    __cpp_initialize__aeabi_                  - Undefined Weak Reference
    __cxa_finalize                            - Undefined Weak Reference
    __sigvec_lookup                           - Undefined Weak Reference
    _atexit_init                              - Undefined Weak Reference
    _call_atexit_fns                          - Undefined Weak Reference
    _clock_init                               - Undefined Weak Reference
    _fp_trap_init                             - Undefined Weak Reference
    _fp_trap_shutdown                         - Undefined Weak Reference
    _get_lc_collate                           - Undefined Weak Reference
    _get_lc_ctype                             - Undefined Weak Reference
    _get_lc_monetary                          - Undefined Weak Reference
    _get_lc_time                              - Undefined Weak Reference
    _getenv_init                              - Undefined Weak Reference
    _handle_redirection                       - Undefined Weak Reference
    _init_alloc                               - Undefined Weak Reference
    _init_user_alloc                          - Undefined Weak Reference
    _initio                                   - Undefined Weak Reference
    _printf_mbtowc                            - Undefined Weak Reference
    _printf_post_padding                      - Undefined Weak Reference
    _printf_pre_padding                       - Undefined Weak Reference
    _printf_truncate_signed                   - Undefined Weak Reference
    _printf_truncate_unsigned                 - Undefined Weak Reference
    _rand_init                                - Undefined Weak Reference
    _signal_finish                            - Undefined Weak Reference
    _signal_init                              - Undefined Weak Reference
    _terminate_alloc                          - Undefined Weak Reference
    _terminate_user_alloc                     - Undefined Weak Reference
    _terminateio                              - Undefined Weak Reference
    __Vectors_Size                           0x00000188   Number         0  startup_stm32f407xx.o ABSOLUTE
    __Vectors                                0x08000000   Data           4  startup_stm32f407xx.o(RESET)
    __Vectors_End                            0x08000188   Data           0  startup_stm32f407xx.o(RESET)
    __main                                   0x08000189   Thumb Code     8  __main.o(!!!main)
    __scatterload                            0x08000191   Thumb Code     0  __scatter.o(!!!scatter)
    __scatterload_rt2                        0x08000191   Thumb Code    84  __scatter.o(!!!scatter)
    __scatterload_rt2_thumb_only             0x08000191   Thumb Code     0  __scatter.o(!!!scatter)
    __scatterload_loop                       0x0800019b   Thumb Code     0  __scatter.o(!!!scatter)
    __scatterload_copy                       0x080001ed   Thumb Code    26  __scatter_copy.o(!!handler_copy)
    __scatterload_null                       0x08000209   Thumb Code     2  __scatter.o(!!handler_null)
    __scatterload_zeroinit                   0x0800020d   Thumb Code    28  __scatter_zi.o(!!handler_zi)
    _printf_f                                0x08000229   Thumb Code     0  _printf_f.o(.ARM.Collect$$_printf_percent$$00000003)
    _printf_percent                          0x08000229   Thumb Code     0  _printf_percent.o(.ARM.Collect$$_printf_percent$$00000000)
    _printf_d                                0x0800022f   Thumb Code     0  _printf_d.o(.ARM.Collect$$_printf_percent$$00000009)
    _printf_s                                0x08000235   Thumb Code     0  _printf_s.o(.ARM.Collect$$_printf_percent$$00000014)
    _printf_percent_end                      0x0800023b   Thumb Code     0  _printf_percent_end.o(.ARM.Collect$$_printf_percent$$00000017)
    __rt_lib_init                            0x0800023f   Thumb Code     0  libinit.o(.ARM.Collect$$libinit$$00000000)
    __rt_lib_init_fp_1                       0x08000241   Thumb Code     0  libinit2.o(.ARM.Collect$$libinit$$00000001)
    __rt_lib_init_heap_1                     0x08000245   Thumb Code     0  libinit2.o(.ARM.Collect$$libinit$$0000000C)
    __rt_lib_init_lc_common                  0x08000245   Thumb Code     0  libinit2.o(.ARM.Collect$$libinit$$00000011)
    __rt_lib_init_preinit_1                  0x08000245   Thumb Code     0  libinit2.o(.ARM.Collect$$libinit$$00000006)
    __rt_lib_init_rand_1                     0x08000245   Thumb Code     0  libinit2.o(.ARM.Collect$$libinit$$00000010)
    __rt_lib_init_relocate_pie_1             0x08000245   Thumb Code     0  libinit2.o(.ARM.Collect$$libinit$$00000004)
    __rt_lib_init_user_alloc_1               0x08000245   Thumb Code     0  libinit2.o(.ARM.Collect$$libinit$$0000000E)
    __rt_lib_init_lc_collate_1               0x0800024b   Thumb Code     0  libinit2.o(.ARM.Collect$$libinit$$00000013)
    __rt_lib_init_lc_ctype_1                 0x0800024b   Thumb Code     0  libinit2.o(.ARM.Collect$$libinit$$00000015)
    __rt_lib_init_lc_monetary_1              0x0800024b   Thumb Code     0  libinit2.o(.ARM.Collect$$libinit$$00000017)
    __rt_lib_init_lc_numeric_2               0x0800024b   Thumb Code     0  libinit2.o(.ARM.Collect$$libinit$$00000018)
    __rt_lib_init_alloca_1                   0x08000255   Thumb Code     0  libinit2.o(.ARM.Collect$$libinit$$00000030)
    __rt_lib_init_argv_1                     0x08000255   Thumb Code     0  libinit2.o(.ARM.Collect$$libinit$$0000002E)
    __rt_lib_init_atexit_1                   0x08000255   Thumb Code     0  libinit2.o(.ARM.Collect$$libinit$$0000001D)
    __rt_lib_init_clock_1                    0x08000255   Thumb Code     0  libinit2.o(.ARM.Collect$$libinit$$00000023)
    __rt_lib_init_cpp_1                      0x08000255   Thumb Code     0  libinit2.o(.ARM.Collect$$libinit$$00000034)
    __rt_lib_init_exceptions_1               0x08000255   Thumb Code     0  libinit2.o(.ARM.Collect$$libinit$$00000032)
    __rt_lib_init_fp_trap_1                  0x08000255   Thumb Code     0  libinit2.o(.ARM.Collect$$libinit$$00000021)
    __rt_lib_init_getenv_1                   0x08000255   Thumb Code     0  libinit2.o(.ARM.Collect$$libinit$$00000025)
    __rt_lib_init_lc_numeric_1               0x08000255   Thumb Code     0  libinit2.o(.ARM.Collect$$libinit$$00000019)
    __rt_lib_init_lc_time_1                  0x08000255   Thumb Code     0  libinit2.o(.ARM.Collect$$libinit$$0000001B)
    __rt_lib_init_return                     0x08000255   Thumb Code     0  libinit2.o(.ARM.Collect$$libinit$$00000035)
    __rt_lib_init_signal_1                   0x08000255   Thumb Code     0  libinit2.o(.ARM.Collect$$libinit$$0000001F)
    __rt_lib_init_stdio_1                    0x08000255   Thumb Code     0  libinit2.o(.ARM.Collect$$libinit$$00000027)
    __rt_lib_shutdown                        0x08000257   Thumb Code     0  libshutdown.o(.ARM.Collect$$libshutdown$$00000000)
    __rt_lib_shutdown_cpp_1                  0x08000259   Thumb Code     0  libshutdown2.o(.ARM.Collect$$libshutdown$$00000002)
    __rt_lib_shutdown_fp_trap_1              0x08000259   Thumb Code     0  libshutdown2.o(.ARM.Collect$$libshutdown$$00000007)
    __rt_lib_shutdown_heap_1                 0x08000259   Thumb Code     0  libshutdown2.o(.ARM.Collect$$libshutdown$$0000000F)
    __rt_lib_shutdown_return                 0x08000259   Thumb Code     0  libshutdown2.o(.ARM.Collect$$libshutdown$$00000010)
    __rt_lib_shutdown_signal_1               0x08000259   Thumb Code     0  libshutdown2.o(.ARM.Collect$$libshutdown$$0000000A)
    __rt_lib_shutdown_stdio_1                0x08000259   Thumb Code     0  libshutdown2.o(.ARM.Collect$$libshutdown$$00000004)
    __rt_lib_shutdown_user_alloc_1           0x08000259   Thumb Code     0  libshutdown2.o(.ARM.Collect$$libshutdown$$0000000C)
    __rt_entry                               0x0800025b   Thumb Code     0  __rtentry.o(.ARM.Collect$$rtentry$$00000000)
    __rt_entry_presh_1                       0x0800025b   Thumb Code     0  __rtentry2.o(.ARM.Collect$$rtentry$$00000002)
    __rt_entry_sh                            0x0800025b   Thumb Code     0  __rtentry4.o(.ARM.Collect$$rtentry$$00000004)
    __rt_entry_li                            0x08000261   Thumb Code     0  __rtentry2.o(.ARM.Collect$$rtentry$$0000000A)
    __rt_entry_postsh_1                      0x08000261   Thumb Code     0  __rtentry2.o(.ARM.Collect$$rtentry$$00000009)
    __rt_entry_main                          0x08000265   Thumb Code     0  __rtentry2.o(.ARM.Collect$$rtentry$$0000000D)
    __rt_entry_postli_1                      0x08000265   Thumb Code     0  __rtentry2.o(.ARM.Collect$$rtentry$$0000000C)
    __rt_exit                                0x0800026d   Thumb Code     0  rtexit.o(.ARM.Collect$$rtexit$$00000000)
    __rt_exit_ls                             0x0800026f   Thumb Code     0  rtexit2.o(.ARM.Collect$$rtexit$$00000003)
    __rt_exit_prels_1                        0x0800026f   Thumb Code     0  rtexit2.o(.ARM.Collect$$rtexit$$00000002)
    __rt_exit_exit                           0x08000273   Thumb Code     0  rtexit2.o(.ARM.Collect$$rtexit$$00000004)
    Reset_Handler                            0x08000279   Thumb Code     8  startup_stm32f407xx.o(.text)
    NMI_Handler                              0x08000281   Thumb Code     2  startup_stm32f407xx.o(.text)
    HardFault_Handler                        0x08000283   Thumb Code     2  startup_stm32f407xx.o(.text)
    MemManage_Handler                        0x08000285   Thumb Code     2  startup_stm32f407xx.o(.text)
    BusFault_Handler                         0x08000287   Thumb Code     2  startup_stm32f407xx.o(.text)
    UsageFault_Handler                       0x08000289   Thumb Code     2  startup_stm32f407xx.o(.text)
    SVC_Handler                              0x0800028b   Thumb Code     2  startup_stm32f407xx.o(.text)
    DebugMon_Handler                         0x0800028d   Thumb Code     2  startup_stm32f407xx.o(.text)
    PendSV_Handler                           0x0800028f   Thumb Code     2  startup_stm32f407xx.o(.text)
    SysTick_Handler                          0x08000291   Thumb Code     2  startup_stm32f407xx.o(.text)
    ADC_IRQHandler                           0x08000293   Thumb Code     0  startup_stm32f407xx.o(.text)
    CAN1_RX0_IRQHandler                      0x08000293   Thumb Code     0  startup_stm32f407xx.o(.text)
    CAN1_RX1_IRQHandler                      0x08000293   Thumb Code     0  startup_stm32f407xx.o(.text)
    CAN1_SCE_IRQHandler                      0x08000293   Thumb Code     0  startup_stm32f407xx.o(.text)
    CAN1_TX_IRQHandler                       0x08000293   Thumb Code     0  startup_stm32f407xx.o(.text)
    CAN2_RX0_IRQHandler                      0x08000293   Thumb Code     0  startup_stm32f407xx.o(.text)
    CAN2_RX1_IRQHandler                      0x08000293   Thumb Code     0  startup_stm32f407xx.o(.text)
    CAN2_SCE_IRQHandler                      0x08000293   Thumb Code     0  startup_stm32f407xx.o(.text)
    CAN2_TX_IRQHandler                       0x08000293   Thumb Code     0  startup_stm32f407xx.o(.text)
    DCMI_IRQHandler                          0x08000293   Thumb Code     0  startup_stm32f407xx.o(.text)
    DMA1_Stream0_IRQHandler                  0x08000293   Thumb Code     0  startup_stm32f407xx.o(.text)
    DMA1_Stream1_IRQHandler                  0x08000293   Thumb Code     0  startup_stm32f407xx.o(.text)
    DMA1_Stream2_IRQHandler                  0x08000293   Thumb Code     0  startup_stm32f407xx.o(.text)
    DMA1_Stream3_IRQHandler                  0x08000293   Thumb Code     0  startup_stm32f407xx.o(.text)
    DMA1_Stream4_IRQHandler                  0x08000293   Thumb Code     0  startup_stm32f407xx.o(.text)
    DMA1_Stream5_IRQHandler                  0x08000293   Thumb Code     0  startup_stm32f407xx.o(.text)
    DMA1_Stream6_IRQHandler                  0x08000293   Thumb Code     0  startup_stm32f407xx.o(.text)
    DMA1_Stream7_IRQHandler                  0x08000293   Thumb Code     0  startup_stm32f407xx.o(.text)
    DMA2_Stream1_IRQHandler                  0x08000293   Thumb Code     0  startup_stm32f407xx.o(.text)
    DMA2_Stream2_IRQHandler                  0x08000293   Thumb Code     0  startup_stm32f407xx.o(.text)
    DMA2_Stream3_IRQHandler                  0x08000293   Thumb Code     0  startup_stm32f407xx.o(.text)
    DMA2_Stream4_IRQHandler                  0x08000293   Thumb Code     0  startup_stm32f407xx.o(.text)
    DMA2_Stream5_IRQHandler                  0x08000293   Thumb Code     0  startup_stm32f407xx.o(.text)
    DMA2_Stream6_IRQHandler                  0x08000293   Thumb Code     0  startup_stm32f407xx.o(.text)
    DMA2_Stream7_IRQHandler                  0x08000293   Thumb Code     0  startup_stm32f407xx.o(.text)
    ETH_IRQHandler                           0x08000293   Thumb Code     0  startup_stm32f407xx.o(.text)
    ETH_WKUP_IRQHandler                      0x08000293   Thumb Code     0  startup_stm32f407xx.o(.text)
    EXTI0_IRQHandler                         0x08000293   Thumb Code     0  startup_stm32f407xx.o(.text)
    EXTI15_10_IRQHandler                     0x08000293   Thumb Code     0  startup_stm32f407xx.o(.text)
    EXTI1_IRQHandler                         0x08000293   Thumb Code     0  startup_stm32f407xx.o(.text)
    EXTI2_IRQHandler                         0x08000293   Thumb Code     0  startup_stm32f407xx.o(.text)
    EXTI3_IRQHandler                         0x08000293   Thumb Code     0  startup_stm32f407xx.o(.text)
    EXTI4_IRQHandler                         0x08000293   Thumb Code     0  startup_stm32f407xx.o(.text)
    EXTI9_5_IRQHandler                       0x08000293   Thumb Code     0  startup_stm32f407xx.o(.text)
    FLASH_IRQHandler                         0x08000293   Thumb Code     0  startup_stm32f407xx.o(.text)
    FMC_IRQHandler                           0x08000293   Thumb Code     0  startup_stm32f407xx.o(.text)
    FPU_IRQHandler                           0x08000293   Thumb Code     0  startup_stm32f407xx.o(.text)
    HASH_RNG_IRQHandler                      0x08000293   Thumb Code     0  startup_stm32f407xx.o(.text)
    I2C1_ER_IRQHandler                       0x08000293   Thumb Code     0  startup_stm32f407xx.o(.text)
    I2C1_EV_IRQHandler                       0x08000293   Thumb Code     0  startup_stm32f407xx.o(.text)
    I2C2_ER_IRQHandler                       0x08000293   Thumb Code     0  startup_stm32f407xx.o(.text)
    I2C2_EV_IRQHandler                       0x08000293   Thumb Code     0  startup_stm32f407xx.o(.text)
    I2C3_ER_IRQHandler                       0x08000293   Thumb Code     0  startup_stm32f407xx.o(.text)
    I2C3_EV_IRQHandler                       0x08000293   Thumb Code     0  startup_stm32f407xx.o(.text)
    OTG_FS_IRQHandler                        0x08000293   Thumb Code     0  startup_stm32f407xx.o(.text)
    OTG_FS_WKUP_IRQHandler                   0x08000293   Thumb Code     0  startup_stm32f407xx.o(.text)
    OTG_HS_EP1_IN_IRQHandler                 0x08000293   Thumb Code     0  startup_stm32f407xx.o(.text)
    OTG_HS_EP1_OUT_IRQHandler                0x08000293   Thumb Code     0  startup_stm32f407xx.o(.text)
    OTG_HS_IRQHandler                        0x08000293   Thumb Code     0  startup_stm32f407xx.o(.text)
    OTG_HS_WKUP_IRQHandler                   0x08000293   Thumb Code     0  startup_stm32f407xx.o(.text)
    PVD_IRQHandler                           0x08000293   Thumb Code     0  startup_stm32f407xx.o(.text)
    RCC_IRQHandler                           0x08000293   Thumb Code     0  startup_stm32f407xx.o(.text)
    RTC_Alarm_IRQHandler                     0x08000293   Thumb Code     0  startup_stm32f407xx.o(.text)
    RTC_WKUP_IRQHandler                      0x08000293   Thumb Code     0  startup_stm32f407xx.o(.text)
    SDIO_IRQHandler                          0x08000293   Thumb Code     0  startup_stm32f407xx.o(.text)
    SPI1_IRQHandler                          0x08000293   Thumb Code     0  startup_stm32f407xx.o(.text)
    SPI2_IRQHandler                          0x08000293   Thumb Code     0  startup_stm32f407xx.o(.text)
    SPI3_IRQHandler                          0x08000293   Thumb Code     0  startup_stm32f407xx.o(.text)
    TAMP_STAMP_IRQHandler                    0x08000293   Thumb Code     0  startup_stm32f407xx.o(.text)
    TIM1_BRK_TIM9_IRQHandler                 0x08000293   Thumb Code     0  startup_stm32f407xx.o(.text)
    TIM1_CC_IRQHandler                       0x08000293   Thumb Code     0  startup_stm32f407xx.o(.text)
    TIM1_TRG_COM_TIM11_IRQHandler            0x08000293   Thumb Code     0  startup_stm32f407xx.o(.text)
    TIM1_UP_TIM10_IRQHandler                 0x08000293   Thumb Code     0  startup_stm32f407xx.o(.text)
    TIM2_IRQHandler                          0x08000293   Thumb Code     0  startup_stm32f407xx.o(.text)
    TIM3_IRQHandler                          0x08000293   Thumb Code     0  startup_stm32f407xx.o(.text)
    TIM4_IRQHandler                          0x08000293   Thumb Code     0  startup_stm32f407xx.o(.text)
    TIM5_IRQHandler                          0x08000293   Thumb Code     0  startup_stm32f407xx.o(.text)
    TIM6_DAC_IRQHandler                      0x08000293   Thumb Code     0  startup_stm32f407xx.o(.text)
    TIM7_IRQHandler                          0x08000293   Thumb Code     0  startup_stm32f407xx.o(.text)
    TIM8_BRK_TIM12_IRQHandler                0x08000293   Thumb Code     0  startup_stm32f407xx.o(.text)
    TIM8_CC_IRQHandler                       0x08000293   Thumb Code     0  startup_stm32f407xx.o(.text)
    TIM8_TRG_COM_TIM14_IRQHandler            0x08000293   Thumb Code     0  startup_stm32f407xx.o(.text)
    TIM8_UP_TIM13_IRQHandler                 0x08000293   Thumb Code     0  startup_stm32f407xx.o(.text)
    UART4_IRQHandler                         0x08000293   Thumb Code     0  startup_stm32f407xx.o(.text)
    UART5_IRQHandler                         0x08000293   Thumb Code     0  startup_stm32f407xx.o(.text)
    USART1_IRQHandler                        0x08000293   Thumb Code     0  startup_stm32f407xx.o(.text)
    USART3_IRQHandler                        0x08000293   Thumb Code     0  startup_stm32f407xx.o(.text)
    USART6_IRQHandler                        0x08000293   Thumb Code     0  startup_stm32f407xx.o(.text)
    WWDG_IRQHandler                          0x08000293   Thumb Code     0  startup_stm32f407xx.o(.text)
    __user_initial_stackheap                 0x08000295   Thumb Code     0  startup_stm32f407xx.o(.text)
    __2sprintf                               0x080002b9   Thumb Code    34  noretval__2sprintf.o(.text)
    _printf_str                              0x080002e1   Thumb Code    82  _printf_str.o(.text)
    _printf_int_dec                          0x08000335   Thumb Code   104  _printf_dec.o(.text)
    __printf                                 0x080003ad   Thumb Code   270  __printf_wp.o(.text)
    strchr                                   0x080004bb   Thumb Code    20  strchr.o(.text)
    strstr                                   0x080004cf   Thumb Code    36  strstr.o(.text)
    strlen                                   0x080004f3   Thumb Code    62  strlen.o(.text)
    __aeabi_memcpy                           0x08000531   Thumb Code     0  rt_memcpy_v6.o(.text)
    __rt_memcpy                              0x08000531   Thumb Code   138  rt_memcpy_v6.o(.text)
    _memcpy_lastbytes                        0x08000597   Thumb Code     0  rt_memcpy_v6.o(.text)
    __aeabi_memclr                           0x080005bb   Thumb Code     0  rt_memclr.o(.text)
    __rt_memclr                              0x080005bb   Thumb Code     0  rt_memclr.o(.text)
    _memset                                  0x080005bf   Thumb Code    64  rt_memclr.o(.text)
    __use_two_region_memory                  0x080005ff   Thumb Code     2  heapauxi.o(.text)
    __rt_heap_escrow$2region                 0x08000601   Thumb Code     2  heapauxi.o(.text)
    __rt_heap_expand$2region                 0x08000603   Thumb Code     2  heapauxi.o(.text)
    _printf_int_common                       0x08000605   Thumb Code   178  _printf_intcommon.o(.text)
    _printf_fp_dec_real                      0x08000867   Thumb Code   620  _printf_fp_dec.o(.text)
    _printf_char_common                      0x08000adf   Thumb Code    32  _printf_char_common.o(.text)
    _sputc                                   0x08000b05   Thumb Code    10  _sputc.o(.text)
    _printf_cs_common                        0x08000b0f   Thumb Code    20  _printf_char.o(.text)
    _printf_char                             0x08000b23   Thumb Code    16  _printf_char.o(.text)
    _printf_string                           0x08000b33   Thumb Code     8  _printf_char.o(.text)
    __aeabi_memcpy4                          0x08000b3b   Thumb Code     0  rt_memcpy_w.o(.text)
    __aeabi_memcpy8                          0x08000b3b   Thumb Code     0  rt_memcpy_w.o(.text)
    __rt_memcpy_w                            0x08000b3b   Thumb Code   100  rt_memcpy_w.o(.text)
    _memcpy_lastbytes_aligned                0x08000b83   Thumb Code     0  rt_memcpy_w.o(.text)
    __aeabi_memclr4                          0x08000b9f   Thumb Code     0  rt_memclr_w.o(.text)
    __aeabi_memclr8                          0x08000b9f   Thumb Code     0  rt_memclr_w.o(.text)
    __rt_memclr_w                            0x08000b9f   Thumb Code     0  rt_memclr_w.o(.text)
    _memset_w                                0x08000ba3   Thumb Code    74  rt_memclr_w.o(.text)
    __rt_locale                              0x08000bed   Thumb Code     8  rt_locale_intlibspace.o(.text)
    _ll_udiv10                               0x08000bf5   Thumb Code   138  lludiv10.o(.text)
    _printf_fp_infnan                        0x08000c81   Thumb Code   112  _printf_fp_infnan.o(.text)
    _btod_etento                             0x08000d01   Thumb Code   224  bigflt0.o(.text)
    __user_libspace                          0x08000de5   Thumb Code     8  libspace.o(.text)
    __user_perproc_libspace                  0x08000de5   Thumb Code     0  libspace.o(.text)
    __user_perthread_libspace                0x08000de5   Thumb Code     0  libspace.o(.text)
    __user_setup_stackheap                   0x08000ded   Thumb Code    74  sys_stackheap_outer.o(.text)
    exit                                     0x08000e37   Thumb Code    18  exit.o(.text)
    strcmp                                   0x08000e49   Thumb Code   124  strcmpv7em.o(.text)
    _sys_exit                                0x08000ec5   Thumb Code     8  sys_exit.o(.text)
    __I$use$semihosting                      0x08000ed1   Thumb Code     0  use_no_semi.o(.text)
    __use_no_semihosting_swi                 0x08000ed1   Thumb Code     2  use_no_semi.o(.text)
    __semihosting_library_function           0x08000ed3   Thumb Code     0  indicate_semi.o(.text)
    ClearBuffer                              0x08000ed5   Thumb Code    14  util.o(.text.ClearBuffer)
    DMA2_Stream0_IRQHandler                  0x08000ee5   Thumb Code    40  adc.o(.text.DMA2_Stream0_IRQHandler)
    DS1621_Init                              0x08000f0d   Thumb Code    56  i2c.o(.text.DS1621_Init)
    DS1621_Read_Temp                         0x08000f49   Thumb Code   176  i2c.o(.text.DS1621_Read_Temp)
    ESP_Init_Station_Client                  0x08001001   Thumb Code   408  esp.o(.text.ESP_Init_Station_Client)
    ESP_OpenTCPConnection                    0x080011f9   Thumb Code   120  esp.o(.text.ESP_OpenTCPConnection)
    ESP_SendDataToServer                     0x0800128d   Thumb Code   328  esp.o(.text.ESP_SendDataToServer)
    I2C1_Init                                0x08001411   Thumb Code   122  i2c.o(.text.I2C1_Init)
    IWDG_Init                                0x0800148d   Thumb Code    54  util.o(.text.IWDG_Init)
    IWDG_Refresh                             0x080014c5   Thumb Code    20  util.o(.text.IWDG_Refresh)
    SendTxt_usart2                           0x080014d9   Thumb Code    34  usart.o(.text.SendTxt_usart2)
    SendTxt_usart3                           0x080014fd   Thumb Code    34  usart.o(.text.SendTxt_usart3)
    SystemInit                               0x08001521   Thumb Code    18  system_stm32f4xx.o(.text.SystemInit)
    USART2_IRQHandler                        0x08001535   Thumb Code   148  usart.o(.text.USART2_IRQHandler)
    USART2_Init                              0x080015c9   Thumb Code   130  usart.o(.text.USART2_Init)
    USART3_Init                              0x0800164d   Thumb Code   132  usart.o(.text.USART3_Init)
    config_ADC1                              0x080016d1   Thumb Code   148  adc.o(.text.config_ADC1)
    config_DMA2                              0x08001765   Thumb Code   120  adc.o(.text.config_DMA2)
    config_GPIO_ADC_Channnel                 0x080017dd   Thumb Code    66  adc.o(.text.config_GPIO_ADC_Channnel)
    config_TIMER3                            0x08001821   Thumb Code    66  adc.o(.text.config_TIMER3)
    delay_ms                                 0x08001865   Thumb Code    74  util.o(.text.delay_ms)
    enter_sleep_mode                         0x080018b1   Thumb Code    20  util.o(.text.enter_sleep_mode)
    main                                     0x080018c5   Thumb Code   100  main.o(.text.main)
    _btod_d2e                                0x0800196d   Thumb Code    62  btod.o(CL$$btod_d2e)
    _d2e_denorm_low                          0x080019ab   Thumb Code    70  btod.o(CL$$btod_d2e_denorm_low)
    _d2e_norm_op1                            0x080019f1   Thumb Code    96  btod.o(CL$$btod_d2e_norm_op1)
    __btod_div_common                        0x08001a51   Thumb Code   696  btod.o(CL$$btod_div_common)
    _e2e                                     0x08001d89   Thumb Code   220  btod.o(CL$$btod_e2e)
    _btod_ediv                               0x08001e65   Thumb Code    42  btod.o(CL$$btod_ediv)
    _btod_emul                               0x08001e8f   Thumb Code    42  btod.o(CL$$btod_emul)
    __btod_mult_common                       0x08001eb9   Thumb Code   580  btod.o(CL$$btod_mult_common)
    __ARM_fpclassify                         0x080020fd   Thumb Code    48  fpclassify.o(i.__ARM_fpclassify)
    _is_digit                                0x0800212d   Thumb Code    14  __printf_wp.o(i._is_digit)
    _get_lc_numeric                          0x0800213d   Thumb Code    44  lc_numeric_c.o(locale$$code)
    __aeabi_d2f                              0x08002169   Thumb Code     0  d2f.o(x$fpl$d2f)
    _d2f                                     0x08002169   Thumb Code    98  d2f.o(x$fpl$d2f)
    __aeabi_i2d                              0x080021cb   Thumb Code     0  dflt_clz.o(x$fpl$dflt)
    _dflt                                    0x080021cb   Thumb Code    46  dflt_clz.o(x$fpl$dflt)
    __aeabi_dmul                             0x080021f9   Thumb Code     0  dmul.o(x$fpl$dmul)
    _dmul                                    0x080021f9   Thumb Code   332  dmul.o(x$fpl$dmul)
    __fpl_dnaninf                            0x0800234d   Thumb Code   156  dnaninf.o(x$fpl$dnaninf)
    __fpl_dretinf                            0x080023e9   Thumb Code    12  dretinf.o(x$fpl$dretinf)
    __aeabi_f2d                              0x080023f5   Thumb Code     0  f2d.o(x$fpl$f2d)
    _f2d                                     0x080023f5   Thumb Code    86  f2d.o(x$fpl$f2d)
    __fpl_fnaninf                            0x0800244b   Thumb Code   140  fnaninf.o(x$fpl$fnaninf)
    _fp_init                                 0x080024d7   Thumb Code    26  fpinit.o(x$fpl$fpinit)
    __fplib_config_fpu_vfp                   0x080024ef   Thumb Code     0  fpinit.o(x$fpl$fpinit)
    __fplib_config_pureend_doubles           0x080024ef   Thumb Code     0  fpinit.o(x$fpl$fpinit)
    __fpl_fretinf                            0x080024f1   Thumb Code    10  fretinf.o(x$fpl$fretinf)
    _printf_fp_dec                           0x080024fb   Thumb Code     4  printf1.o(x$fpl$printf1)
    __I$use$fp                               0x080024fe   Number         0  usenofp.o(x$fpl$usenofp)
    Region$$Table$$Base                      0x080025b8   Number         0  anon$$obj.o(Region$$Table)
    Region$$Table$$Limit                     0x080025d8   Number         0  anon$$obj.o(Region$$Table)
    SystemCoreClock                          0x20000000   Data           4  system_stm32f4xx.o(.data.SystemCoreClock)
    __libspace_start                         0x20000008   Data          96  libspace.o(.bss)
    ADC_Value                                0x20000068   Data           6  main.o(.bss.ADC_Value)
    __temporary_stack_top$libspace           0x20000068   Data           0  libspace.o(.bss)
    CpyBuffer                                0x2000006e   Data         500  main.o(.bss.CpyBuffer)
    DataBuffer                               0x20000262   Data         500  main.o(.bss.DataBuffer)
    RX2_Buffer                               0x20000456   Data         500  main.o(.bss.RX2_Buffer)
    cmdBuffer                                0x2000064a   Data         500  main.o(.bss.cmdBuffer)
    flag                                     0x2000083e   Data           1  main.o(.bss.flag)
    j                                        0x20000840   Data           4  main.o(.bss.j)
    temperature                              0x20000844   Data           4  main.o(.bss.temperature)



==============================================================================

Memory Map of the image

  Image Entry point : 0x08000279

  Load Region LR_1 (Base: 0x08000000, Size: 0x000025f8, Max: 0xffffffff, ABSOLUTE)

    Execution Region ER_RO (Exec base: 0x08000000, Load base: 0x08000000, Size: 0x000025f4, Max: 0xffffffff, ABSOLUTE)

    Exec Addr    Load Addr    Size         Type   Attr      Idx    E Section Name        Object

    0x08000000   0x08000000   0x00000188   Data   RO          128    RESET               startup_stm32f407xx.o
    0x08000188   0x08000188   0x00000008   Code   RO          198  * !!!main             c_w.l(__main.o)
    0x08000190   0x08000190   0x0000005c   Code   RO          454    !!!scatter          c_w.l(__scatter.o)
    0x080001ec   0x080001ec   0x0000001a   Code   RO          458    !!handler_copy      c_w.l(__scatter_copy.o)
    0x08000206   0x08000206   0x00000002   PAD
    0x08000208   0x08000208   0x00000002   Code   RO          455    !!handler_null      c_w.l(__scatter.o)
    0x0800020a   0x0800020a   0x00000002   PAD
    0x0800020c   0x0800020c   0x0000001c   Code   RO          460    !!handler_zi        c_w.l(__scatter_zi.o)
    0x08000228   0x08000228   0x00000000   Code   RO          185    .ARM.Collect$$_printf_percent$$00000000  c_w.l(_printf_percent.o)
    0x08000228   0x08000228   0x00000006   Code   RO          184    .ARM.Collect$$_printf_percent$$00000003  c_w.l(_printf_f.o)
    0x0800022e   0x0800022e   0x00000006   Code   RO          183    .ARM.Collect$$_printf_percent$$00000009  c_w.l(_printf_d.o)
    0x08000234   0x08000234   0x00000006   Code   RO          182    .ARM.Collect$$_printf_percent$$00000014  c_w.l(_printf_s.o)
    0x0800023a   0x0800023a   0x00000004   Code   RO          227    .ARM.Collect$$_printf_percent$$00000017  c_w.l(_printf_percent_end.o)
    0x0800023e   0x0800023e   0x00000002   Code   RO          317    .ARM.Collect$$libinit$$00000000  c_w.l(libinit.o)
    0x08000240   0x08000240   0x00000004   Code   RO          318    .ARM.Collect$$libinit$$00000001  c_w.l(libinit2.o)
    0x08000244   0x08000244   0x00000000   Code   RO          321    .ARM.Collect$$libinit$$00000004  c_w.l(libinit2.o)
    0x08000244   0x08000244   0x00000000   Code   RO          323    .ARM.Collect$$libinit$$00000006  c_w.l(libinit2.o)
    0x08000244   0x08000244   0x00000000   Code   RO          326    .ARM.Collect$$libinit$$0000000C  c_w.l(libinit2.o)
    0x08000244   0x08000244   0x00000000   Code   RO          328    .ARM.Collect$$libinit$$0000000E  c_w.l(libinit2.o)
    0x08000244   0x08000244   0x00000000   Code   RO          330    .ARM.Collect$$libinit$$00000010  c_w.l(libinit2.o)
    0x08000244   0x08000244   0x00000006   Code   RO          331    .ARM.Collect$$libinit$$00000011  c_w.l(libinit2.o)
    0x0800024a   0x0800024a   0x00000000   Code   RO          333    .ARM.Collect$$libinit$$00000013  c_w.l(libinit2.o)
    0x0800024a   0x0800024a   0x00000000   Code   RO          335    .ARM.Collect$$libinit$$00000015  c_w.l(libinit2.o)
    0x0800024a   0x0800024a   0x00000000   Code   RO          337    .ARM.Collect$$libinit$$00000017  c_w.l(libinit2.o)
    0x0800024a   0x0800024a   0x0000000a   Code   RO          338    .ARM.Collect$$libinit$$00000018  c_w.l(libinit2.o)
    0x08000254   0x08000254   0x00000000   Code   RO          339    .ARM.Collect$$libinit$$00000019  c_w.l(libinit2.o)
    0x08000254   0x08000254   0x00000000   Code   RO          341    .ARM.Collect$$libinit$$0000001B  c_w.l(libinit2.o)
    0x08000254   0x08000254   0x00000000   Code   RO          343    .ARM.Collect$$libinit$$0000001D  c_w.l(libinit2.o)
    0x08000254   0x08000254   0x00000000   Code   RO          345    .ARM.Collect$$libinit$$0000001F  c_w.l(libinit2.o)
    0x08000254   0x08000254   0x00000000   Code   RO          347    .ARM.Collect$$libinit$$00000021  c_w.l(libinit2.o)
    0x08000254   0x08000254   0x00000000   Code   RO          349    .ARM.Collect$$libinit$$00000023  c_w.l(libinit2.o)
    0x08000254   0x08000254   0x00000000   Code   RO          351    .ARM.Collect$$libinit$$00000025  c_w.l(libinit2.o)
    0x08000254   0x08000254   0x00000000   Code   RO          353    .ARM.Collect$$libinit$$00000027  c_w.l(libinit2.o)
    0x08000254   0x08000254   0x00000000   Code   RO          357    .ARM.Collect$$libinit$$0000002E  c_w.l(libinit2.o)
    0x08000254   0x08000254   0x00000000   Code   RO          359    .ARM.Collect$$libinit$$00000030  c_w.l(libinit2.o)
    0x08000254   0x08000254   0x00000000   Code   RO          361    .ARM.Collect$$libinit$$00000032  c_w.l(libinit2.o)
    0x08000254   0x08000254   0x00000000   Code   RO          363    .ARM.Collect$$libinit$$00000034  c_w.l(libinit2.o)
    0x08000254   0x08000254   0x00000002   Code   RO          364    .ARM.Collect$$libinit$$00000035  c_w.l(libinit2.o)
    0x08000256   0x08000256   0x00000002   Code   RO          400    .ARM.Collect$$libshutdown$$00000000  c_w.l(libshutdown.o)
    0x08000258   0x08000258   0x00000000   Code   RO          411    .ARM.Collect$$libshutdown$$00000002  c_w.l(libshutdown2.o)
    0x08000258   0x08000258   0x00000000   Code   RO          413    .ARM.Collect$$libshutdown$$00000004  c_w.l(libshutdown2.o)
    0x08000258   0x08000258   0x00000000   Code   RO          416    .ARM.Collect$$libshutdown$$00000007  c_w.l(libshutdown2.o)
    0x08000258   0x08000258   0x00000000   Code   RO          419    .ARM.Collect$$libshutdown$$0000000A  c_w.l(libshutdown2.o)
    0x08000258   0x08000258   0x00000000   Code   RO          421    .ARM.Collect$$libshutdown$$0000000C  c_w.l(libshutdown2.o)
    0x08000258   0x08000258   0x00000000   Code   RO          424    .ARM.Collect$$libshutdown$$0000000F  c_w.l(libshutdown2.o)
    0x08000258   0x08000258   0x00000002   Code   RO          425    .ARM.Collect$$libshutdown$$00000010  c_w.l(libshutdown2.o)
    0x0800025a   0x0800025a   0x00000000   Code   RO          214    .ARM.Collect$$rtentry$$00000000  c_w.l(__rtentry.o)
    0x0800025a   0x0800025a   0x00000000   Code   RO          242    .ARM.Collect$$rtentry$$00000002  c_w.l(__rtentry2.o)
    0x0800025a   0x0800025a   0x00000006   Code   RO          254    .ARM.Collect$$rtentry$$00000004  c_w.l(__rtentry4.o)
    0x08000260   0x08000260   0x00000000   Code   RO          244    .ARM.Collect$$rtentry$$00000009  c_w.l(__rtentry2.o)
    0x08000260   0x08000260   0x00000004   Code   RO          245    .ARM.Collect$$rtentry$$0000000A  c_w.l(__rtentry2.o)
    0x08000264   0x08000264   0x00000000   Code   RO          247    .ARM.Collect$$rtentry$$0000000C  c_w.l(__rtentry2.o)
    0x08000264   0x08000264   0x00000008   Code   RO          248    .ARM.Collect$$rtentry$$0000000D  c_w.l(__rtentry2.o)
    0x0800026c   0x0800026c   0x00000002   Code   RO          365    .ARM.Collect$$rtexit$$00000000  c_w.l(rtexit.o)
    0x0800026e   0x0800026e   0x00000000   Code   RO          374    .ARM.Collect$$rtexit$$00000002  c_w.l(rtexit2.o)
    0x0800026e   0x0800026e   0x00000004   Code   RO          375    .ARM.Collect$$rtexit$$00000003  c_w.l(rtexit2.o)
    0x08000272   0x08000272   0x00000006   Code   RO          376    .ARM.Collect$$rtexit$$00000004  c_w.l(rtexit2.o)
    0x08000278   0x08000278   0x00000040   Code   RO          129  * .text               startup_stm32f407xx.o
    0x080002b8   0x080002b8   0x00000028   Code   RO          154    .text               c_w.l(noretval__2sprintf.o)
    0x080002e0   0x080002e0   0x00000052   Code   RO          158    .text               c_w.l(_printf_str.o)
    0x08000332   0x08000332   0x00000002   PAD
    0x08000334   0x08000334   0x00000078   Code   RO          160    .text               c_w.l(_printf_dec.o)
    0x080003ac   0x080003ac   0x0000010e   Code   RO          170    .text               c_w.l(__printf_wp.o)
    0x080004ba   0x080004ba   0x00000014   Code   RO          186    .text               c_w.l(strchr.o)
    0x080004ce   0x080004ce   0x00000024   Code   RO          188    .text               c_w.l(strstr.o)
    0x080004f2   0x080004f2   0x0000003e   Code   RO          190    .text               c_w.l(strlen.o)
    0x08000530   0x08000530   0x0000008a   Code   RO          192    .text               c_w.l(rt_memcpy_v6.o)
    0x080005ba   0x080005ba   0x00000044   Code   RO          194    .text               c_w.l(rt_memclr.o)
    0x080005fe   0x080005fe   0x00000006   Code   RO          196    .text               c_w.l(heapauxi.o)
    0x08000604   0x08000604   0x000000b2   Code   RO          215    .text               c_w.l(_printf_intcommon.o)
    0x080006b6   0x080006b6   0x0000041c   Code   RO          217    .text               c_w.l(_printf_fp_dec.o)
    0x08000ad2   0x08000ad2   0x00000002   PAD
    0x08000ad4   0x08000ad4   0x00000030   Code   RO          221    .text               c_w.l(_printf_char_common.o)
    0x08000b04   0x08000b04   0x0000000a   Code   RO          223    .text               c_w.l(_sputc.o)
    0x08000b0e   0x08000b0e   0x0000002c   Code   RO          225    .text               c_w.l(_printf_char.o)
    0x08000b3a   0x08000b3a   0x00000064   Code   RO          228    .text               c_w.l(rt_memcpy_w.o)
    0x08000b9e   0x08000b9e   0x0000004e   Code   RO          230    .text               c_w.l(rt_memclr_w.o)
    0x08000bec   0x08000bec   0x00000008   Code   RO          259    .text               c_w.l(rt_locale_intlibspace.o)
    0x08000bf4   0x08000bf4   0x0000008a   Code   RO          261    .text               c_w.l(lludiv10.o)
    0x08000c7e   0x08000c7e   0x00000002   PAD
    0x08000c80   0x08000c80   0x00000080   Code   RO          263    .text               c_w.l(_printf_fp_infnan.o)
    0x08000d00   0x08000d00   0x000000e4   Code   RO          267    .text               c_w.l(bigflt0.o)
    0x08000de4   0x08000de4   0x00000008   Code   RO          301    .text               c_w.l(libspace.o)
    0x08000dec   0x08000dec   0x0000004a   Code   RO          304    .text               c_w.l(sys_stackheap_outer.o)
    0x08000e36   0x08000e36   0x00000012   Code   RO          308    .text               c_w.l(exit.o)
    0x08000e48   0x08000e48   0x0000007c   Code   RO          310    .text               c_w.l(strcmpv7em.o)
    0x08000ec4   0x08000ec4   0x0000000c   Code   RO          386    .text               c_w.l(sys_exit.o)
    0x08000ed0   0x08000ed0   0x00000002   Code   RO          401    .text               c_w.l(use_no_semi.o)
    0x08000ed2   0x08000ed2   0x00000000   Code   RO          403    .text               c_w.l(indicate_semi.o)
    0x08000ed2   0x08000ed2   0x00000002   PAD
    0x08000ed4   0x08000ed4   0x0000000e   Code   RO          109    .text.ClearBuffer   util.o
    0x08000ee2   0x08000ee2   0x00000002   PAD
    0x08000ee4   0x08000ee4   0x00000028   Code   RO           57    .text.DMA2_Stream0_IRQHandler  adc.o
    0x08000f0c   0x08000f0c   0x00000038   Code   RO           37    .text.DS1621_Init   i2c.o
    0x08000f44   0x08000f44   0x00000004   PAD
    0x08000f48   0x08000f48   0x000000b8   Code   RO           39    .text.DS1621_Read_Temp  i2c.o
    0x08001000   0x08001000   0x000001f8   Code   RO           70    .text.ESP_Init_Station_Client  esp.o
    0x080011f8   0x080011f8   0x00000094   Code   RO           72    .text.ESP_OpenTCPConnection  esp.o
    0x0800128c   0x0800128c   0x00000184   Code   RO           76    .text.ESP_SendDataToServer  esp.o
    0x08001410   0x08001410   0x0000007a   Code   RO           19    .text.I2C1_Init     i2c.o
    0x0800148a   0x0800148a   0x00000002   PAD
    0x0800148c   0x0800148c   0x00000036   Code   RO          113    .text.IWDG_Init     util.o
    0x080014c2   0x080014c2   0x00000002   PAD
    0x080014c4   0x080014c4   0x00000014   Code   RO          115    .text.IWDG_Refresh  util.o
    0x080014d8   0x080014d8   0x00000022   Code   RO           97    .text.SendTxt_usart2  usart.o
    0x080014fa   0x080014fa   0x00000002   PAD
    0x080014fc   0x080014fc   0x00000022   Code   RO           91    .text.SendTxt_usart3  usart.o
    0x0800151e   0x0800151e   0x00000002   PAD
    0x08001520   0x08001520   0x00000012   Code   RO          136    .text.SystemInit    system_stm32f4xx.o
    0x08001532   0x08001532   0x00000002   PAD
    0x08001534   0x08001534   0x00000094   Code   RO           99    .text.USART2_IRQHandler  usart.o
    0x080015c8   0x080015c8   0x00000082   Code   RO           93    .text.USART2_Init   usart.o
    0x0800164a   0x0800164a   0x00000002   PAD
    0x0800164c   0x0800164c   0x00000084   Code   RO           87    .text.USART3_Init   usart.o
    0x080016d0   0x080016d0   0x00000094   Code   RO           53    .text.config_ADC1   adc.o
    0x08001764   0x08001764   0x00000078   Code   RO           55    .text.config_DMA2   adc.o
    0x080017dc   0x080017dc   0x00000042   Code   RO           49    .text.config_GPIO_ADC_Channnel  adc.o
    0x0800181e   0x0800181e   0x00000002   PAD
    0x08001820   0x08001820   0x00000042   Code   RO           51    .text.config_TIMER3  adc.o
    0x08001862   0x08001862   0x00000002   PAD
    0x08001864   0x08001864   0x0000004a   Code   RO          111    .text.delay_ms      util.o
    0x080018ae   0x080018ae   0x00000002   PAD
    0x080018b0   0x080018b0   0x00000014   Code   RO          117    .text.enter_sleep_mode  util.o
    0x080018c4   0x080018c4   0x000000a8   Code   RO            2    .text.main          main.o
    0x0800196c   0x0800196c   0x0000003e   Code   RO          270    CL$$btod_d2e        c_w.l(btod.o)
    0x080019aa   0x080019aa   0x00000046   Code   RO          272    CL$$btod_d2e_denorm_low  c_w.l(btod.o)
    0x080019f0   0x080019f0   0x00000060   Code   RO          271    CL$$btod_d2e_norm_op1  c_w.l(btod.o)
    0x08001a50   0x08001a50   0x00000338   Code   RO          280    CL$$btod_div_common  c_w.l(btod.o)
    0x08001d88   0x08001d88   0x000000dc   Code   RO          277    CL$$btod_e2e        c_w.l(btod.o)
    0x08001e64   0x08001e64   0x0000002a   Code   RO          274    CL$$btod_ediv       c_w.l(btod.o)
    0x08001e8e   0x08001e8e   0x0000002a   Code   RO          273    CL$$btod_emul       c_w.l(btod.o)
    0x08001eb8   0x08001eb8   0x00000244   Code   RO          279    CL$$btod_mult_common  c_w.l(btod.o)
    0x080020fc   0x080020fc   0x00000030   Code   RO          299    i.__ARM_fpclassify  m_wm.l(fpclassify.o)
    0x0800212c   0x0800212c   0x0000000e   Code   RO          172    i._is_digit         c_w.l(__printf_wp.o)
    0x0800213a   0x0800213a   0x00000002   PAD
    0x0800213c   0x0800213c   0x0000002c   Code   RO          295    locale$$code        c_w.l(lc_numeric_c.o)
    0x08002168   0x08002168   0x00000062   Code   RO          200    x$fpl$d2f           fz_wm.l(d2f.o)
    0x080021ca   0x080021ca   0x0000002e   Code   RO          203    x$fpl$dflt          fz_wm.l(dflt_clz.o)
    0x080021f8   0x080021f8   0x00000154   Code   RO          208    x$fpl$dmul          fz_wm.l(dmul.o)
    0x0800234c   0x0800234c   0x0000009c   Code   RO          232    x$fpl$dnaninf       fz_wm.l(dnaninf.o)
    0x080023e8   0x080023e8   0x0000000c   Code   RO          234    x$fpl$dretinf       fz_wm.l(dretinf.o)
    0x080023f4   0x080023f4   0x00000056   Code   RO          210    x$fpl$f2d           fz_wm.l(f2d.o)
    0x0800244a   0x0800244a   0x0000008c   Code   RO          236    x$fpl$fnaninf       fz_wm.l(fnaninf.o)
    0x080024d6   0x080024d6   0x0000001a   Code   RO          371    x$fpl$fpinit        fz_wm.l(fpinit.o)
    0x080024f0   0x080024f0   0x0000000a   Code   RO          238    x$fpl$fretinf       fz_wm.l(fretinf.o)
    0x080024fa   0x080024fa   0x00000004   Code   RO          212    x$fpl$printf1       fz_wm.l(printf1.o)
    0x080024fe   0x080024fe   0x00000000   Code   RO          240    x$fpl$usenofp       fz_wm.l(usenofp.o)
    0x080024fe   0x080024fe   0x00000002   PAD
    0x08002500   0x08002500   0x00000094   Data   RO          268    .constdata          c_w.l(bigflt0.o)
    0x08002594   0x08002594   0x00000021   Data   RO           78    .rodata.str1.1      esp.o
    0x080025b5   0x080025b5   0x00000003   PAD
    0x080025b8   0x080025b8   0x00000020   Data   RO          453    Region$$Table       anon$$obj.o
    0x080025d8   0x080025d8   0x0000001c   Data   RO          294    locale$$data        c_w.l(lc_numeric_c.o)


    Execution Region ER_RW (Exec base: 0x20000000, Load base: 0x080025f4, Size: 0x00000004, Max: 0xffffffff, ABSOLUTE)

    Exec Addr    Load Addr    Size         Type   Attr      Idx    E Section Name        Object

    0x20000000   0x080025f4   0x00000004   Data   RW          140    .data.SystemCoreClock  system_stm32f4xx.o


    Execution Region ER_ZI (Exec base: 0x20000008, Load base: 0x080025f8, Size: 0x00000e40, Max: 0xffffffff, ABSOLUTE)

    Exec Addr    Load Addr    Size         Type   Attr      Idx    E Section Name        Object

    0x20000008        -       0x00000060   Zero   RW          302    .bss                c_w.l(libspace.o)
    0x20000068        -       0x00000006   Zero   RW           11    .bss.ADC_Value      main.o
    0x2000006e        -       0x000001f4   Zero   RW            9    .bss.CpyBuffer      main.o
    0x20000262        -       0x000001f4   Zero   RW            8    .bss.DataBuffer     main.o
    0x20000456        -       0x000001f4   Zero   RW            7    .bss.RX2_Buffer     main.o
    0x2000064a        -       0x000001f4   Zero   RW            6    .bss.cmdBuffer      main.o
    0x2000083e        -       0x00000001   Zero   RW            5    .bss.flag           main.o
    0x2000083f   0x080025f8   0x00000001   PAD
    0x20000840        -       0x00000004   Zero   RW            4    .bss.j              main.o
    0x20000844        -       0x00000004   Zero   RW           10    .bss.temperature    main.o
    0x20000848        -       0x00000200   Zero   RW          127    HEAP                startup_stm32f407xx.o
    0x20000a48        -       0x00000400   Zero   RW          126    STACK               startup_stm32f407xx.o


==============================================================================

Image component sizes


      Code (inc. data)   RO Data    RW Data    ZI Data      Debug   Object Name

       440          0          0          0          0       5714   adc.o
      1040        184         33          0          0       4284   esp.o
       362          8          0          0          0       5384   i2c.o
       168         68          0          0       2015       1050   main.o
        64         26        392          0       1536        988   startup_stm32f407xx.o
        18          0          0          4          0       2968   system_stm32f4xx.o
       478          0          0          0          0       5501   usart.o
       182          0          0          0          0       2507   util.o

    ----------------------------------------------------------------------
      2776        286        460          4       3552      28396   Object Totals
         0          0         32          0          0          0   (incl. Generated)
        24          0          3          0          1          0   (incl. Padding)

    ----------------------------------------------------------------------

      Code (inc. data)   RO Data    RW Data    ZI Data      Debug   Library Member Name

         8          0          0          0          0         68   __main.o
       284          0          0          0          0        156   __printf_wp.o
         0          0          0          0          0          0   __rtentry.o
        12          0          0          0          0          0   __rtentry2.o
         6          0          0          0          0          0   __rtentry4.o
        94          8          0          0          0          0   __scatter.o
        26          0          0          0          0          0   __scatter_copy.o
        28          0          0          0          0          0   __scatter_zi.o
        44          0          0          0          0        108   _printf_char.o
        48          6          0          0          0         96   _printf_char_common.o
         6          0          0          0          0          0   _printf_d.o
       120         16          0          0          0         92   _printf_dec.o
         6          0          0          0          0          0   _printf_f.o
      1052          0          0          0          0        148   _printf_fp_dec.o
       128         16          0          0          0         84   _printf_fp_infnan.o
       178          0          0          0          0         88   _printf_intcommon.o
         0          0          0          0          0          0   _printf_percent.o
         4          0          0          0          0          0   _printf_percent_end.o
         6          0          0          0          0          0   _printf_s.o
        82          0          0          0          0         80   _printf_str.o
        10          0          0          0          0         68   _sputc.o
       228          4        148          0          0         96   bigflt0.o
      1936        128          0          0          0        668   btod.o
        18          0          0          0          0         80   exit.o
         6          0          0          0          0        152   heapauxi.o
         0          0          0          0          0          0   indicate_semi.o
        44         10         28          0          0         76   lc_numeric_c.o
         2          0          0          0          0          0   libinit.o
        22          0          0          0          0          0   libinit2.o
         2          0          0          0          0          0   libshutdown.o
         2          0          0          0          0          0   libshutdown2.o
         8          4          0          0         96         68   libspace.o
       138          0          0          0          0         80   lludiv10.o
        40          6          0          0          0         84   noretval__2sprintf.o
         8          4          0          0          0         68   rt_locale_intlibspace.o
        68          0          0          0          0         68   rt_memclr.o
        78          0          0          0          0         80   rt_memclr_w.o
       138          0          0          0          0         68   rt_memcpy_v6.o
       100          0          0          0          0         80   rt_memcpy_w.o
         2          0          0          0          0          0   rtexit.o
        10          0          0          0          0          0   rtexit2.o
        20          0          0          0          0         68   strchr.o
       124          0          0          0          0         88   strcmpv7em.o
        62          0          0          0          0         76   strlen.o
        36          0          0          0          0         80   strstr.o
        12          4          0          0          0         68   sys_exit.o
        74          0          0          0          0         80   sys_stackheap_outer.o
         2          0          0          0          0         68   use_no_semi.o
        98          4          0          0          0        140   d2f.o
        46          0          0          0          0        116   dflt_clz.o
       340         12          0          0          0        152   dmul.o
       156          4          0          0          0        140   dnaninf.o
        12          0          0          0          0        116   dretinf.o
        86          4          0          0          0        132   f2d.o
       140          4          0          0          0        132   fnaninf.o
        26          0          0          0          0        116   fpinit.o
        10          0          0          0          0        116   fretinf.o
         4          0          0          0          0        116   printf1.o
         0          0          0          0          0          0   usenofp.o
        48          0          0          0          0        124   fpclassify.o

    ----------------------------------------------------------------------
      6304        234        176          0         96       4584   Library Totals
        16          0          0          0          0          0   (incl. Padding)

    ----------------------------------------------------------------------

      Code (inc. data)   RO Data    RW Data    ZI Data      Debug   Library Name

      5322        206        176          0         96       3184   c_w.l
       918         28          0          0          0       1276   fz_wm.l
        48          0          0          0          0        124   m_wm.l

    ----------------------------------------------------------------------
      6304        234        176          0         96       4584   Library Totals

    ----------------------------------------------------------------------

==============================================================================


      Code (inc. data)   RO Data    RW Data    ZI Data      Debug   

      9080        520        636          4       3648      30260   Grand Totals
      9080        520        636          4       3648      30260   ELF Image Totals
      9080        520        636          4          0          0   ROM Totals

==============================================================================

    Total RO  Size (Code + RO Data)                 9716 (   9.49kB)
    Total RW  Size (RW Data + ZI Data)              3652 (   3.57kB)
    Total ROM Size (Code + RO Data + RW Data)       9720 (   9.49kB)

==============================================================================

