Component: ARM Compiler 5.06 update 6 (build 750) Tool: armlink [4d35ed]

==============================================================================

Section Cross References

    main.o(i.main) refers to usart.o(i.USART1_Init) for USART1_Init
    main.o(i.main) refers to usart.o(i.USART2_Init) for USART2_Init
    main.o(i.main) refers to usart.o(i.USART3_Init) for USART3_Init
    main.o(i.main) refers to usart.o(i.USART6_Init) for USART6_Init
    main.o(i.main) refers to main.o(i.__NVIC_SetPriority) for __NVIC_SetPriority
    main.o(i.main) refers to util.o(i.IWDG_Init) for IWDG_Init
    main.o(i.main) refers to esp.o(i.ESP_Init_Station_Server) for ESP_Init_Station_Server
    main.o(i.main) refers to spi.o(i.GPIO_Init) for GPIO_Init
    main.o(i.main) refers to spi.o(i.SPI1_Init) for SPI1_Init
    main.o(i.main) refers to sx1278.o(i.LoRa_Receive_Mode) for LoRa_Receive_Mode
    main.o(i.main) refers to gsm.o(i.GSM_Init) for GSM_Init
    main.o(i.main) refers to sx1278.o(i.SX1278_LoRaRxPacket1) for SX1278_LoRaRxPacket1
    main.o(i.main) refers to sx1278.o(i.SX1278_read1) for SX1278_read1
    main.o(i.main) refers to sx1278.o(i.Parse_LoRa_Data) for Parse_LoRa_Data
    main.o(i.main) refers to usart.o(i.SendTxt_usart1) for SendTxt_usart1
    main.o(i.main) refers to gsm.o(i.GSM_SendData) for GSM_SendData
    main.o(i.main) refers to util.o(i.delay_ms) for delay_ms
    main.o(i.main) refers to webserver.o(i.processRequest) for processRequest
    main.o(i.main) refers to util.o(i.IWDG_Refresh) for IWDG_Refresh
    main.o(i.main) refers to main.o(.data) for .data
    main.o(i.main) refers to main.o(.bss) for .bss
    util.o(i.delay_ms) refers to system_stm32f4xx.o(.data) for SystemCoreClock
    usart.o(i.SendTxt_usart1) refers to usart.o(i.SendChar_usart1) for SendChar_usart1
    usart.o(i.SendTxt_usart2) refers to usart.o(i.SendChar_usart2) for SendChar_usart2
    usart.o(i.SendTxt_usart3) refers to usart.o(i.SendChar_usart3) for SendChar_usart3
    usart.o(i.SendTxt_usart6) refers to usart.o(i.SendChar_usart6) for SendChar_usart6
    usart.o(i.USART2_IRQHandler) refers to usart.o(i.SendTxt_usart3) for SendTxt_usart3
    usart.o(i.USART2_IRQHandler) refers to rt_memcpy_v6.o(.text) for __aeabi_memcpy
    usart.o(i.USART2_IRQHandler) refers to esp.o(i.Parse_ESP_Data) for Parse_ESP_Data
    usart.o(i.USART2_IRQHandler) refers to strstr.o(.text) for strstr
    usart.o(i.USART2_IRQHandler) refers to util.o(i.ClearBuffer) for ClearBuffer
    usart.o(i.USART2_IRQHandler) refers to main.o(.data) for j
    usart.o(i.USART2_IRQHandler) refers to main.o(.bss) for RX2_Buffer
    usart.o(i.USART2_IRQHandler) refers to main.o(.bss) for CpyBuffer
    usart.o(i.USART2_IRQHandler) refers to main.o(.data) for browrser_request
    usart.o(i.USART2_Init) refers to usart.o(i.__NVIC_EnableIRQ) for __NVIC_EnableIRQ
    usart.o(i.USART3_Init) refers to usart.o(i.__NVIC_EnableIRQ) for __NVIC_EnableIRQ
    usart.o(i.USART6_IRQHandler) refers to usart.o(i.SendTxt_usart3) for SendTxt_usart3
    usart.o(i.USART6_IRQHandler) refers to rt_memcpy_v6.o(.text) for __aeabi_memcpy
    usart.o(i.USART6_IRQHandler) refers to util.o(i.ClearBuffer) for ClearBuffer
    usart.o(i.USART6_IRQHandler) refers to main.o(.data) for i
    usart.o(i.USART6_IRQHandler) refers to main.o(.bss) for RX6_BUFFER
    usart.o(i.USART6_IRQHandler) refers to main.o(.bss) for CpyBuffer2
    usart.o(i.USART6_Init) refers to usart.o(i.__NVIC_EnableIRQ) for __NVIC_EnableIRQ
    esp.o(i.ESP_Init_Station_Server) refers to _printf_percent.o(.ARM.Collect$$_printf_percent$$00000000) for _printf_percent
    esp.o(i.ESP_Init_Station_Server) refers to _printf_s.o(.ARM.Collect$$_printf_percent$$00000014) for _printf_s
    esp.o(i.ESP_Init_Station_Server) refers to _printf_str.o(.text) for _printf_str
    esp.o(i.ESP_Init_Station_Server) refers to esp.o(i.ESP_SendCommand) for ESP_SendCommand
    esp.o(i.ESP_Init_Station_Server) refers to noretval__2sprintf.o(.text) for __2sprintf
    esp.o(i.ESP_Init_Station_Server) refers to util.o(i.ClearBuffer) for ClearBuffer
    esp.o(i.ESP_Init_Station_Server) refers to main.o(.bss) for cmdBuffer
    esp.o(i.ESP_SendCommand) refers to usart.o(i.SendTxt_usart2) for SendTxt_usart2
    esp.o(i.ESP_SendCommand) refers to esp.o(i.waitForResponse) for waitForResponse
    esp.o(i.ESP_SendCommand) refers to util.o(i.delay_ms) for delay_ms
    esp.o(i.ESP_SendCommand) refers to util.o(i.IWDG_Refresh) for IWDG_Refresh
    esp.o(i.Parse_ESP_Data) refers to _scanf_int.o(.text) for _scanf_int
    esp.o(i.Parse_ESP_Data) refers to scanf1.o(x$fpl$scanf1) for _scanf_real
    esp.o(i.Parse_ESP_Data) refers to strstr.o(.text) for strstr
    esp.o(i.Parse_ESP_Data) refers to __0sscanf.o(.text) for __0sscanf
    esp.o(i.Parse_ESP_Data) refers to main.o(.data) for Esp_ADC_Value
    esp.o(i.waitForResponse) refers to util.o(i.delay_ms) for delay_ms
    esp.o(i.waitForResponse) refers to strstr.o(.text) for strstr
[...]
    .text                                    0x08001980   Section        0  bigflt0.o(.text)
    .text                                    0x08001a64   Section       74  sys_stackheap_outer.o(.text)
    .text                                    0x08001aae   Section        0  _rserrno.o(.text)
    .text                                    0x08001ac4   Section        0  scanf_hexfp.o(.text)
    .text                                    0x08001de4   Section        0  scanf_infnan.o(.text)
    .text                                    0x08001f18   Section        0  exit.o(.text)
    .text                                    0x08001f2c   Section      128  strcmpv7m.o(.text)
    .text                                    0x08001fac   Section       38  llshl.o(.text)
    .text                                    0x08001fd4   Section        0  sys_exit.o(.text)
    .text                                    0x08001fe0   Section        2  use_no_semi.o(.text)
    .text                                    0x08001fe2   Section        0  indicate_semi.o(.text)
    CL$$btod_d2e                             0x08001fe2   Section       62  btod.o(CL$$btod_d2e)
    CL$$btod_d2e_denorm_low                  0x08002020   Section       70  btod.o(CL$$btod_d2e_denorm_low)
    CL$$btod_d2e_norm_op1                    0x08002066   Section       96  btod.o(CL$$btod_d2e_norm_op1)
    CL$$btod_div_common                      0x080020c6   Section      824  btod.o(CL$$btod_div_common)
    CL$$btod_e2d                             0x08002400   Section      132  btod.o(CL$$btod_e2d)
    CL$$btod_e2e                             0x08002484   Section      220  btod.o(CL$$btod_e2e)
    CL$$btod_ediv                            0x08002560   Section       42  btod.o(CL$$btod_ediv)
    CL$$btod_edivd                           0x0800258a   Section       42  btod.o(CL$$btod_edivd)
    CL$$btod_emul                            0x080025b4   Section       42  btod.o(CL$$btod_emul)
    CL$$btod_emuld                           0x080025de   Section       42  btod.o(CL$$btod_emuld)
    CL$$btod_mult_common                     0x08002608   Section      580  btod.o(CL$$btod_mult_common)
    i.ClearBuffer                            0x0800284c   Section        0  util.o(i.ClearBuffer)
    i.ESP_Init_Station_Server                0x0800285c   Section        0  esp.o(i.ESP_Init_Station_Server)
    i.ESP_SendCommand                        0x08002974   Section        0  esp.o(i.ESP_SendCommand)
    i.GPIO_Init                              0x08002994   Section        0  spi.o(i.GPIO_Init)
    i.GSM_Init                               0x080029bc   Section        0  gsm.o(i.GSM_Init)
    i.GSM_SendCommand                        0x08002a7c   Section        0  gsm.o(i.GSM_SendCommand)
    i.GSM_SendData                           0x08002a94   Section        0  gsm.o(i.GSM_SendData)
    i.IWDG_Init                              0x08002bcc   Section        0  util.o(i.IWDG_Init)
    i.IWDG_Refresh                           0x08002c00   Section        0  util.o(i.IWDG_Refresh)
    i.LoRa_Receive_Mode                      0x08002c14   Section        0  sx1278.o(i.LoRa_Receive_Mode)
    i.Parse_ESP_Data                         0x08002c70   Section        0  esp.o(i.Parse_ESP_Data)
    i.Parse_LoRa_Data                        0x08002d60   Section        0  sx1278.o(i.Parse_LoRa_Data)
    i.SPI1_Init                              0x08002e38   Section        0  spi.o(i.SPI1_Init)
    i.SX1278_BurstRead                       0x08002e88   Section        0  sx1278.o(i.SX1278_BurstRead)
    i.SX1278_LoRaEntryRx1                    0x08002ee0   Section        0  sx1278.o(i.SX1278_LoRaEntryRx1)
    i.SX1278_LoRaRxPacket1                   0x08002f5c   Section        0  sx1278.o(i.SX1278_LoRaRxPacket1)
    i.SX1278_begin1                          0x08002fa8   Section        0  sx1278.o(i.SX1278_begin1)
    i.SX1278_clearLoRaIrq1                   0x08002fac   Section        0  sx1278.o(i.SX1278_clearLoRaIrq1)
    i.SX1278_config1                         0x08002fb4   Section        0  sx1278.o(i.SX1278_config1)
    i.SX1278_defaultConfig1                  0x08003070   Section        0  sx1278.o(i.SX1278_defaultConfig1)
    i.SX1278_entryLoRa1                      0x08003074   Section        0  sx1278.o(i.SX1278_entryLoRa1)
    i.SX1278_hw_DelayMs                      0x080030b8   Section        0  sx1278.o(i.SX1278_hw_DelayMs)
    i.SX1278_hw_Reset1                       0x080030c4   Section        0  sx1278.o(i.SX1278_hw_Reset1)
    i.SX1278_read1                           0x080030fc   Section        0  sx1278.o(i.SX1278_read1)
    i.SX1278_sleep1                          0x08003120   Section        0  sx1278.o(i.SX1278_sleep1)
    i.SX1278_standby1                        0x08003168   Section        0  sx1278.o(i.SX1278_standby1)
    i.SendChar_usart1                        0x080031ac   Section        0  usart.o(i.SendChar_usart1)
    i.SendChar_usart2                        0x080031bc   Section        0  usart.o(i.SendChar_usart2)
    i.SendChar_usart3                        0x080031d0   Section        0  usart.o(i.SendChar_usart3)
    i.SendChar_usart6                        0x080031e4   Section        0  usart.o(i.SendChar_usart6)
    i.SendTxt_usart1                         0x080031f8   Section        0  usart.o(i.SendTxt_usart1)
    i.SendTxt_usart2                         0x0800320c   Section        0  usart.o(i.SendTxt_usart2)
    i.SendTxt_usart3                         0x08003220   Section        0  usart.o(i.SendTxt_usart3)
    i.SendTxt_usart6                         0x08003234   Section        0  usart.o(i.SendTxt_usart6)
    i.SystemInit                             0x08003248   Section        0  system_stm32f4xx.o(i.SystemInit)
    i.USART1_Init                            0x08003258   Section        0  usart.o(i.USART1_Init)
    i.USART2_IRQHandler                      0x080032b8   Section        0  usart.o(i.USART2_IRQHandler)
    i.USART2_Init                            0x0800334c   Section        0  usart.o(i.USART2_Init)
    i.USART3_Init                            0x080033c8   Section        0  usart.o(i.USART3_Init)
    i.USART6_IRQHandler                      0x08003448   Section        0  usart.o(i.USART6_IRQHandler)
    i.USART6_Init                            0x080034a4   Section        0  usart.o(i.USART6_Init)
    i.__ARM_fpclassify                       0x08003508   Section        0  fpclassify.o(i.__ARM_fpclassify)
    i.__NVIC_EnableIRQ                       0x08003538   Section        0  usart.o(i.__NVIC_EnableIRQ)
    __NVIC_EnableIRQ                         0x08003539   Thumb Code    26  usart.o(i.__NVIC_EnableIRQ)
    i.__NVIC_SetPriority                     0x08003552   Section        0  main.o(i.__NVIC_SetPriority)
    __NVIC_SetPriority                       0x08003553   Thumb Code    32  main.o(i.__NVIC_SetPriority)
    i.__hardfp___mathlib_tofloat             0x08003578   Section        0  narrow.o(i.__hardfp___mathlib_tofloat)
    i.__hardfp_ldexp                         0x08003670   Section        0  ldexp.o(i.__hardfp_ldexp)
    i.__mathlib_dbl_overflow                 0x08003740   Section        0  dunder.o(i.__mathlib_dbl_overflow)
    i.__mathlib_dbl_underflow                0x08003760   Section        0  dunder.o(i.__mathlib_dbl_underflow)
    i.__mathlib_narrow                       0x08003780   Section        0  narrow.o(i.__mathlib_narrow)
    i.__support_ldexp                        0x08003792   Section        0  ldexp.o(i.__support_ldexp)
    i._is_digit                              0x080037a6   Section        0  __printf_wp.o(i._is_digit)
    i.all_data_res                           0x080037b4   Section        0  webserver.o(i.all_data_res)
    i.config_register                        0x08003950   Section        0  sx1278.o(i.config_register)
    i.delay                                  0x0800399c   Section        0  sx1278.o(i.delay)
    i.delay_ms                               0x080039a4   Section        0  util.o(i.delay_ms)
    i.extractLinkID                          0x080039dc   Section        0  webserver.o(i.extractLinkID)
    i.frexp                                  0x08003a00   Section        0  frexp.o(i.frexp)
    i.main                                   0x08003a8c   Section        0  main.o(i.main)
    i.processRequest                         0x08003b54   Section        0  webserver.o(i.processRequest)
    i.read_adress                            0x08003dbc   Section        0  sx1278.o(i.read_adress)
    i.sendHTML                               0x08003e08   Section        0  webserver.o(i.sendHTML)
    i.waitForResponse                        0x08003e9c   Section        0  esp.o(i.waitForResponse)
    locale$$code                             0x08003ebc   Section       44  lc_numeric_c.o(locale$$code)
    locale$$code                             0x08003ee8   Section       44  lc_ctype_c.o(locale$$code)
    x$fpl$d2f                                0x08003f14   Section       98  d2f.o(x$fpl$d2f)
    $v0                                      0x08003f14   Number         0  d2f.o(x$fpl$d2f)
    x$fpl$dcheck1                            0x08003f78   Section       16  dcheck1.o(x$fpl$dcheck1)
    $v0                                      0x08003f78   Number         0  dcheck1.o(x$fpl$dcheck1)
    x$fpl$dcmpinf                            0x08003f88   Section       24  dcmpi.o(x$fpl$dcmpinf)
    $v0                                      0x08003f88   Number         0  dcmpi.o(x$fpl$dcmpinf)
    x$fpl$deqf                               0x08003fa0   Section      120  deqf.o(x$fpl$deqf)
    $v0                                      0x08003fa0   Number         0  deqf.o(x$fpl$deqf)
    x$fpl$dleqf                              0x08004018   Section      120  dleqf.o(x$fpl$dleqf)
    $v0                                      0x08004018   Number         0  dleqf.o(x$fpl$dleqf)
    x$fpl$dmul                               0x08004090   Section      340  dmul.o(x$fpl$dmul)
    $v0                                      0x08004090   Number         0  dmul.o(x$fpl$dmul)
    x$fpl$dnaninf                            0x080041e4   Section      156  dnaninf.o(x$fpl$dnaninf)
    $v0                                      0x080041e4   Number         0  dnaninf.o(x$fpl$dnaninf)
    x$fpl$dretinf                            0x08004280   Section       12  dretinf.o(x$fpl$dretinf)
    $v0                                      0x08004280   Number         0  dretinf.o(x$fpl$dretinf)
    x$fpl$drleqf                             0x0800428c   Section      108  drleqf.o(x$fpl$drleqf)
    $v0                                      0x0800428c   Number         0  drleqf.o(x$fpl$drleqf)
    x$fpl$f2d                                0x080042f8   Section       86  f2d.o(x$fpl$f2d)
    $v0                                      0x080042f8   Number         0  f2d.o(x$fpl$f2d)
    x$fpl$fnaninf                            0x0800434e   Section      140  fnaninf.o(x$fpl$fnaninf)
    $v0                                      0x0800434e   Number         0  fnaninf.o(x$fpl$fnaninf)
    x$fpl$fpinit                             0x080043da   Section       10  fpinit.o(x$fpl$fpinit)
    $v0                                      0x080043da   Number         0  fpinit.o(x$fpl$fpinit)
    x$fpl$fretinf                            0x080043e4   Section       10  fretinf.o(x$fpl$fretinf)
    $v0                                      0x080043e4   Number         0  fretinf.o(x$fpl$fretinf)
    x$fpl$ieeestatus                         0x080043ee   Section        6  istatus.o(x$fpl$ieeestatus)
    $v0                                      0x080043ee   Number         0  istatus.o(x$fpl$ieeestatus)
    x$fpl$printf1                            0x080043f4   Section        4  printf1.o(x$fpl$printf1)
    $v0                                      0x080043f4   Number         0  printf1.o(x$fpl$printf1)
    x$fpl$retnan                             0x080043f8   Section      100  retnan.o(x$fpl$retnan)
    $v0                                      0x080043f8   Number         0  retnan.o(x$fpl$retnan)
    x$fpl$scalbn                             0x0800445c   Section       92  scalbn.o(x$fpl$scalbn)
    $v0                                      0x0800445c   Number         0  scalbn.o(x$fpl$scalbn)
    x$fpl$scanf1                             0x080044b8   Section        4  scanf1.o(x$fpl$scanf1)
    $v0                                      0x080044b8   Number         0  scanf1.o(x$fpl$scanf1)
    x$fpl$scanf2                             0x080044bc   Section        8  scanf2.o(x$fpl$scanf2)
    $v0                                      0x080044bc   Number         0  scanf2.o(x$fpl$scanf2)
    x$fpl$trapveneer                         0x080044c4   Section       48  trapv.o(x$fpl$trapveneer)
    $v0                                      0x080044c4   Number         0  trapv.o(x$fpl$trapveneer)
    .constdata                               0x080044f4   Section    14324  webserver.o(.constdata)
    x$fpl$usenofp                            0x080044f4   Section        0  usenofp.o(x$fpl$usenofp)
    .constdata                               0x08007ce8   Section      148  bigflt0.o(.constdata)
    tenpwrs_x                                0x08007ce8   Data          60  bigflt0.o(.constdata)
    tenpwrs_i                                0x08007d24   Data          64  bigflt0.o(.constdata)
    .conststring                             0x08007d7c   Section      141  gsm.o(.conststring)
    .conststring                             0x08007e0c   Section       92  webserver.o(.conststring)
    c$$dinf                                  0x08007e88   Section        8  fpconst.o(c$$dinf)
    c$$dmax                                  0x08007e90   Section        8  fpconst.o(c$$dmax)
    locale$$data                             0x08007e98   Section       28  lc_numeric_c.o(locale$$data)
    __lcnum_c_name                           0x08007e9c   Data           2  lc_numeric_c.o(locale$$data)
    __lcnum_c_start                          0x08007ea4   Data           0  lc_numeric_c.o(locale$$data)
    __lcnum_c_point                          0x08007eb0   Data           0  lc_numeric_c.o(locale$$data)
    __lcnum_c_thousands                      0x08007eb2   Data           0  lc_numeric_c.o(locale$$data)
    __lcnum_c_grouping                       0x08007eb3   Data           0  lc_numeric_c.o(locale$$data)
    locale$$data                             0x08007eb4   Section      272  lc_ctype_c.o(locale$$data)
    __lcnum_c_end                            0x08007eb4   Data           0  lc_numeric_c.o(locale$$data)
    __lcctype_c_name                         0x08007eb8   Data           2  lc_ctype_c.o(locale$$data)
    __lcctype_c_start                        0x08007ec0   Data           0  lc_ctype_c.o(locale$$data)
    __lcctype_c_end                          0x08007fc4   Data           0  lc_ctype_c.o(locale$$data)
    .data                                    0x20000000   Section        4  main.o(.data)
    .data                                    0x20000004   Section        1  main.o(.data)
    .data                                    0x20000008   Section       28  main.o(.data)
    .data                                    0x20000024   Section        4  main.o(.data)
    .data                                    0x20000028   Section        1  main.o(.data)
    .data                                    0x20000029   Section        1  sx1278.o(.data)
    .data                                    0x2000002c   Section        4  system_stm32f4xx.o(.data)
    .bss                                     0x20000030   Section      564  main.o(.bss)
    .bss                                     0x20000264   Section      500  main.o(.bss)
    .bss                                     0x20000458   Section      500  main.o(.bss)
    .bss                                     0x2000064c   Section      500  main.o(.bss)
    .bss                                     0x20000840   Section      500  main.o(.bss)
    .bss                                     0x20000a34   Section      256  sx1278.o(.bss)
    .bss                                     0x20000b34   Section       96  libspace.o(.bss)
    HEAP                                     0x20000b98   Section      512  startup_stm32f407xx.o(HEAP)
    Heap_Mem                                 0x20000b98   Data         512  startup_stm32f407xx.o(HEAP)
    STACK                                    0x20000d98   Section     1024  startup_stm32f407xx.o(STACK)
    Stack_Mem                                0x20000d98   Data        1024  startup_stm32f407xx.o(STACK)
    __initial_sp                             0x20001198   Data           0  startup_stm32f407xx.o(STACK)

    Global Symbols

    Symbol Name                              Value     Ov Type        Size  Object(Section)

    BuildAttributes$$THM_ISAv4$E$P$D$K$B$S$7EM$VFPi3$EXTD16$VFPS$VFMA$PE$A:L22UL41UL21$X:L11$S22US41US21$IEEE1$IW$USESV6$~STKCKD$USESV7$~SHL$OTIME$ROPI$IEEEX$EBA8$UX$STANDARDLIB$REQ8$PRES8$EABIv2 0x00000000   Number         0  anon$$obj.o ABSOLUTE
    __ARM_use_no_argv                        0x00000000   Number         0  main.o ABSOLUTE
    _printf_flags                            0x00000000   Number         0  printf_stubs.o ABSOLUTE
    _printf_return_value                     0x00000000   Number         0  printf_stubs.o ABSOLUTE
    _printf_sizespec                         0x00000000   Number         0  printf_stubs.o ABSOLUTE
    _printf_widthprec                        0x00000000   Number         0  printf_stubs.o ABSOLUTE
    __ARM_exceptions_init                     - Undefined Weak Reference
    __alloca_initialize                       - Undefined Weak Reference
    __arm_preinit_                            - Undefined Weak Reference
    __cpp_initialize__aeabi_                  - Undefined Weak Reference
    __cxa_finalize                            - Undefined Weak Reference
    __sigvec_lookup                           - Undefined Weak Reference
    _atexit_init                              - Undefined Weak Reference
    _call_atexit_fns                          - Undefined Weak Reference
    _clock_init                               - Undefined Weak Reference
    _fp_trap_init                             - Undefined Weak Reference
    _fp_trap_shutdown                         - Undefined Weak Reference
    _get_lc_collate                           - Undefined Weak Reference
    _get_lc_monetary                          - Undefined Weak Reference
    _get_lc_time                              - Undefined Weak Reference
    _getenv_init                              - Undefined Weak Reference
    _handle_redirection                       - Undefined Weak Reference
    _init_alloc                               - Undefined Weak Reference
    _init_user_alloc                          - Undefined Weak Reference
    _initio                                   - Undefined Weak Reference
    _printf_mbtowc                            - Undefined Weak Reference
    _printf_post_padding                      - Undefined Weak Reference
    _printf_pre_padding                       - Undefined Weak Reference
    _rand_init                                - Undefined Weak Reference
    _scanf_longlong                           - Undefined Weak Reference
    _scanf_mbtowc                             - Undefined Weak Reference
    _scanf_string                             - Undefined Weak Reference
    _scanf_wctomb                             - Undefined Weak Reference
    _scanf_wstring                            - Undefined Weak Reference
    _signal_finish                            - Undefined Weak Reference
    _signal_init                              - Undefined Weak Reference
    _terminate_alloc                          - Undefined Weak Reference
    _terminate_user_alloc                     - Undefined Weak Reference
    _terminateio                              - Undefined Weak Reference
    __Vectors_Size                           0x00000188   Number         0  startup_stm32f407xx.o ABSOLUTE
    __Vectors                                0x08000000   Data           4  startup_stm32f407xx.o(RESET)
    __Vectors_End                            0x08000188   Data           0  startup_stm32f407xx.o(RESET)
    __main                                   0x08000189   Thumb Code     8  __main.o(!!!main)
    __scatterload                            0x08000191   Thumb Code     0  __scatter.o(!!!scatter)
    __scatterload_rt2                        0x08000191   Thumb Code    44  __scatter.o(!!!scatter)
    __scatterload_rt2_thumb_only             0x08000191   Thumb Code     0  __scatter.o(!!!scatter)
    __scatterload_null                       0x0800019f   Thumb Code     0  __scatter.o(!!!scatter)
    __scatterload_copy                       0x080001c5   Thumb Code    26  __scatter_copy.o(!!handler_copy)
    __scatterload_zeroinit                   0x080001e1   Thumb Code    28  __scatter_zi.o(!!handler_zi)
    _printf_f                                0x080001fd   Thumb Code     0  _printf_f.o(.ARM.Collect$$_printf_percent$$00000003)
    _printf_percent                          0x080001fd   Thumb Code     0  _printf_percent.o(.ARM.Collect$$_printf_percent$$00000000)
    _printf_d                                0x08000203   Thumb Code     0  _printf_d.o(.ARM.Collect$$_printf_percent$$00000009)
    _printf_u                                0x08000209   Thumb Code     0  _printf_u.o(.ARM.Collect$$_printf_percent$$0000000A)
    _printf_s                                0x0800020f   Thumb Code     0  _printf_s.o(.ARM.Collect$$_printf_percent$$00000014)
    _printf_percent_end                      0x08000215   Thumb Code     0  _printf_percent_end.o(.ARM.Collect$$_printf_percent$$00000017)
    __rt_lib_init                            0x08000219   Thumb Code     0  libinit.o(.ARM.Collect$$libinit$$00000000)
    __rt_lib_init_fp_1                       0x0800021b   Thumb Code     0  libinit2.o(.ARM.Collect$$libinit$$00000001)
    __rt_lib_init_heap_1                     0x0800021f   Thumb Code     0  libinit2.o(.ARM.Collect$$libinit$$0000000A)
    __rt_lib_init_lc_common                  0x0800021f   Thumb Code     0  libinit2.o(.ARM.Collect$$libinit$$0000000F)
    __rt_lib_init_preinit_1                  0x0800021f   Thumb Code     0  libinit2.o(.ARM.Collect$$libinit$$00000004)
    __rt_lib_init_rand_1                     0x0800021f   Thumb Code     0  libinit2.o(.ARM.Collect$$libinit$$0000000E)
    __rt_lib_init_user_alloc_1               0x0800021f   Thumb Code     0  libinit2.o(.ARM.Collect$$libinit$$0000000C)
    __rt_lib_init_lc_collate_1               0x08000225   Thumb Code     0  libinit2.o(.ARM.Collect$$libinit$$00000011)
    __rt_lib_init_lc_ctype_2                 0x08000225   Thumb Code     0  libinit2.o(.ARM.Collect$$libinit$$00000012)
    __rt_lib_init_lc_ctype_1                 0x08000231   Thumb Code     0  libinit2.o(.ARM.Collect$$libinit$$00000013)
    __rt_lib_init_lc_monetary_1              0x08000231   Thumb Code     0  libinit2.o(.ARM.Collect$$libinit$$00000015)
    __rt_lib_init_lc_numeric_2               0x08000231   Thumb Code     0  libinit2.o(.ARM.Collect$$libinit$$00000016)
    __rt_lib_init_alloca_1                   0x0800023b   Thumb Code     0  libinit2.o(.ARM.Collect$$libinit$$0000002E)
    __rt_lib_init_argv_1                     0x0800023b   Thumb Code     0  libinit2.o(.ARM.Collect$$libinit$$0000002C)
    __rt_lib_init_atexit_1                   0x0800023b   Thumb Code     0  libinit2.o(.ARM.Collect$$libinit$$0000001B)
    __rt_lib_init_clock_1                    0x0800023b   Thumb Code     0  libinit2.o(.ARM.Collect$$libinit$$00000021)
    __rt_lib_init_cpp_1                      0x0800023b   Thumb Code     0  libinit2.o(.ARM.Collect$$libinit$$00000032)
    __rt_lib_init_exceptions_1               0x0800023b   Thumb Code     0  libinit2.o(.ARM.Collect$$libinit$$00000030)
    __rt_lib_init_fp_trap_1                  0x0800023b   Thumb Code     0  libinit2.o(.ARM.Collect$$libinit$$0000001F)
    __rt_lib_init_getenv_1                   0x0800023b   Thumb Code     0  libinit2.o(.ARM.Collect$$libinit$$00000023)
    __rt_lib_init_lc_numeric_1               0x0800023b   Thumb Code     0  libinit2.o(.ARM.Collect$$libinit$$00000017)
    __rt_lib_init_lc_time_1                  0x0800023b   Thumb Code     0  libinit2.o(.ARM.Collect$$libinit$$00000019)
    __rt_lib_init_return                     0x0800023b   Thumb Code     0  libinit2.o(.ARM.Collect$$libinit$$00000033)
    __rt_lib_init_signal_1                   0x0800023b   Thumb Code     0  libinit2.o(.ARM.Collect$$libinit$$0000001D)
    __rt_lib_init_stdio_1                    0x0800023b   Thumb Code     0  libinit2.o(.ARM.Collect$$libinit$$00000025)
    __rt_lib_shutdown                        0x0800023d   Thumb Code     0  libshutdown.o(.ARM.Collect$$libshutdown$$00000000)
    __rt_lib_shutdown_cpp_1                  0x0800023f   Thumb Code     0  libshutdown2.o(.ARM.Collect$$libshutdown$$00000002)
    __rt_lib_shutdown_fp_trap_1              0x0800023f   Thumb Code     0  libshutdown2.o(.ARM.Collect$$libshutdown$$00000007)
    __rt_lib_shutdown_heap_1                 0x0800023f   Thumb Code     0  libshutdown2.o(.ARM.Collect$$libshutdown$$0000000F)
    __rt_lib_shutdown_return                 0x0800023f   Thumb Code     0  libshutdown2.o(.ARM.Collect$$libshutdown$$00000010)
    __rt_lib_shutdown_signal_1               0x0800023f   Thumb Code     0  libshutdown2.o(.ARM.Collect$$libshutdown$$0000000A)
    __rt_lib_shutdown_stdio_1                0x0800023f   Thumb Code     0  libshutdown2.o(.ARM.Collect$$libshutdown$$00000004)
    __rt_lib_shutdown_user_alloc_1           0x0800023f   Thumb Code     0  libshutdown2.o(.ARM.Collect$$libshutdown$$0000000C)
    __rt_entry                               0x08000241   Thumb Code     0  __rtentry.o(.ARM.Collect$$rtentry$$00000000)
    __rt_entry_presh_1                       0x08000241   Thumb Code     0  __rtentry2.o(.ARM.Collect$$rtentry$$00000002)
    __rt_entry_sh                            0x08000241   Thumb Code     0  __rtentry4.o(.ARM.Collect$$rtentry$$00000004)
    __rt_entry_li                            0x08000247   Thumb Code     0  __rtentry2.o(.ARM.Collect$$rtentry$$0000000A)
    __rt_entry_postsh_1                      0x08000247   Thumb Code     0  __rtentry2.o(.ARM.Collect$$rtentry$$00000009)
    __rt_entry_main                          0x0800024b   Thumb Code     0  __rtentry2.o(.ARM.Collect$$rtentry$$0000000D)
    __rt_entry_postli_1                      0x0800024b   Thumb Code     0  __rtentry2.o(.ARM.Collect$$rtentry$$0000000C)
    __rt_exit                                0x08000253   Thumb Code     0  rtexit.o(.ARM.Collect$$rtexit$$00000000)
    __rt_exit_ls                             0x08000255   Thumb Code     0  rtexit2.o(.ARM.Collect$$rtexit$$00000003)
    __rt_exit_prels_1                        0x08000255   Thumb Code     0  rtexit2.o(.ARM.Collect$$rtexit$$00000002)
    __rt_exit_exit                           0x08000259   Thumb Code     0  rtexit2.o(.ARM.Collect$$rtexit$$00000004)
    Reset_Handler                            0x08000261   Thumb Code     8  startup_stm32f407xx.o(.text)
    NMI_Handler                              0x08000269   Thumb Code     2  startup_stm32f407xx.o(.text)
    HardFault_Handler                        0x0800026b   Thumb Code     2  startup_stm32f407xx.o(.text)
    MemManage_Handler                        0x0800026d   Thumb Code     2  startup_stm32f407xx.o(.text)
    BusFault_Handler                         0x0800026f   Thumb Code     2  startup_stm32f407xx.o(.text)
    UsageFault_Handler                       0x08000271   Thumb Code     2  startup_stm32f407xx.o(.text)
    SVC_Handler                              0x08000273   Thumb Code     2  startup_stm32f407xx.o(.text)
    DebugMon_Handler                         0x08000275   Thumb Code     2  startup_stm32f407xx.o(.text)
    PendSV_Handler                           0x08000277   Thumb Code     2  startup_stm32f407xx.o(.text)
    SysTick_Handler                          0x08000279   Thumb Code     2  startup_stm32f407xx.o(.text)
    ADC_IRQHandler                           0x0800027b   Thumb Code     0  startup_stm32f407xx.o(.text)
    CAN1_RX0_IRQHandler                      0x0800027b   Thumb Code     0  startup_stm32f407xx.o(.text)
    CAN1_RX1_IRQHandler                      0x0800027b   Thumb Code     0  startup_stm32f407xx.o(.text)
    CAN1_SCE_IRQHandler                      0x0800027b   Thumb Code     0  startup_stm32f407xx.o(.text)
    CAN1_TX_IRQHandler                       0x0800027b   Thumb Code     0  startup_stm32f407xx.o(.text)
    CAN2_RX0_IRQHandler                      0x0800027b   Thumb Code     0  startup_stm32f407xx.o(.text)
    CAN2_RX1_IRQHandler                      0x0800027b   Thumb Code     0  startup_stm32f407xx.o(.text)
    CAN2_SCE_IRQHandler                      0x0800027b   Thumb Code     0  startup_stm32f407xx.o(.text)
    CAN2_TX_IRQHandler                       0x0800027b   Thumb Code     0  startup_stm32f407xx.o(.text)
    DCMI_IRQHandler                          0x0800027b   Thumb Code     0  startup_stm32f407xx.o(.text)
    DMA1_Stream0_IRQHandler                  0x0800027b   Thumb Code     0  startup_stm32f407xx.o(.text)
    DMA1_Stream1_IRQHandler                  0x0800027b   Thumb Code     0  startup_stm32f407xx.o(.text)
    DMA1_Stream2_IRQHandler                  0x0800027b   Thumb Code     0  startup_stm32f407xx.o(.text)
    DMA1_Stream3_IRQHandler                  0x0800027b   Thumb Code     0  startup_stm32f407xx.o(.text)
    DMA1_Stream4_IRQHandler                  0x0800027b   Thumb Code     0  startup_stm32f407xx.o(.text)
    DMA1_Stream5_IRQHandler                  0x0800027b   Thumb Code     0  startup_stm32f407xx.o(.text)
    DMA1_Stream6_IRQHandler                  0x0800027b   Thumb Code     0  startup_stm32f407xx.o(.text)
    DMA1_Stream7_IRQHandler                  0x0800027b   Thumb Code     0  startup_stm32f407xx.o(.text)
    DMA2_Stream0_IRQHandler                  0x0800027b   Thumb Code     0  startup_stm32f407xx.o(.text)
    DMA2_Stream1_IRQHandler                  0x0800027b   Thumb Code     0  startup_stm32f407xx.o(.text)
    DMA2_Stream2_IRQHandler                  0x0800027b   Thumb Code     0  startup_stm32f407xx.o(.text)
    DMA2_Stream3_IRQHandler                  0x0800027b   Thumb Code     0  startup_stm32f407xx.o(.text)
    DMA2_Stream4_IRQHandler                  0x0800027b   Thumb Code     0  startup_stm32f407xx.o(.text)
    DMA2_Stream5_IRQHandler                  0x0800027b   Thumb Code     0  startup_stm32f407xx.o(.text)
    DMA2_Stream6_IRQHandler                  0x0800027b   Thumb Code     0  startup_stm32f407xx.o(.text)
    DMA2_Stream7_IRQHandler                  0x0800027b   Thumb Code     0  startup_stm32f407xx.o(.text)
    ETH_IRQHandler                           0x0800027b   Thumb Code     0  startup_stm32f407xx.o(.text)
    ETH_WKUP_IRQHandler                      0x0800027b   Thumb Code     0  startup_stm32f407xx.o(.text)
    EXTI0_IRQHandler                         0x0800027b   Thumb Code     0  startup_stm32f407xx.o(.text)
    EXTI15_10_IRQHandler                     0x0800027b   Thumb Code     0  startup_stm32f407xx.o(.text)
    EXTI1_IRQHandler                         0x0800027b   Thumb Code     0  startup_stm32f407xx.o(.text)
    EXTI2_IRQHandler                         0x0800027b   Thumb Code     0  startup_stm32f407xx.o(.text)
    EXTI3_IRQHandler                         0x0800027b   Thumb Code     0  startup_stm32f407xx.o(.text)
    EXTI4_IRQHandler                         0x0800027b   Thumb Code     0  startup_stm32f407xx.o(.text)
    EXTI9_5_IRQHandler                       0x0800027b   Thumb Code     0  startup_stm32f407xx.o(.text)
    FLASH_IRQHandler                         0x0800027b   Thumb Code     0  startup_stm32f407xx.o(.text)
    FMC_IRQHandler                           0x0800027b   Thumb Code     0  startup_stm32f407xx.o(.text)
    FPU_IRQHandler                           0x0800027b   Thumb Code     0  startup_stm32f407xx.o(.text)
    HASH_RNG_IRQHandler                      0x0800027b   Thumb Code     0  startup_stm32f407xx.o(.text)
    I2C1_ER_IRQHandler                       0x0800027b   Thumb Code     0  startup_stm32f407xx.o(.text)
    I2C1_EV_IRQHandler                       0x0800027b   Thumb Code     0  startup_stm32f407xx.o(.text)
    I2C2_ER_IRQHandler                       0x0800027b   Thumb Code     0  startup_stm32f407xx.o(.text)
    I2C2_EV_IRQHandler                       0x0800027b   Thumb Code     0  startup_stm32f407xx.o(.text)
    I2C3_ER_IRQHandler                       0x0800027b   Thumb Code     0  startup_stm32f407xx.o(.text)
    I2C3_EV_IRQHandler                       0x0800027b   Thumb Code     0  startup_stm32f407xx.o(.text)
    OTG_FS_IRQHandler                        0x0800027b   Thumb Code     0  startup_stm32f407xx.o(.text)
    OTG_FS_WKUP_IRQHandler                   0x0800027b   Thumb Code     0  startup_stm32f407xx.o(.text)
    OTG_HS_EP1_IN_IRQHandler                 0x0800027b   Thumb Code     0  startup_stm32f407xx.o(.text)
    OTG_HS_EP1_OUT_IRQHandler                0x0800027b   Thumb Code     0  startup_stm32f407xx.o(.text)
    OTG_HS_IRQHandler                        0x0800027b   Thumb Code     0  startup_stm32f407xx.o(.text)
    OTG_HS_WKUP_IRQHandler                   0x0800027b   Thumb Code     0  startup_stm32f407xx.o(.text)
    PVD_IRQHandler                           0x0800027b   Thumb Code     0  startup_stm32f407xx.o(.text)
    RCC_IRQHandler                           0x0800027b   Thumb Code     0  startup_stm32f407xx.o(.text)
    RTC_Alarm_IRQHandler                     0x0800027b   Thumb Code     0  startup_stm32f407xx.o(.text)
    RTC_WKUP_IRQHandler                      0x0800027b   Thumb Code     0  startup_stm32f407xx.o(.text)
    SDIO_IRQHandler                          0x0800027b   Thumb Code     0  startup_stm32f407xx.o(.text)
    SPI1_IRQHandler                          0x0800027b   Thumb Code     0  startup_stm32f407xx.o(.text)
    SPI2_IRQHandler                          0x0800027b   Thumb Code     0  startup_stm32f407xx.o(.text)
    SPI3_IRQHandler                          0x0800027b   Thumb Code     0  startup_stm32f407xx.o(.text)
    TAMP_STAMP_IRQHandler                    0x0800027b   Thumb Code     0  startup_stm32f407xx.o(.text)
    TIM1_BRK_TIM9_IRQHandler                 0x0800027b   Thumb Code     0  startup_stm32f407xx.o(.text)
    TIM1_CC_IRQHandler                       0x0800027b   Thumb Code     0  startup_stm32f407xx.o(.text)
    TIM1_TRG_COM_TIM11_IRQHandler            0x0800027b   Thumb Code     0  startup_stm32f407xx.o(.text)
    TIM1_UP_TIM10_IRQHandler                 0x0800027b   Thumb Code     0  startup_stm32f407xx.o(.text)
    TIM2_IRQHandler                          0x0800027b   Thumb Code     0  startup_stm32f407xx.o(.text)
    TIM3_IRQHandler                          0x0800027b   Thumb Code     0  startup_stm32f407xx.o(.text)
    TIM4_IRQHandler                          0x0800027b   Thumb Code     0  startup_stm32f407xx.o(.text)
    TIM5_IRQHandler                          0x0800027b   Thumb Code     0  startup_stm32f407xx.o(.text)
    TIM6_DAC_IRQHandler                      0x0800027b   Thumb Code     0  startup_stm32f407xx.o(.text)
    TIM7_IRQHandler                          0x0800027b   Thumb Code     0  startup_stm32f407xx.o(.text)
    TIM8_BRK_TIM12_IRQHandler                0x0800027b   Thumb Code     0  startup_stm32f407xx.o(.text)
    TIM8_CC_IRQHandler                       0x0800027b   Thumb Code     0  startup_stm32f407xx.o(.text)
    TIM8_TRG_COM_TIM14_IRQHandler            0x0800027b   Thumb Code     0  startup_stm32f407xx.o(.text)
    TIM8_UP_TIM13_IRQHandler                 0x0800027b   Thumb Code     0  startup_stm32f407xx.o(.text)
    UART4_IRQHandler                         0x0800027b   Thumb Code     0  startup_stm32f407xx.o(.text)
    UART5_IRQHandler                         0x0800027b   Thumb Code     0  startup_stm32f407xx.o(.text)
    USART1_IRQHandler                        0x0800027b   Thumb Code     0  startup_stm32f407xx.o(.text)
    USART3_IRQHandler                        0x0800027b   Thumb Code     0  startup_stm32f407xx.o(.text)
    WWDG_IRQHandler                          0x0800027b   Thumb Code     0  startup_stm32f407xx.o(.text)
    __user_initial_stackheap                 0x0800027d   Thumb Code     0  startup_stm32f407xx.o(.text)
    __2sprintf                               0x080002a1   Thumb Code    34  noretval__2sprintf.o(.text)
    __2snprintf                              0x080002c9   Thumb Code    48  noretval__2snprintf.o(.text)
    _printf_truncate_signed                  0x080002fd   Thumb Code    18  _printf_truncate.o(.text)
    _printf_truncate_unsigned                0x0800030f   Thumb Code    18  _printf_truncate.o(.text)
    _printf_str                              0x08000321   Thumb Code    82  _printf_str.o(.text)
    _printf_int_dec                          0x08000375   Thumb Code   104  _printf_dec.o(.text)
    __printf                                 0x080003ed   Thumb Code   352  __printf_ss_wp.o(.text)
    __0sscanf                                0x0800054d   Thumb Code    52  __0sscanf.o(.text)
    _scanf_int                               0x08000589   Thumb Code   332  _scanf_int.o(.text)
    atoi                                     0x080006d5   Thumb Code    26  atoi.o(.text)
    strstr                                   0x080006ef   Thumb Code    36  strstr.o(.text)
    strlen                                   0x08000713   Thumb Code    62  strlen.o(.text)
    strcat                                   0x08000751   Thumb Code    24  strcat.o(.text)
    __aeabi_memcpy                           0x08000769   Thumb Code     0  rt_memcpy_v6.o(.text)
    __rt_memcpy                              0x08000769   Thumb Code   138  rt_memcpy_v6.o(.text)
    _memcpy_lastbytes                        0x080007cf   Thumb Code     0  rt_memcpy_v6.o(.text)
    __aeabi_memclr                           0x080007f3   Thumb Code     0  rt_memclr.o(.text)
    __rt_memclr                              0x080007f3   Thumb Code    68  rt_memclr.o(.text)
    _memset                                  0x080007f7   Thumb Code     0  rt_memclr.o(.text)
    __use_two_region_memory                  0x08000837   Thumb Code     2  heapauxi.o(.text)
    __rt_heap_escrow$2region                 0x08000839   Thumb Code     2  heapauxi.o(.text)
    __rt_heap_expand$2region                 0x0800083b   Thumb Code     2  heapauxi.o(.text)
    __aeabi_errno_addr                       0x0800083d   Thumb Code     8  rt_errno_addr_intlibspace.o(.text)
    __errno$intlibspace                      0x0800083d   Thumb Code     0  rt_errno_addr_intlibspace.o(.text)
    __rt_errno_addr$intlibspace              0x0800083d   Thumb Code     0  rt_errno_addr_intlibspace.o(.text)
    _printf_int_common                       0x08000845   Thumb Code   178  _printf_intcommon.o(.text)
    __lib_sel_fp_printf                      0x080008f7   Thumb Code     2  _printf_fp_dec.o(.text)
    _printf_fp_dec_real                      0x08000aa9   Thumb Code   620  _printf_fp_dec.o(.text)
    _printf_char_common                      0x08000d1f   Thumb Code    32  _printf_char_common.o(.text)
    _sputc                                   0x08000d45   Thumb Code    10  _sputc.o(.text)
    _snputc                                  0x08000d4f   Thumb Code    16  _snputc.o(.text)
    _printf_cs_common                        0x08000d5f   Thumb Code    20  _printf_char.o(.text)
    _printf_char                             0x08000d73   Thumb Code    16  _printf_char.o(.text)
    _printf_string                           0x08000d83   Thumb Code     8  _printf_char.o(.text)
    _chval                                   0x08000d8b   Thumb Code    28  _chval.o(.text)
    _scanf_really_real                       0x08000ff5   Thumb Code   684  scanf_fp.o(.text)
    __vfscanf_char                           0x080012ad   Thumb Code    24  scanf_char.o(.text)
    _sgetc                                   0x080012cd   Thumb Code    30  _sgetc.o(.text)
    _sbackspace                              0x080012eb   Thumb Code    34  _sgetc.o(.text)
    strtol                                   0x0800130d   Thumb Code   112  strtol.o(.text)
    __aeabi_memcpy4                          0x0800137d   Thumb Code     0  rt_memcpy_w.o(.text)
    __aeabi_memcpy8                          0x0800137d   Thumb Code     0  rt_memcpy_w.o(.text)
    __rt_memcpy_w                            0x0800137d   Thumb Code   100  rt_memcpy_w.o(.text)
    _memcpy_lastbytes_aligned                0x080013c5   Thumb Code     0  rt_memcpy_w.o(.text)
    __aeabi_memclr4                          0x080013e1   Thumb Code     0  rt_memclr_w.o(.text)
    __aeabi_memclr8                          0x080013e1   Thumb Code     0  rt_memclr_w.o(.text)
    __rt_memclr_w                            0x080013e1   Thumb Code    78  rt_memclr_w.o(.text)
    _memset_w                                0x080013e5   Thumb Code     0  rt_memclr_w.o(.text)
    __user_libspace                          0x08001431   Thumb Code     8  libspace.o(.text)
    __user_perproc_libspace                  0x08001431   Thumb Code     0  libspace.o(.text)
    __user_perthread_libspace                0x08001431   Thumb Code     0  libspace.o(.text)
    __rt_ctype_table                         0x08001439   Thumb Code    16  rt_ctype_table.o(.text)
    __rt_locale                              0x08001449   Thumb Code     8  rt_locale_intlibspace.o(.text)
    _ll_udiv10                               0x08001451   Thumb Code   138  lludiv10.o(.text)
    isspace                                  0x080014db   Thumb Code    18  isspace.o(.text)
    _printf_fp_infnan                        0x080014ed   Thumb Code   112  _printf_fp_infnan.o(.text)
    __vfscanf                                0x0800156d   Thumb Code   878  _scanf.o(.text)
    _strtoul                                 0x080018e1   Thumb Code   158  _strtoul.o(.text)
    _btod_etento                             0x08001981   Thumb Code   224  bigflt0.o(.text)
    __user_setup_stackheap                   0x08001a65   Thumb Code    74  sys_stackheap_outer.o(.text)
    __read_errno                             0x08001aaf   Thumb Code    10  _rserrno.o(.text)
    __set_errno                              0x08001ab9   Thumb Code    12  _rserrno.o(.text)
    _scanf_really_hex_real                   0x08001ac5   Thumb Code   786  scanf_hexfp.o(.text)
    _scanf_really_infnan                     0x08001de5   Thumb Code   292  scanf_infnan.o(.text)
    exit                                     0x08001f19   Thumb Code    18  exit.o(.text)
    strcmp                                   0x08001f2d   Thumb Code   128  strcmpv7m.o(.text)
    __aeabi_llsl                             0x08001fad   Thumb Code     0  llshl.o(.text)
    _ll_shift_l                              0x08001fad   Thumb Code    38  llshl.o(.text)
    _sys_exit                                0x08001fd5   Thumb Code     8  sys_exit.o(.text)
    __I$use$semihosting                      0x08001fe1   Thumb Code     0  use_no_semi.o(.text)
    __use_no_semihosting_swi                 0x08001fe1   Thumb Code     2  use_no_semi.o(.text)
    __semihosting_library_function           0x08001fe3   Thumb Code     0  indicate_semi.o(.text)
    _btod_d2e                                0x08001fe3   Thumb Code    62  btod.o(CL$$btod_d2e)
    _d2e_denorm_low                          0x08002021   Thumb Code    70  btod.o(CL$$btod_d2e_denorm_low)
    _d2e_norm_op1                            0x08002067   Thumb Code    96  btod.o(CL$$btod_d2e_norm_op1)
    __btod_div_common                        0x080020c7   Thumb Code   696  btod.o(CL$$btod_div_common)
    _e2d                                     0x08002401   Thumb Code   122  btod.o(CL$$btod_e2d)
    _e2e                                     0x08002485   Thumb Code   220  btod.o(CL$$btod_e2e)
    _btod_ediv                               0x08002561   Thumb Code    42  btod.o(CL$$btod_ediv)
    _btod_edivd                              0x0800258b   Thumb Code    42  btod.o(CL$$btod_edivd)
    _btod_emul                               0x080025b5   Thumb Code    42  btod.o(CL$$btod_emul)
    _btod_emuld                              0x080025df   Thumb Code    42  btod.o(CL$$btod_emuld)
    __btod_mult_common                       0x08002609   Thumb Code   580  btod.o(CL$$btod_mult_common)
    ClearBuffer                              0x0800284d   Thumb Code    16  util.o(i.ClearBuffer)
    ESP_Init_Station_Server                  0x0800285d   Thumb Code   126  esp.o(i.ESP_Init_Station_Server)
    ESP_SendCommand                          0x08002975   Thumb Code    30  esp.o(i.ESP_SendCommand)
    GPIO_Init                                0x08002995   Thumb Code    28  spi.o(i.GPIO_Init)
    GSM_Init                                 0x080029bd   Thumb Code    86  gsm.o(i.GSM_Init)
    GSM_SendCommand                          0x08002a7d   Thumb Code    22  gsm.o(i.GSM_SendCommand)
    GSM_SendData                             0x08002a95   Thumb Code   182  gsm.o(i.GSM_SendData)
    IWDG_Init                                0x08002bcd   Thumb Code    46  util.o(i.IWDG_Init)
    IWDG_Refresh                             0x08002c01   Thumb Code    14  util.o(i.IWDG_Refresh)
    LoRa_Receive_Mode                        0x08002c15   Thumb Code    32  sx1278.o(i.LoRa_Receive_Mode)
    Parse_ESP_Data                           0x08002c71   Thumb Code   136  esp.o(i.Parse_ESP_Data)
    Parse_LoRa_Data                          0x08002d61   Thumb Code   118  sx1278.o(i.Parse_LoRa_Data)
    SPI1_Init                                0x08002e39   Thumb Code    62  spi.o(i.SPI1_Init)
    SX1278_BurstRead                         0x08002e89   Thumb Code    78  sx1278.o(i.SX1278_BurstRead)
    SX1278_LoRaEntryRx1                      0x08002ee1   Thumb Code   120  sx1278.o(i.SX1278_LoRaEntryRx1)
    SX1278_LoRaRxPacket1                     0x08002f5d   Thumb Code    64  sx1278.o(i.SX1278_LoRaRxPacket1)
    SX1278_begin1                            0x08002fa9   Thumb Code     4  sx1278.o(i.SX1278_begin1)
    SX1278_clearLoRaIrq1                     0x08002fad   Thumb Code     8  sx1278.o(i.SX1278_clearLoRaIrq1)
    SX1278_config1                           0x08002fb5   Thumb Code   180  sx1278.o(i.SX1278_config1)
    SX1278_defaultConfig1                    0x08003071   Thumb Code     4  sx1278.o(i.SX1278_defaultConfig1)
    SX1278_entryLoRa1                        0x08003075   Thumb Code    60  sx1278.o(i.SX1278_entryLoRa1)
    SX1278_hw_DelayMs                        0x080030b9   Thumb Code    10  sx1278.o(i.SX1278_hw_DelayMs)
    SX1278_hw_Reset1                         0x080030c5   Thumb Code    46  sx1278.o(i.SX1278_hw_Reset1)
    SX1278_read1                             0x080030fd   Thumb Code    28  sx1278.o(i.SX1278_read1)
    SX1278_sleep1                            0x08003121   Thumb Code    64  sx1278.o(i.SX1278_sleep1)
    SX1278_standby1                          0x08003169   Thumb Code    60  sx1278.o(i.SX1278_standby1)
    SendChar_usart1                          0x080031ad   Thumb Code    12  usart.o(i.SendChar_usart1)
    SendChar_usart2                          0x080031bd   Thumb Code    16  usart.o(i.SendChar_usart2)
    SendChar_usart3                          0x080031d1   Thumb Code    16  usart.o(i.SendChar_usart3)
    SendChar_usart6                          0x080031e5   Thumb Code    16  usart.o(i.SendChar_usart6)
    SendTxt_usart1                           0x080031f9   Thumb Code    20  usart.o(i.SendTxt_usart1)
    SendTxt_usart2                           0x0800320d   Thumb Code    20  usart.o(i.SendTxt_usart2)
    SendTxt_usart3                           0x08003221   Thumb Code    20  usart.o(i.SendTxt_usart3)
    SendTxt_usart6                           0x08003235   Thumb Code    20  usart.o(i.SendTxt_usart6)
    SystemInit                               0x08003249   Thumb Code    12  system_stm32f4xx.o(i.SystemInit)
    USART1_Init                              0x08003259   Thumb Code    84  usart.o(i.USART1_Init)
    USART2_IRQHandler                        0x080032b9   Thumb Code   108  usart.o(i.USART2_IRQHandler)
    USART2_Init                              0x0800334d   Thumb Code   110  usart.o(i.USART2_Init)
    USART3_Init                              0x080033c9   Thumb Code   114  usart.o(i.USART3_Init)
    USART6_IRQHandler                        0x08003449   Thumb Code    76  usart.o(i.USART6_IRQHandler)
    USART6_Init                              0x080034a5   Thumb Code    86  usart.o(i.USART6_Init)
    __ARM_fpclassify                         0x08003509   Thumb Code    48  fpclassify.o(i.__ARM_fpclassify)
    __hardfp___mathlib_tofloat               0x08003579   Thumb Code   232  narrow.o(i.__hardfp___mathlib_tofloat)
    __hardfp_ldexp                           0x08003671   Thumb Code   200  ldexp.o(i.__hardfp_ldexp)
    __mathlib_dbl_overflow                   0x08003741   Thumb Code    24  dunder.o(i.__mathlib_dbl_overflow)
    __mathlib_dbl_underflow                  0x08003761   Thumb Code    24  dunder.o(i.__mathlib_dbl_underflow)
    __mathlib_narrow                         0x08003781   Thumb Code    18  narrow.o(i.__mathlib_narrow)
    __support_ldexp                          0x08003793   Thumb Code    20  ldexp.o(i.__support_ldexp)
    _is_digit                                0x080037a7   Thumb Code    14  __printf_wp.o(i._is_digit)
    all_data_res                             0x080037b5   Thumb Code   152  webserver.o(i.all_data_res)
    config_register                          0x08003951   Thumb Code    66  sx1278.o(i.config_register)
    delay                                    0x0800399d   Thumb Code     8  sx1278.o(i.delay)
    delay_ms                                 0x080039a5   Thumb Code    50  util.o(i.delay_ms)
    extractLinkID                            0x080039dd   Thumb Code    26  webserver.o(i.extractLinkID)
    frexp                                    0x08003a01   Thumb Code   118  frexp.o(i.frexp)
    main                                     0x08003a8d   Thumb Code   170  main.o(i.main)
    processRequest                           0x08003b55   Thumb Code   286  webserver.o(i.processRequest)
    read_adress                              0x08003dbd   Thumb Code    66  sx1278.o(i.read_adress)
    sendHTML                                 0x08003e09   Thumb Code   116  webserver.o(i.sendHTML)
    waitForResponse                          0x08003e9d   Thumb Code    26  esp.o(i.waitForResponse)
    _get_lc_numeric                          0x08003ebd   Thumb Code    44  lc_numeric_c.o(locale$$code)
    _get_lc_ctype                            0x08003ee9   Thumb Code    44  lc_ctype_c.o(locale$$code)
    __aeabi_d2f                              0x08003f15   Thumb Code     0  d2f.o(x$fpl$d2f)
    _d2f                                     0x08003f15   Thumb Code    98  d2f.o(x$fpl$d2f)
    __fpl_dcheck_NaN1                        0x08003f79   Thumb Code    10  dcheck1.o(x$fpl$dcheck1)
    __fpl_dcmp_Inf                           0x08003f89   Thumb Code    24  dcmpi.o(x$fpl$dcmpinf)
    __aeabi_cdcmpeq                          0x08003fa1   Thumb Code     0  deqf.o(x$fpl$deqf)
    _dcmpeq                                  0x08003fa1   Thumb Code   120  deqf.o(x$fpl$deqf)
    __aeabi_cdcmple                          0x08004019   Thumb Code     0  dleqf.o(x$fpl$dleqf)
    _dcmple                                  0x08004019   Thumb Code   120  dleqf.o(x$fpl$dleqf)
    __fpl_dcmple_InfNaN                      0x0800407b   Thumb Code     0  dleqf.o(x$fpl$dleqf)
    __aeabi_dmul                             0x08004091   Thumb Code     0  dmul.o(x$fpl$dmul)
    _dmul                                    0x08004091   Thumb Code   332  dmul.o(x$fpl$dmul)
    __fpl_dnaninf                            0x080041e5   Thumb Code   156  dnaninf.o(x$fpl$dnaninf)
    __fpl_dretinf                            0x08004281   Thumb Code    12  dretinf.o(x$fpl$dretinf)
    __aeabi_cdrcmple                         0x0800428d   Thumb Code     0  drleqf.o(x$fpl$drleqf)
    _drcmple                                 0x0800428d   Thumb Code   108  drleqf.o(x$fpl$drleqf)
    __aeabi_f2d                              0x080042f9   Thumb Code     0  f2d.o(x$fpl$f2d)
    _f2d                                     0x080042f9   Thumb Code    86  f2d.o(x$fpl$f2d)
    __fpl_fnaninf                            0x0800434f   Thumb Code   140  fnaninf.o(x$fpl$fnaninf)
    _fp_init                                 0x080043db   Thumb Code    10  fpinit.o(x$fpl$fpinit)
    __fplib_config_fpu_vfp                   0x080043e3   Thumb Code     0  fpinit.o(x$fpl$fpinit)
    __fplib_config_pureend_doubles           0x080043e3   Thumb Code     0  fpinit.o(x$fpl$fpinit)
    __fpl_fretinf                            0x080043e5   Thumb Code    10  fretinf.o(x$fpl$fretinf)
    __ieee_status                            0x080043ef   Thumb Code     6  istatus.o(x$fpl$ieeestatus)
    _printf_fp_dec                           0x080043f5   Thumb Code     4  printf1.o(x$fpl$printf1)
    __fpl_return_NaN                         0x080043f9   Thumb Code   100  retnan.o(x$fpl$retnan)
    __ARM_scalbn                             0x0800445d   Thumb Code    92  scalbn.o(x$fpl$scalbn)
    _scanf_real                              0x080044b9   Thumb Code     4  scanf1.o(x$fpl$scanf1)
    _scanf_hex_real                          0x080044bd   Thumb Code     4  scanf2.o(x$fpl$scanf2)
    _scanf_infnan                            0x080044c1   Thumb Code     4  scanf2.o(x$fpl$scanf2)
    __fpl_cmpreturn                          0x080044c5   Thumb Code    48  trapv.o(x$fpl$trapveneer)
    Login_Page                               0x080044f4   Data        1204  webserver.o(.constdata)
    __I$use$fp                               0x080044f4   Number         0  usenofp.o(x$fpl$usenofp)
    main_page                                0x080049a8   Data        1148  webserver.o(.constdata)
    Data_Center_page                         0x08004e24   Data        2500  webserver.o(.constdata)
    server_config_page                       0x080057e8   Data        2364  webserver.o(.constdata)
    server_config_page_LORAon_ESPoff         0x08006124   Data        2368  webserver.o(.constdata)
    server_config_page_LORAon_ESPon          0x08006a64   Data        2372  webserver.o(.constdata)
    server_config_page_LORAoff_ESPon         0x080073a8   Data        2368  webserver.o(.constdata)
    Region$$Table$$Base                      0x08007e68   Number         0  anon$$obj.o(Region$$Table)
    Region$$Table$$Limit                     0x08007e88   Number         0  anon$$obj.o(Region$$Table)
    __aeabi_HUGE_VAL                         0x08007e88   Data           0  fpconst.o(c$$dinf)
    __aeabi_HUGE_VALL                        0x08007e88   Data           0  fpconst.o(c$$dinf)
    __aeabi_INFINITY                         0x08007e88   Data           0  fpconst.o(c$$dinf)
    __dInf                                   0x08007e88   Data           0  fpconst.o(c$$dinf)
    __huge_val                               0x08007e88   Data           0  fpconst.o(c$$dinf)
    __dbl_max                                0x08007e90   Data           0  fpconst.o(c$$dmax)
    __ctype                                  0x08007ec1   Data           0  lc_ctype_c.o(locale$$data)
    j                                        0x20000000   Data           4  main.o(.data)
    pagenumb                                 0x20000004   Data           1  main.o(.data)
    flag_esp                                 0x20000008   Data           1  main.o(.data)
    flag_lora                                0x20000009   Data           1  main.o(.data)
    browrser_request                         0x2000000a   Data           1  main.o(.data)
    lora_active                              0x2000000b   Data           1  main.o(.data)
    esp_active                               0x2000000c   Data           1  main.o(.data)
    ret                                      0x2000000d   Data           1  main.o(.data)
    Esp_temperature                          0x20000010   Data           4  main.o(.data)
    Lora_temperature                         0x20000014   Data           4  main.o(.data)
    Esp_ADC_Value                            0x20000018   Data           6  main.o(.data)
    Lora_ADC_Value                           0x2000001e   Data           6  main.o(.data)
    i                                        0x20000024   Data           4  main.o(.data)
    linkID                                   0x20000028   Data           1  main.o(.data)
    readBytes                                0x20000029   Data           1  sx1278.o(.data)
    SystemCoreClock                          0x2000002c   Data           4  system_stm32f4xx.o(.data)
    buffer                                   0x20000030   Data          64  main.o(.bss)
    CpyBuffer                                0x20000070   Data         500  main.o(.bss)
    cmdBuffer                                0x20000264   Data         500  main.o(.bss)
    RX2_Buffer                               0x20000458   Data         500  main.o(.bss)
    RX6_BUFFER                               0x2000064c   Data         500  main.o(.bss)
    CpyBuffer2                               0x20000840   Data         500  main.o(.bss)
    rxBuffer1                                0x20000a34   Data         256  sx1278.o(.bss)
    __libspace_start                         0x20000b34   Data          96  libspace.o(.bss)
    __temporary_stack_top$libspace           0x20000b94   Data           0  libspace.o(.bss)



==============================================================================

Memory Map of the image

  Image Entry point : 0x08000261

  Load Region LR_1 (Base: 0x08000000, Size: 0x00007ff4, Max: 0xffffffff, ABSOLUTE)

    Execution Region ER_RO (Exec base: 0x08000000, Load base: 0x08000000, Size: 0x00007fc4, Max: 0xffffffff, ABSOLUTE)

    Exec Addr    Load Addr    Size         Type   Attr      Idx    E Section Name        Object

    0x08000000   0x08000000   0x00000188   Data   RO          769    RESET               startup_stm32f407xx.o
    0x08000188   0x08000188   0x00000008   Code   RO          873  * !!!main             c_w.l(__main.o)
    0x08000190   0x08000190   0x00000034   Code   RO         1226    !!!scatter          c_w.l(__scatter.o)
    0x080001c4   0x080001c4   0x0000001a   Code   RO         1228    !!handler_copy      c_w.l(__scatter_copy.o)
    0x080001de   0x080001de   0x00000002   PAD
    0x080001e0   0x080001e0   0x0000001c   Code   RO         1230    !!handler_zi        c_w.l(__scatter_zi.o)
    0x080001fc   0x080001fc   0x00000000   Code   RO          854    .ARM.Collect$$_printf_percent$$00000000  c_w.l(_printf_percent.o)
    0x080001fc   0x080001fc   0x00000006   Code   RO          853    .ARM.Collect$$_printf_percent$$00000003  c_w.l(_printf_f.o)
    0x08000202   0x08000202   0x00000006   Code   RO          851    .ARM.Collect$$_printf_percent$$00000009  c_w.l(_printf_d.o)
    0x08000208   0x08000208   0x00000006   Code   RO          852    .ARM.Collect$$_printf_percent$$0000000A  c_w.l(_printf_u.o)
    0x0800020e   0x0800020e   0x00000006   Code   RO          850    .ARM.Collect$$_printf_percent$$00000014  c_w.l(_printf_s.o)
    0x08000214   0x08000214   0x00000004   Code   RO          899    .ARM.Collect$$_printf_percent$$00000017  c_w.l(_printf_percent_end.o)
    0x08000218   0x08000218   0x00000002   Code   RO         1026    .ARM.Collect$$libinit$$00000000  c_w.l(libinit.o)
    0x0800021a   0x0800021a   0x00000004   Code   RO         1027    .ARM.Collect$$libinit$$00000001  c_w.l(libinit2.o)
    0x0800021e   0x0800021e   0x00000000   Code   RO         1030    .ARM.Collect$$libinit$$00000004  c_w.l(libinit2.o)
    0x0800021e   0x0800021e   0x00000000   Code   RO         1033    .ARM.Collect$$libinit$$0000000A  c_w.l(libinit2.o)
    0x0800021e   0x0800021e   0x00000000   Code   RO         1035    .ARM.Collect$$libinit$$0000000C  c_w.l(libinit2.o)
    0x0800021e   0x0800021e   0x00000000   Code   RO         1037    .ARM.Collect$$libinit$$0000000E  c_w.l(libinit2.o)
    0x0800021e   0x0800021e   0x00000006   Code   RO         1038    .ARM.Collect$$libinit$$0000000F  c_w.l(libinit2.o)
    0x08000224   0x08000224   0x00000000   Code   RO         1040    .ARM.Collect$$libinit$$00000011  c_w.l(libinit2.o)
    0x08000224   0x08000224   0x0000000c   Code   RO         1041    .ARM.Collect$$libinit$$00000012  c_w.l(libinit2.o)
    0x08000230   0x08000230   0x00000000   Code   RO         1042    .ARM.Collect$$libinit$$00000013  c_w.l(libinit2.o)
    0x08000230   0x08000230   0x00000000   Code   RO         1044    .ARM.Collect$$libinit$$00000015  c_w.l(libinit2.o)
    0x08000230   0x08000230   0x0000000a   Code   RO         1045    .ARM.Collect$$libinit$$00000016  c_w.l(libinit2.o)
    0x0800023a   0x0800023a   0x00000000   Code   RO         1046    .ARM.Collect$$libinit$$00000017  c_w.l(libinit2.o)
    0x0800023a   0x0800023a   0x00000000   Code   RO         1048    .ARM.Collect$$libinit$$00000019  c_w.l(libinit2.o)
    0x0800023a   0x0800023a   0x00000000   Code   RO         1050    .ARM.Collect$$libinit$$0000001B  c_w.l(libinit2.o)
    0x0800023a   0x0800023a   0x00000000   Code   RO         1052    .ARM.Collect$$libinit$$0000001D  c_w.l(libinit2.o)
    0x0800023a   0x0800023a   0x00000000   Code   RO         1054    .ARM.Collect$$libinit$$0000001F  c_w.l(libinit2.o)
    0x0800023a   0x0800023a   0x00000000   Code   RO         1056    .ARM.Collect$$libinit$$00000021  c_w.l(libinit2.o)
    0x0800023a   0x0800023a   0x00000000   Code   RO         1058    .ARM.Collect$$libinit$$00000023  c_w.l(libinit2.o)
    0x0800023a   0x0800023a   0x00000000   Code   RO         1060    .ARM.Collect$$libinit$$00000025  c_w.l(libinit2.o)
    0x0800023a   0x0800023a   0x00000000   Code   RO         1064    .ARM.Collect$$libinit$$0000002C  c_w.l(libinit2.o)
    0x0800023a   0x0800023a   0x00000000   Code   RO         1066    .ARM.Collect$$libinit$$0000002E  c_w.l(libinit2.o)
    0x0800023a   0x0800023a   0x00000000   Code   RO         1068    .ARM.Collect$$libinit$$00000030  c_w.l(libinit2.o)
    0x0800023a   0x0800023a   0x00000000   Code   RO         1070    .ARM.Collect$$libinit$$00000032  c_w.l(libinit2.o)
    0x0800023a   0x0800023a   0x00000002   Code   RO         1071    .ARM.Collect$$libinit$$00000033  c_w.l(libinit2.o)
    0x0800023c   0x0800023c   0x00000002   Code   RO         1158    .ARM.Collect$$libshutdown$$00000000  c_w.l(libshutdown.o)
    0x0800023e   0x0800023e   0x00000000   Code   RO         1181    .ARM.Collect$$libshutdown$$00000002  c_w.l(libshutdown2.o)
    0x0800023e   0x0800023e   0x00000000   Code   RO         1183    .ARM.Collect$$libshutdown$$00000004  c_w.l(libshutdown2.o)
    0x0800023e   0x0800023e   0x00000000   Code   RO         1186    .ARM.Collect$$libshutdown$$00000007  c_w.l(libshutdown2.o)
    0x0800023e   0x0800023e   0x00000000   Code   RO         1189    .ARM.Collect$$libshutdown$$0000000A  c_w.l(libshutdown2.o)
    0x0800023e   0x0800023e   0x00000000   Code   RO         1191    .ARM.Collect$$libshutdown$$0000000C  c_w.l(libshutdown2.o)
    0x0800023e   0x0800023e   0x00000000   Code   RO         1194    .ARM.Collect$$libshutdown$$0000000F  c_w.l(libshutdown2.o)
    0x0800023e   0x0800023e   0x00000002   Code   RO         1195    .ARM.Collect$$libshutdown$$00000010  c_w.l(libshutdown2.o)
    0x08000240   0x08000240   0x00000000   Code   RO          881    .ARM.Collect$$rtentry$$00000000  c_w.l(__rtentry.o)
    0x08000240   0x08000240   0x00000000   Code   RO          923    .ARM.Collect$$rtentry$$00000002  c_w.l(__rtentry2.o)
    0x08000240   0x08000240   0x00000006   Code   RO          935    .ARM.Collect$$rtentry$$00000004  c_w.l(__rtentry4.o)
    0x08000246   0x08000246   0x00000000   Code   RO          925    .ARM.Collect$$rtentry$$00000009  c_w.l(__rtentry2.o)
    0x08000246   0x08000246   0x00000004   Code   RO          926    .ARM.Collect$$rtentry$$0000000A  c_w.l(__rtentry2.o)
    0x0800024a   0x0800024a   0x00000000   Code   RO          928    .ARM.Collect$$rtentry$$0000000C  c_w.l(__rtentry2.o)
    0x0800024a   0x0800024a   0x00000008   Code   RO          929    .ARM.Collect$$rtentry$$0000000D  c_w.l(__rtentry2.o)
    0x08000252   0x08000252   0x00000002   Code   RO         1084    .ARM.Collect$$rtexit$$00000000  c_w.l(rtexit.o)
    0x08000254   0x08000254   0x00000000   Code   RO         1119    .ARM.Collect$$rtexit$$00000002  c_w.l(rtexit2.o)
    0x08000254   0x08000254   0x00000004   Code   RO         1120    .ARM.Collect$$rtexit$$00000003  c_w.l(rtexit2.o)
    0x08000258   0x08000258   0x00000006   Code   RO         1121    .ARM.Collect$$rtexit$$00000004  c_w.l(rtexit2.o)
    0x0800025e   0x0800025e   0x00000002   PAD
    0x08000260   0x08000260   0x00000040   Code   RO          770  * .text               startup_stm32f407xx.o
    0x080002a0   0x080002a0   0x00000028   Code   RO          818    .text               c_w.l(noretval__2sprintf.o)
    0x080002c8   0x080002c8   0x00000034   Code   RO          820    .text               c_w.l(noretval__2snprintf.o)
    0x080002fc   0x080002fc   0x00000024   Code   RO          824    .text               c_w.l(_printf_truncate.o)
    0x08000320   0x08000320   0x00000052   Code   RO          826    .text               c_w.l(_printf_str.o)
    0x08000372   0x08000372   0x00000002   PAD
    0x08000374   0x08000374   0x00000078   Code   RO          828    .text               c_w.l(_printf_dec.o)
    0x080003ec   0x080003ec   0x00000160   Code   RO          845    .text               c_w.l(__printf_ss_wp.o)
    0x0800054c   0x0800054c   0x0000003c   Code   RO          855    .text               c_w.l(__0sscanf.o)
    0x08000588   0x08000588   0x0000014c   Code   RO          857    .text               c_w.l(_scanf_int.o)
    0x080006d4   0x080006d4   0x0000001a   Code   RO          859    .text               c_w.l(atoi.o)
    0x080006ee   0x080006ee   0x00000024   Code   RO          861    .text               c_w.l(strstr.o)
    0x08000712   0x08000712   0x0000003e   Code   RO          863    .text               c_w.l(strlen.o)
    0x08000750   0x08000750   0x00000018   Code   RO          865    .text               c_w.l(strcat.o)
    0x08000768   0x08000768   0x0000008a   Code   RO          867    .text               c_w.l(rt_memcpy_v6.o)
    0x080007f2   0x080007f2   0x00000044   Code   RO          869    .text               c_w.l(rt_memclr.o)
    0x08000836   0x08000836   0x00000006   Code   RO          871    .text               c_w.l(heapauxi.o)
    0x0800083c   0x0800083c   0x00000008   Code   RO          885    .text               c_w.l(rt_errno_addr_intlibspace.o)
    0x08000844   0x08000844   0x000000b2   Code   RO          887    .text               c_w.l(_printf_intcommon.o)
    0x080008f6   0x080008f6   0x0000041e   Code   RO          889    .text               c_w.l(_printf_fp_dec.o)
    0x08000d14   0x08000d14   0x00000030   Code   RO          891    .text               c_w.l(_printf_char_common.o)
    0x08000d44   0x08000d44   0x0000000a   Code   RO          893    .text               c_w.l(_sputc.o)
    0x08000d4e   0x08000d4e   0x00000010   Code   RO          895    .text               c_w.l(_snputc.o)
    0x08000d5e   0x08000d5e   0x0000002c   Code   RO          897    .text               c_w.l(_printf_char.o)
    0x08000d8a   0x08000d8a   0x0000001c   Code   RO          900    .text               c_w.l(_chval.o)
    0x08000da6   0x08000da6   0x00000002   PAD
    0x08000da8   0x08000da8   0x000004f8   Code   RO          902    .text               c_w.l(scanf_fp.o)
    0x080012a0   0x080012a0   0x0000002c   Code   RO          904    .text               c_w.l(scanf_char.o)
    0x080012cc   0x080012cc   0x00000040   Code   RO          906    .text               c_w.l(_sgetc.o)
    0x0800130c   0x0800130c   0x00000070   Code   RO          908    .text               c_w.l(strtol.o)
    0x0800137c   0x0800137c   0x00000064   Code   RO          910    .text               c_w.l(rt_memcpy_w.o)
    0x080013e0   0x080013e0   0x0000004e   Code   RO          912    .text               c_w.l(rt_memclr_w.o)
    0x0800142e   0x0800142e   0x00000002   PAD
    0x08001430   0x08001430   0x00000008   Code   RO          919    .text               c_w.l(libspace.o)
    0x08001438   0x08001438   0x00000010   Code   RO          937    .text               c_w.l(rt_ctype_table.o)
    0x08001448   0x08001448   0x00000008   Code   RO          942    .text               c_w.l(rt_locale_intlibspace.o)
    0x08001450   0x08001450   0x0000008a   Code   RO          944    .text               c_w.l(lludiv10.o)
    0x080014da   0x080014da   0x00000012   Code   RO          946    .text               c_w.l(isspace.o)
    0x080014ec   0x080014ec   0x00000080   Code   RO          948    .text               c_w.l(_printf_fp_infnan.o)
    0x0800156c   0x0800156c   0x00000374   Code   RO          952    .text               c_w.l(_scanf.o)
    0x080018e0   0x080018e0   0x0000009e   Code   RO          954    .text               c_w.l(_strtoul.o)
    0x0800197e   0x0800197e   0x00000002   PAD
    0x08001980   0x08001980   0x000000e4   Code   RO          956    .text               c_w.l(bigflt0.o)
    0x08001a64   0x08001a64   0x0000004a   Code   RO         1006    .text               c_w.l(sys_stackheap_outer.o)
    0x08001aae   0x08001aae   0x00000016   Code   RO         1008    .text               c_w.l(_rserrno.o)
    0x08001ac4   0x08001ac4   0x00000320   Code   RO         1010    .text               c_w.l(scanf_hexfp.o)
    0x08001de4   0x08001de4   0x00000134   Code   RO         1012    .text               c_w.l(scanf_infnan.o)
    0x08001f18   0x08001f18   0x00000012   Code   RO         1017    .text               c_w.l(exit.o)
    0x08001f2a   0x08001f2a   0x00000002   PAD
    0x08001f2c   0x08001f2c   0x00000080   Code   RO         1019    .text               c_w.l(strcmpv7m.o)
    0x08001fac   0x08001fac   0x00000026   Code   RO         1086    .text               c_w.l(llshl.o)
    0x08001fd2   0x08001fd2   0x00000002   PAD
    0x08001fd4   0x08001fd4   0x0000000c   Code   RO         1148    .text               c_w.l(sys_exit.o)
    0x08001fe0   0x08001fe0   0x00000002   Code   RO         1171    .text               c_w.l(use_no_semi.o)
    0x08001fe2   0x08001fe2   0x00000000   Code   RO         1173    .text               c_w.l(indicate_semi.o)
    0x08001fe2   0x08001fe2   0x0000003e   Code   RO          959    CL$$btod_d2e        c_w.l(btod.o)
    0x08002020   0x08002020   0x00000046   Code   RO          961    CL$$btod_d2e_denorm_low  c_w.l(btod.o)
    0x08002066   0x08002066   0x00000060   Code   RO          960    CL$$btod_d2e_norm_op1  c_w.l(btod.o)
    0x080020c6   0x080020c6   0x00000338   Code   RO          969    CL$$btod_div_common  c_w.l(btod.o)
    0x080023fe   0x080023fe   0x00000002   PAD
    0x08002400   0x08002400   0x00000084   Code   RO          967    CL$$btod_e2d        c_w.l(btod.o)
    0x08002484   0x08002484   0x000000dc   Code   RO          966    CL$$btod_e2e        c_w.l(btod.o)
    0x08002560   0x08002560   0x0000002a   Code   RO          963    CL$$btod_ediv       c_w.l(btod.o)
    0x0800258a   0x0800258a   0x0000002a   Code   RO          965    CL$$btod_edivd      c_w.l(btod.o)
    0x080025b4   0x080025b4   0x0000002a   Code   RO          962    CL$$btod_emul       c_w.l(btod.o)
    0x080025de   0x080025de   0x0000002a   Code   RO          964    CL$$btod_emuld      c_w.l(btod.o)
    0x08002608   0x08002608   0x00000244   Code   RO          968    CL$$btod_mult_common  c_w.l(btod.o)
    0x0800284c   0x0800284c   0x00000010   Code   RO          122    i.ClearBuffer       util.o
    0x0800285c   0x0800285c   0x00000118   Code   RO          301    i.ESP_Init_Station_Server  esp.o
    0x08002974   0x08002974   0x0000001e   Code   RO          302    i.ESP_SendCommand   esp.o
    0x08002992   0x08002992   0x00000002   PAD
    0x08002994   0x08002994   0x00000028   Code   RO          637    i.GPIO_Init         spi.o
    0x080029bc   0x080029bc   0x000000c0   Code   RO          667    i.GSM_Init          gsm.o
    0x08002a7c   0x08002a7c   0x00000016   Code   RO          668    i.GSM_SendCommand   gsm.o
    0x08002a92   0x08002a92   0x00000002   PAD
    0x08002a94   0x08002a94   0x00000138   Code   RO          669    i.GSM_SendData      gsm.o
    0x08002bcc   0x08002bcc   0x00000034   Code   RO          123    i.IWDG_Init         util.o
    0x08002c00   0x08002c00   0x00000014   Code   RO          124    i.IWDG_Refresh      util.o
    0x08002c14   0x08002c14   0x0000005c   Code   RO          355    i.LoRa_Receive_Mode  sx1278.o
    0x08002c70   0x08002c70   0x000000f0   Code   RO          303    i.Parse_ESP_Data    esp.o
    0x08002d60   0x08002d60   0x000000d8   Code   RO          356    i.Parse_LoRa_Data   sx1278.o
    0x08002e38   0x08002e38   0x00000050   Code   RO          638    i.SPI1_Init         spi.o
    0x08002e88   0x08002e88   0x00000058   Code   RO          357    i.SX1278_BurstRead  sx1278.o
    0x08002ee0   0x08002ee0   0x0000007c   Code   RO          360    i.SX1278_LoRaEntryRx1  sx1278.o
    0x08002f5c   0x08002f5c   0x0000004c   Code   RO          364    i.SX1278_LoRaRxPacket1  sx1278.o
    0x08002fa8   0x08002fa8   0x00000004   Code   RO          371    i.SX1278_begin1     sx1278.o
    0x08002fac   0x08002fac   0x00000008   Code   RO          373    i.SX1278_clearLoRaIrq1  sx1278.o
    0x08002fb4   0x08002fb4   0x000000bc   Code   RO          375    i.SX1278_config1    sx1278.o
    0x08003070   0x08003070   0x00000004   Code   RO          377    i.SX1278_defaultConfig1  sx1278.o
    0x08003074   0x08003074   0x00000044   Code   RO          379    i.SX1278_entryLoRa1  sx1278.o
    0x080030b8   0x080030b8   0x0000000a   Code   RO          380    i.SX1278_hw_DelayMs  sx1278.o
    0x080030c2   0x080030c2   0x00000002   PAD
    0x080030c4   0x080030c4   0x00000038   Code   RO          382    i.SX1278_hw_Reset1  sx1278.o
    0x080030fc   0x080030fc   0x00000024   Code   RO          386    i.SX1278_read1      sx1278.o
    0x08003120   0x08003120   0x00000048   Code   RO          389    i.SX1278_sleep1     sx1278.o
    0x08003168   0x08003168   0x00000044   Code   RO          391    i.SX1278_standby1   sx1278.o
    0x080031ac   0x080031ac   0x00000010   Code   RO          168    i.SendChar_usart1   usart.o
    0x080031bc   0x080031bc   0x00000014   Code   RO          169    i.SendChar_usart2   usart.o
    0x080031d0   0x080031d0   0x00000014   Code   RO          170    i.SendChar_usart3   usart.o
    0x080031e4   0x080031e4   0x00000014   Code   RO          171    i.SendChar_usart6   usart.o
    0x080031f8   0x080031f8   0x00000014   Code   RO          172    i.SendTxt_usart1    usart.o
    0x0800320c   0x0800320c   0x00000014   Code   RO          173    i.SendTxt_usart2    usart.o
    0x08003220   0x08003220   0x00000014   Code   RO          174    i.SendTxt_usart3    usart.o
    0x08003234   0x08003234   0x00000014   Code   RO          175    i.SendTxt_usart6    usart.o
    0x08003248   0x08003248   0x00000010   Code   RO          778    i.SystemInit        system_stm32f4xx.o
    0x08003258   0x08003258   0x00000060   Code   RO          176    i.USART1_Init       usart.o
    0x080032b8   0x080032b8   0x00000094   Code   RO          177    i.USART2_IRQHandler  usart.o
    0x0800334c   0x0800334c   0x0000007c   Code   RO          178    i.USART2_Init       usart.o
    0x080033c8   0x080033c8   0x00000080   Code   RO          179    i.USART3_Init       usart.o
    0x08003448   0x08003448   0x0000005c   Code   RO          180    i.USART6_IRQHandler  usart.o
    0x080034a4   0x080034a4   0x00000064   Code   RO          181    i.USART6_Init       usart.o
    0x08003508   0x08003508   0x00000030   Code   RO          996    i.__ARM_fpclassify  m_wm.l(fpclassify.o)
    0x08003538   0x08003538   0x0000001a   Code   RO          182    i.__NVIC_EnableIRQ  usart.o
    0x08003552   0x08003552   0x00000020   Code   RO            4    i.__NVIC_SetPriority  main.o
    0x08003572   0x08003572   0x00000006   PAD
    0x08003578   0x08003578   0x000000f8   Code   RO          998    i.__hardfp___mathlib_tofloat  m_wm.l(narrow.o)
    0x08003670   0x08003670   0x000000d0   Code   RO         1102    i.__hardfp_ldexp    m_wm.l(ldexp.o)
    0x08003740   0x08003740   0x00000020   Code   RO         1135    i.__mathlib_dbl_overflow  m_wm.l(dunder.o)
    0x08003760   0x08003760   0x00000020   Code   RO         1137    i.__mathlib_dbl_underflow  m_wm.l(dunder.o)
    0x08003780   0x08003780   0x00000012   Code   RO          999    i.__mathlib_narrow  m_wm.l(narrow.o)
    0x08003792   0x08003792   0x00000014   Code   RO         1104    i.__support_ldexp   m_wm.l(ldexp.o)
    0x080037a6   0x080037a6   0x0000000e   Code   RO          840    i._is_digit         c_w.l(__printf_wp.o)
    0x080037b4   0x080037b4   0x0000019c   Code   RO          714    i.all_data_res      webserver.o
    0x08003950   0x08003950   0x0000004c   Code   RO          393    i.config_register   sx1278.o
    0x0800399c   0x0800399c   0x00000008   Code   RO          394    i.delay             sx1278.o
    0x080039a4   0x080039a4   0x00000038   Code   RO          125    i.delay_ms          util.o
    0x080039dc   0x080039dc   0x00000024   Code   RO          715    i.extractLinkID     webserver.o
    0x08003a00   0x08003a00   0x0000008c   Code   RO         1080    i.frexp             m_wm.l(frexp.o)
    0x08003a8c   0x08003a8c   0x000000c8   Code   RO            5    i.main              main.o
    0x08003b54   0x08003b54   0x00000268   Code   RO          716    i.processRequest    webserver.o
    0x08003dbc   0x08003dbc   0x0000004c   Code   RO          395    i.read_adress       sx1278.o
    0x08003e08   0x08003e08   0x00000094   Code   RO          717    i.sendHTML          webserver.o
    0x08003e9c   0x08003e9c   0x00000020   Code   RO          304    i.waitForResponse   esp.o
    0x08003ebc   0x08003ebc   0x0000002c   Code   RO          982    locale$$code        c_w.l(lc_numeric_c.o)
    0x08003ee8   0x08003ee8   0x0000002c   Code   RO         1015    locale$$code        c_w.l(lc_ctype_c.o)
    0x08003f14   0x08003f14   0x00000062   Code   RO         1072    x$fpl$d2f           fz_wm.l(d2f.o)
    0x08003f76   0x08003f76   0x00000002   PAD
    0x08003f78   0x08003f78   0x00000010   Code   RO         1165    x$fpl$dcheck1       fz_wm.l(dcheck1.o)
    0x08003f88   0x08003f88   0x00000018   Code   RO         1090    x$fpl$dcmpinf       fz_wm.l(dcmpi.o)
    0x08003fa0   0x08003fa0   0x00000078   Code   RO         1074    x$fpl$deqf          fz_wm.l(deqf.o)
    0x08004018   0x08004018   0x00000078   Code   RO         1092    x$fpl$dleqf         fz_wm.l(dleqf.o)
    0x08004090   0x08004090   0x00000154   Code   RO         1094    x$fpl$dmul          fz_wm.l(dmul.o)
    0x080041e4   0x080041e4   0x0000009c   Code   RO         1096    x$fpl$dnaninf       fz_wm.l(dnaninf.o)
    0x08004280   0x08004280   0x0000000c   Code   RO          914    x$fpl$dretinf       fz_wm.l(dretinf.o)
    0x0800428c   0x0800428c   0x0000006c   Code   RO         1076    x$fpl$drleqf        fz_wm.l(drleqf.o)
    0x080042f8   0x080042f8   0x00000056   Code   RO          875    x$fpl$f2d           fz_wm.l(f2d.o)
    0x0800434e   0x0800434e   0x0000008c   Code   RO          916    x$fpl$fnaninf       fz_wm.l(fnaninf.o)
    0x080043da   0x080043da   0x0000000a   Code   RO         1098    x$fpl$fpinit        fz_wm.l(fpinit.o)
    0x080043e4   0x080043e4   0x0000000a   Code   RO         1100    x$fpl$fretinf       fz_wm.l(fretinf.o)
    0x080043ee   0x080043ee   0x00000006   Code   RO          988    x$fpl$ieeestatus    fz_wm.l(istatus.o)
    0x080043f4   0x080043f4   0x00000004   Code   RO          877    x$fpl$printf1       fz_wm.l(printf1.o)
    0x080043f8   0x080043f8   0x00000064   Code   RO         1196    x$fpl$retnan        fz_wm.l(retnan.o)
    0x0800445c   0x0800445c   0x0000005c   Code   RO         1129    x$fpl$scalbn        fz_wm.l(scalbn.o)
    0x080044b8   0x080044b8   0x00000004   Code   RO          879    x$fpl$scanf1        fz_wm.l(scanf1.o)
    0x080044bc   0x080044bc   0x00000008   Code   RO          990    x$fpl$scanf2        fz_wm.l(scanf2.o)
    0x080044c4   0x080044c4   0x00000030   Code   RO         1202    x$fpl$trapveneer    fz_wm.l(trapv.o)
    0x080044f4   0x080044f4   0x00000000   Code   RO          918    x$fpl$usenofp       fz_wm.l(usenofp.o)
    0x080044f4   0x080044f4   0x000037f4   Data   RO          718    .constdata          webserver.o
    0x08007ce8   0x08007ce8   0x00000094   Data   RO          957    .constdata          c_w.l(bigflt0.o)
    0x08007d7c   0x08007d7c   0x0000008d   Data   RO          671    .conststring        gsm.o
    0x08007e09   0x08007e09   0x00000003   PAD
    0x08007e0c   0x08007e0c   0x0000005c   Data   RO          719    .conststring        webserver.o
    0x08007e68   0x08007e68   0x00000020   Data   RO         1224    Region$$Table       anon$$obj.o
    0x08007e88   0x08007e88   0x00000008   Data   RO          984    c$$dinf             fz_wm.l(fpconst.o)
    0x08007e90   0x08007e90   0x00000008   Data   RO          987    c$$dmax             fz_wm.l(fpconst.o)
    0x08007e98   0x08007e98   0x0000001c   Data   RO          981    locale$$data        c_w.l(lc_numeric_c.o)
    0x08007eb4   0x08007eb4   0x00000110   Data   RO         1014    locale$$data        c_w.l(lc_ctype_c.o)


    Execution Region ER_RW (Exec base: 0x20000000, Load base: 0x08007fc4, Size: 0x00000030, Max: 0xffffffff, ABSOLUTE)

    Exec Addr    Load Addr    Size         Type   Attr      Idx    E Section Name        Object

    0x20000000   0x08007fc4   0x00000004   Data   RW           21    .data               main.o
    0x20000004   0x08007fc8   0x00000001   Data   RW           23    .data               main.o
    0x20000005   0x08007fc9   0x00000003   PAD
    0x20000008   0x08007fcc   0x0000001c   Data   RW           24    .data               main.o
    0x20000024   0x08007fe8   0x00000004   Data   RW           25    .data               main.o
    0x20000028   0x08007fec   0x00000001   Data   RW           26    .data               main.o
    0x20000029   0x08007fed   0x00000001   Data   RW          398    .data               sx1278.o
    0x2000002a   0x08007fee   0x00000002   PAD
    0x2000002c   0x08007ff0   0x00000004   Data   RW          781    .data               system_stm32f4xx.o


    Execution Region ER_ZI (Exec base: 0x20000030, Load base: 0x08007ff4, Size: 0x00001168, Max: 0xffffffff, ABSOLUTE)

    Exec Addr    Load Addr    Size         Type   Attr      Idx    E Section Name        Object

    0x20000030        -       0x00000234   Zero   RW            7    .bss                main.o
    0x20000264        -       0x000001f4   Zero   RW            8    .bss                main.o
    0x20000458        -       0x000001f4   Zero   RW            9    .bss                main.o
    0x2000064c        -       0x000001f4   Zero   RW           10    .bss                main.o
    0x20000840        -       0x000001f4   Zero   RW           11    .bss                main.o
    0x20000a34        -       0x00000100   Zero   RW          396    .bss                sx1278.o
    0x20000b34        -       0x00000060   Zero   RW          920    .bss                c_w.l(libspace.o)
    0x20000b94   0x08007ff4   0x00000004   PAD
    0x20000b98        -       0x00000200   Zero   RW          768    HEAP                startup_stm32f407xx.o
    0x20000d98        -       0x00000400   Zero   RW          767    STACK               startup_stm32f407xx.o


==============================================================================

Image component sizes


      Code (inc. data)   RO Data    RW Data    ZI Data      Debug   Object Name

       582        264          0          0          0       2839   esp.o
       526        236        141          0          0       2700   gsm.o
       232         30          0         38       2564     597911   main.o
       120         30          0          0          0       1068   spi.o
        64         26        392          0       1536        964   startup_stm32f407xx.o
      1270        254          0          1        256      16956   sx1278.o
        16          4          0          4          0       1739   system_stm32f4xx.o
       870        126          0          0          0      39127   usart.o
       144         18          0          0          0       2368   util.o
      1212        632      14416          0          0       4816   webserver.o

    ----------------------------------------------------------------------
      5048       1620      14984         48       4356     670488   Object Totals
         0          0         32          0          0          0   (incl. Generated)
        12          0          3          5          0          0   (incl. Padding)

    ----------------------------------------------------------------------

      Code (inc. data)   RO Data    RW Data    ZI Data      Debug   Library Member Name

        60          8          0          0          0         84   __0sscanf.o
         8          0          0          0          0         68   __main.o
       352          0          0          0          0         88   __printf_ss_wp.o
        14          0          0          0          0         68   __printf_wp.o
         0          0          0          0          0          0   __rtentry.o
        12          0          0          0          0          0   __rtentry2.o
         6          0          0          0          0          0   __rtentry4.o
        52          8          0          0          0          0   __scatter.o
        26          0          0          0          0          0   __scatter_copy.o
        28          0          0          0          0          0   __scatter_zi.o
        28          0          0          0          0         68   _chval.o
        44          0          0          0          0        108   _printf_char.o
        48          6          0          0          0         96   _printf_char_common.o
         6          0          0          0          0          0   _printf_d.o
       120         16          0          0          0         92   _printf_dec.o
         6          0          0          0          0          0   _printf_f.o
      1054          0          0          0          0        216   _printf_fp_dec.o
       128         16          0          0          0         84   _printf_fp_infnan.o
       178          0          0          0          0         88   _printf_intcommon.o
         0          0          0          0          0          0   _printf_percent.o
         4          0          0          0          0          0   _printf_percent_end.o
         6          0          0          0          0          0   _printf_s.o
        82          0          0          0          0         80   _printf_str.o
        36          0          0          0          0         84   _printf_truncate.o
         6          0          0          0          0          0   _printf_u.o
        22          0          0          0          0        100   _rserrno.o
       884          6          0          0          0        100   _scanf.o
       332          0          0          0          0         96   _scanf_int.o
        64          0          0          0          0         84   _sgetc.o
        16          0          0          0          0         68   _snputc.o
        10          0          0          0          0         68   _sputc.o
       158          0          0          0          0         92   _strtoul.o
        26          0          0          0          0         80   atoi.o
       228          4        148          0          0         96   bigflt0.o
      2152        136          0          0          0        960   btod.o
        18          0          0          0          0         80   exit.o
         6          0          0          0          0        152   heapauxi.o
         0          0          0          0          0          0   indicate_semi.o
        18          0          0          0          0         76   isspace.o
        44         10        272          0          0         76   lc_ctype_c.o
        44         10         28          0          0         76   lc_numeric_c.o
         2          0          0          0          0          0   libinit.o
        34          0          0          0          0          0   libinit2.o
         2          0          0          0          0          0   libshutdown.o
         2          0          0          0          0          0   libshutdown2.o
         8          4          0          0         96         68   libspace.o
        38          0          0          0          0         68   llshl.o
       138          0          0          0          0         80   lludiv10.o
        52          4          0          0          0         84   noretval__2snprintf.o
        40          6          0          0          0         84   noretval__2sprintf.o
        16          4          0          0          0         76   rt_ctype_table.o
         8          4          0          0          0         68   rt_errno_addr_intlibspace.o
         8          4          0          0          0         68   rt_locale_intlibspace.o
        68          0          0          0          0         68   rt_memclr.o
        78          0          0          0          0         80   rt_memclr_w.o
       138          0          0          0          0         68   rt_memcpy_v6.o
       100          0          0          0          0         80   rt_memcpy_w.o
         2          0          0          0          0          0   rtexit.o
        10          0          0          0          0          0   rtexit2.o
        44          8          0          0          0         84   scanf_char.o
      1272         16          0          0          0        168   scanf_fp.o
       800         14          0          0          0        100   scanf_hexfp.o
       308         16          0          0          0        100   scanf_infnan.o
        24          0          0          0          0         68   strcat.o
       128          0          0          0          0         68   strcmpv7m.o
        62          0          0          0          0         76   strlen.o
        36          0          0          0          0         80   strstr.o
       112          0          0          0          0         88   strtol.o
        12          4          0          0          0         68   sys_exit.o
        74          0          0          0          0         80   sys_stackheap_outer.o
         2          0          0          0          0         68   use_no_semi.o
        98          4          0          0          0        140   d2f.o
        16          4          0          0          0        116   dcheck1.o
        24          0          0          0          0        116   dcmpi.o
       120          4          0          0          0        140   deqf.o
       120          4          0          0          0        140   dleqf.o
       340         12          0          0          0        152   dmul.o
       156          4          0          0          0        140   dnaninf.o
        12          0          0          0          0        116   dretinf.o
       108          0          0          0          0        128   drleqf.o
        86          4          0          0          0        132   f2d.o
       140          4          0          0          0        132   fnaninf.o
         0          0         16          0          0          0   fpconst.o
        10          0          0          0          0        116   fpinit.o
        10          0          0          0          0        116   fretinf.o
         6          0          0          0          0        116   istatus.o
         4          0          0          0          0        116   printf1.o
       100          0          0          0          0        116   retnan.o
        92          0          0          0          0        116   scalbn.o
         4          0          0          0          0        116   scanf1.o
         8          0          0          0          0        132   scanf2.o
        48          0          0          0          0        116   trapv.o
         0          0          0          0          0          0   usenofp.o
        64         16          0          0          0        248   dunder.o
        48          0          0          0          0        124   fpclassify.o
       140         22          0          0          0        132   frexp.o
       228          8          0          0          0        308   ldexp.o
       266         16          0          0          0        308   narrow.o

    ----------------------------------------------------------------------
     12212        408        464          0        100       9000   Library Totals
        20          2          0          0          4          0   (incl. Padding)

    ----------------------------------------------------------------------

      Code (inc. data)   RO Data    RW Data    ZI Data      Debug   Library Name

      9944        304        448          0         96       5368   c_w.l
      1502         40         16          0          0       2512   fz_wm.l
       746         62          0          0          0       1120   m_wm.l

    ----------------------------------------------------------------------
     12212        408        464          0        100       9000   Library Totals

    ----------------------------------------------------------------------

==============================================================================


      Code (inc. data)   RO Data    RW Data    ZI Data      Debug   

     17260       2028      15448         48       4456     668820   Grand Totals
     17260       2028      15448         48       4456     668820   ELF Image Totals
     17260       2028      15448         48          0          0   ROM Totals

==============================================================================

    Total RO  Size (Code + RO Data)                32708 (  31.94kB)
    Total RW  Size (RW Data + ZI Data)              4504 (   4.40kB)
    Total ROM Size (Code + RO Data + RW Data)      32756 (  31.99kB)

==============================================================================

